[0.261s] DEBUG:colcon:Command line arguments: ['/usr/bin/colcon', 'build']
[0.261s] DEBUG:colcon:Parsed command line arguments: Namespace(log_base=None, log_level=None, verb_name='build', build_base='build', install_base='install', merge_install=False, symlink_install=False, test_result_base=None, continue_on_error=False, executor='parallel', parallel_workers=16, event_handlers=None, ignore_user_meta=False, metas=['./colcon.meta'], base_paths=['.'], packages_ignore=None, packages_ignore_regex=None, paths=None, packages_up_to=None, packages_up_to_regex=None, packages_above=None, packages_above_and_dependencies=None, packages_above_depth=None, packages_select_by_dep=None, packages_skip_by_dep=None, packages_skip_up_to=None, packages_select_build_failed=False, packages_skip_build_finished=False, packages_select_test_failures=False, packages_skip_test_passed=False, packages_select=None, packages_skip=None, packages_select_regex=None, packages_skip_regex=None, packages_start=None, packages_end=None, allow_overriding=[], cmake_args=None, cmake_target=None, cmake_target_skip_unavailable=False, cmake_clean_cache=False, cmake_clean_first=False, cmake_force_configure=False, ament_cmake_args=None, catkin_cmake_args=None, catkin_skip_building_tests=False, mixin_files=None, mixin=None, verb_parser=<colcon_mixin.mixin.mixin_argument.MixinArgumentDecorator object at 0x70edb77575b0>, verb_extension=<colcon_core.verb.build.BuildVerb object at 0x70edb78a4100>, main=<bound method BuildVerb.main of <colcon_core.verb.build.BuildVerb object at 0x70edb78a4100>>, mixin_verb=('build',))
[0.466s] Level 1:colcon.colcon_core.package_discovery:discover_packages(colcon_meta) check parameters
[0.466s] Level 1:colcon.colcon_core.package_discovery:discover_packages(recursive) check parameters
[0.466s] Level 1:colcon.colcon_core.package_discovery:discover_packages(ignore) check parameters
[0.466s] Level 1:colcon.colcon_core.package_discovery:discover_packages(path) check parameters
[0.466s] Level 1:colcon.colcon_core.package_discovery:discover_packages(colcon_meta) discover
[0.466s] Level 1:colcon.colcon_core.package_discovery:discover_packages(recursive) discover
[0.466s] INFO:colcon.colcon_core.package_discovery:Crawling recursively for packages in '/home/jerome/arm_base'
[0.466s] Level 1:colcon.colcon_core.package_identification:_identify(.) by extensions ['ignore', 'ignore_ament_install']
[0.466s] Level 1:colcon.colcon_core.package_identification:_identify(.) by extension 'ignore'
[0.466s] Level 1:colcon.colcon_core.package_identification:_identify(.) by extension 'ignore_ament_install'
[0.466s] Level 1:colcon.colcon_core.package_identification:_identify(.) by extensions ['colcon_pkg']
[0.466s] Level 1:colcon.colcon_core.package_identification:_identify(.) by extension 'colcon_pkg'
[0.466s] Level 1:colcon.colcon_core.package_identification:_identify(.) by extensions ['colcon_meta']
[0.466s] Level 1:colcon.colcon_core.package_identification:_identify(.) by extension 'colcon_meta'
[0.466s] Level 1:colcon.colcon_core.package_identification:_identify(.) by extensions ['ros']
[0.466s] Level 1:colcon.colcon_core.package_identification:_identify(.) by extension 'ros'
[0.480s] Level 1:colcon.colcon_core.package_identification:_identify(.) by extensions ['cmake', 'python']
[0.480s] Level 1:colcon.colcon_core.package_identification:_identify(.) by extension 'cmake'
[0.480s] Level 1:colcon.colcon_core.package_identification:_identify(.) by extension 'python'
[0.480s] Level 1:colcon.colcon_core.package_identification:_identify(.) by extensions ['python_setup_py']
[0.480s] Level 1:colcon.colcon_core.package_identification:_identify(.) by extension 'python_setup_py'
[0.480s] Level 1:colcon.colcon_core.package_identification:_identify(build) by extensions ['ignore', 'ignore_ament_install']
[0.480s] Level 1:colcon.colcon_core.package_identification:_identify(build) by extension 'ignore'
[0.480s] Level 1:colcon.colcon_core.package_identification:_identify(build) ignored
[0.480s] Level 1:colcon.colcon_core.package_identification:_identify(install) by extensions ['ignore', 'ignore_ament_install']
[0.480s] Level 1:colcon.colcon_core.package_identification:_identify(install) by extension 'ignore'
[0.480s] Level 1:colcon.colcon_core.package_identification:_identify(install) ignored
[0.480s] Level 1:colcon.colcon_core.package_identification:_identify(log) by extensions ['ignore', 'ignore_ament_install']
[0.480s] Level 1:colcon.colcon_core.package_identification:_identify(log) by extension 'ignore'
[0.480s] Level 1:colcon.colcon_core.package_identification:_identify(log) ignored
[0.480s] Level 1:colcon.colcon_core.package_identification:_identify(src) by extensions ['ignore', 'ignore_ament_install']
[0.480s] Level 1:colcon.colcon_core.package_identification:_identify(src) by extension 'ignore'
[0.480s] Level 1:colcon.colcon_core.package_identification:_identify(src) by extension 'ignore_ament_install'
[0.480s] Level 1:colcon.colcon_core.package_identification:_identify(src) by extensions ['colcon_pkg']
[0.480s] Level 1:colcon.colcon_core.package_identification:_identify(src) by extension 'colcon_pkg'
[0.480s] Level 1:colcon.colcon_core.package_identification:_identify(src) by extensions ['colcon_meta']
[0.480s] Level 1:colcon.colcon_core.package_identification:_identify(src) by extension 'colcon_meta'
[0.480s] Level 1:colcon.colcon_core.package_identification:_identify(src) by extensions ['ros']
[0.480s] Level 1:colcon.colcon_core.package_identification:_identify(src) by extension 'ros'
[0.480s] Level 1:colcon.colcon_core.package_identification:_identify(src) by extensions ['cmake', 'python']
[0.480s] Level 1:colcon.colcon_core.package_identification:_identify(src) by extension 'cmake'
[0.480s] Level 1:colcon.colcon_core.package_identification:_identify(src) by extension 'python'
[0.481s] Level 1:colcon.colcon_core.package_identification:_identify(src) by extensions ['python_setup_py']
[0.481s] Level 1:colcon.colcon_core.package_identification:_identify(src) by extension 'python_setup_py'
[0.481s] Level 1:colcon.colcon_core.package_identification:_identify(src/arm_urdf) by extensions ['ignore', 'ignore_ament_install']
[0.481s] Level 1:colcon.colcon_core.package_identification:_identify(src/arm_urdf) by extension 'ignore'
[0.481s] Level 1:colcon.colcon_core.package_identification:_identify(src/arm_urdf) by extension 'ignore_ament_install'
[0.481s] Level 1:colcon.colcon_core.package_identification:_identify(src/arm_urdf) by extensions ['colcon_pkg']
[0.481s] Level 1:colcon.colcon_core.package_identification:_identify(src/arm_urdf) by extension 'colcon_pkg'
[0.481s] Level 1:colcon.colcon_core.package_identification:_identify(src/arm_urdf) by extensions ['colcon_meta']
[0.481s] Level 1:colcon.colcon_core.package_identification:_identify(src/arm_urdf) by extension 'colcon_meta'
[0.481s] Level 1:colcon.colcon_core.package_identification:_identify(src/arm_urdf) by extensions ['ros']
[0.481s] Level 1:colcon.colcon_core.package_identification:_identify(src/arm_urdf) by extension 'ros'
[0.483s] DEBUG:colcon.colcon_core.package_identification:Package 'src/arm_urdf' with type 'ros.ament_cmake' and name 'arm_urdf'
[0.483s] Level 1:colcon.colcon_core.package_identification:_identify(src/arm_urdf_moveit_config) by extensions ['ignore', 'ignore_ament_install']
[0.483s] Level 1:colcon.colcon_core.package_identification:_identify(src/arm_urdf_moveit_config) by extension 'ignore'
[0.483s] Level 1:colcon.colcon_core.package_identification:_identify(src/arm_urdf_moveit_config) by extension 'ignore_ament_install'
[0.483s] Level 1:colcon.colcon_core.package_identification:_identify(src/arm_urdf_moveit_config) by extensions ['colcon_pkg']
[0.483s] Level 1:colcon.colcon_core.package_identification:_identify(src/arm_urdf_moveit_config) by extension 'colcon_pkg'
[0.483s] Level 1:colcon.colcon_core.package_identification:_identify(src/arm_urdf_moveit_config) by extensions ['colcon_meta']
[0.483s] Level 1:colcon.colcon_core.package_identification:_identify(src/arm_urdf_moveit_config) by extension 'colcon_meta'
[0.483s] Level 1:colcon.colcon_core.package_identification:_identify(src/arm_urdf_moveit_config) by extensions ['ros']
[0.483s] Level 1:colcon.colcon_core.package_identification:_identify(src/arm_urdf_moveit_config) by extension 'ros'
[0.484s] DEBUG:colcon.colcon_core.package_identification:Package 'src/arm_urdf_moveit_config' with type 'ros.ament_cmake' and name 'arm_urdf_moveit_config'
[0.484s] Level 1:colcon.colcon_core.package_identification:_identify(src/pick_and_place) by extensions ['ignore', 'ignore_ament_install']
[0.484s] Level 1:colcon.colcon_core.package_identification:_identify(src/pick_and_place) by extension 'ignore'
[0.484s] Level 1:colcon.colcon_core.package_identification:_identify(src/pick_and_place) by extension 'ignore_ament_install'
[0.484s] Level 1:colcon.colcon_core.package_identification:_identify(src/pick_and_place) by extensions ['colcon_pkg']
[0.484s] Level 1:colcon.colcon_core.package_identification:_identify(src/pick_and_place) by extension 'colcon_pkg'
[0.484s] Level 1:colcon.colcon_core.package_identification:_identify(src/pick_and_place) by extensions ['colcon_meta']
[0.484s] Level 1:colcon.colcon_core.package_identification:_identify(src/pick_and_place) by extension 'colcon_meta'
[0.484s] Level 1:colcon.colcon_core.package_identification:_identify(src/pick_and_place) by extensions ['ros']
[0.485s] Level 1:colcon.colcon_core.package_identification:_identify(src/pick_and_place) by extension 'ros'
[0.485s] DEBUG:colcon.colcon_core.package_identification:Package 'src/pick_and_place' with type 'ros.ament_cmake' and name 'pick_and_place'
[0.485s] Level 1:colcon.colcon_core.package_discovery:discover_packages(recursive) using defaults
[0.485s] Level 1:colcon.colcon_core.package_discovery:discover_packages(ignore) discover
[0.485s] Level 1:colcon.colcon_core.package_discovery:discover_packages(ignore) using defaults
[0.485s] Level 1:colcon.colcon_core.package_discovery:discover_packages(path) discover
[0.485s] Level 1:colcon.colcon_core.package_discovery:discover_packages(path) using defaults
[0.505s] Level 1:colcon.colcon_core.package_discovery:discover_packages(prefix_path) check parameters
[0.505s] Level 1:colcon.colcon_core.package_discovery:discover_packages(prefix_path) discover
[0.509s] DEBUG:colcon.colcon_installed_package_information.package_discovery:Found 59 installed packages in /home/jerome/ws_moveit2/install
[0.510s] DEBUG:colcon.colcon_installed_package_information.package_discovery:Found 382 installed packages in /opt/ros/humble
[0.512s] Level 1:colcon.colcon_core.package_discovery:discover_packages(prefix_path) using defaults
[0.573s] Level 5:colcon.colcon_core.verb:set package 'arm_urdf' build argument 'cmake_args' from command line to 'None'
[0.573s] Level 5:colcon.colcon_core.verb:set package 'arm_urdf' build argument 'cmake_target' from command line to 'None'
[0.573s] Level 5:colcon.colcon_core.verb:set package 'arm_urdf' build argument 'cmake_target_skip_unavailable' from command line to 'False'
[0.573s] Level 5:colcon.colcon_core.verb:set package 'arm_urdf' build argument 'cmake_clean_cache' from command line to 'False'
[0.574s] Level 5:colcon.colcon_core.verb:set package 'arm_urdf' build argument 'cmake_clean_first' from command line to 'False'
[0.574s] Level 5:colcon.colcon_core.verb:set package 'arm_urdf' build argument 'cmake_force_configure' from command line to 'False'
[0.574s] Level 5:colcon.colcon_core.verb:set package 'arm_urdf' build argument 'ament_cmake_args' from command line to 'None'
[0.574s] Level 5:colcon.colcon_core.verb:set package 'arm_urdf' build argument 'catkin_cmake_args' from command line to 'None'
[0.574s] Level 5:colcon.colcon_core.verb:set package 'arm_urdf' build argument 'catkin_skip_building_tests' from command line to 'False'
[0.574s] DEBUG:colcon.colcon_core.verb:Building package 'arm_urdf' with the following arguments: {'ament_cmake_args': None, 'build_base': '/home/jerome/arm_base/build/arm_urdf', 'catkin_cmake_args': None, 'catkin_skip_building_tests': False, 'cmake_args': None, 'cmake_clean_cache': False, 'cmake_clean_first': False, 'cmake_force_configure': False, 'cmake_target': None, 'cmake_target_skip_unavailable': False, 'install_base': '/home/jerome/arm_base/install/arm_urdf', 'merge_install': False, 'path': '/home/jerome/arm_base/src/arm_urdf', 'symlink_install': False, 'test_result_base': None}
[0.574s] Level 5:colcon.colcon_core.verb:set package 'pick_and_place' build argument 'cmake_args' from command line to 'None'
[0.574s] Level 5:colcon.colcon_core.verb:set package 'pick_and_place' build argument 'cmake_target' from command line to 'None'
[0.574s] Level 5:colcon.colcon_core.verb:set package 'pick_and_place' build argument 'cmake_target_skip_unavailable' from command line to 'False'
[0.574s] Level 5:colcon.colcon_core.verb:set package 'pick_and_place' build argument 'cmake_clean_cache' from command line to 'False'
[0.574s] Level 5:colcon.colcon_core.verb:set package 'pick_and_place' build argument 'cmake_clean_first' from command line to 'False'
[0.574s] Level 5:colcon.colcon_core.verb:set package 'pick_and_place' build argument 'cmake_force_configure' from command line to 'False'
[0.574s] Level 5:colcon.colcon_core.verb:set package 'pick_and_place' build argument 'ament_cmake_args' from command line to 'None'
[0.574s] Level 5:colcon.colcon_core.verb:set package 'pick_and_place' build argument 'catkin_cmake_args' from command line to 'None'
[0.574s] Level 5:colcon.colcon_core.verb:set package 'pick_and_place' build argument 'catkin_skip_building_tests' from command line to 'False'
[0.574s] DEBUG:colcon.colcon_core.verb:Building package 'pick_and_place' with the following arguments: {'ament_cmake_args': None, 'build_base': '/home/jerome/arm_base/build/pick_and_place', 'catkin_cmake_args': None, 'catkin_skip_building_tests': False, 'cmake_args': None, 'cmake_clean_cache': False, 'cmake_clean_first': False, 'cmake_force_configure': False, 'cmake_target': None, 'cmake_target_skip_unavailable': False, 'install_base': '/home/jerome/arm_base/install/pick_and_place', 'merge_install': False, 'path': '/home/jerome/arm_base/src/pick_and_place', 'symlink_install': False, 'test_result_base': None}
[0.574s] Level 5:colcon.colcon_core.verb:set package 'arm_urdf_moveit_config' build argument 'cmake_args' from command line to 'None'
[0.574s] Level 5:colcon.colcon_core.verb:set package 'arm_urdf_moveit_config' build argument 'cmake_target' from command line to 'None'
[0.574s] Level 5:colcon.colcon_core.verb:set package 'arm_urdf_moveit_config' build argument 'cmake_target_skip_unavailable' from command line to 'False'
[0.574s] Level 5:colcon.colcon_core.verb:set package 'arm_urdf_moveit_config' build argument 'cmake_clean_cache' from command line to 'False'
[0.574s] Level 5:colcon.colcon_core.verb:set package 'arm_urdf_moveit_config' build argument 'cmake_clean_first' from command line to 'False'
[0.574s] Level 5:colcon.colcon_core.verb:set package 'arm_urdf_moveit_config' build argument 'cmake_force_configure' from command line to 'False'
[0.574s] Level 5:colcon.colcon_core.verb:set package 'arm_urdf_moveit_config' build argument 'ament_cmake_args' from command line to 'None'
[0.574s] Level 5:colcon.colcon_core.verb:set package 'arm_urdf_moveit_config' build argument 'catkin_cmake_args' from command line to 'None'
[0.574s] Level 5:colcon.colcon_core.verb:set package 'arm_urdf_moveit_config' build argument 'catkin_skip_building_tests' from command line to 'False'
[0.574s] DEBUG:colcon.colcon_core.verb:Building package 'arm_urdf_moveit_config' with the following arguments: {'ament_cmake_args': None, 'build_base': '/home/jerome/arm_base/build/arm_urdf_moveit_config', 'catkin_cmake_args': None, 'catkin_skip_building_tests': False, 'cmake_args': None, 'cmake_clean_cache': False, 'cmake_clean_first': False, 'cmake_force_configure': False, 'cmake_target': None, 'cmake_target_skip_unavailable': False, 'install_base': '/home/jerome/arm_base/install/arm_urdf_moveit_config', 'merge_install': False, 'path': '/home/jerome/arm_base/src/arm_urdf_moveit_config', 'symlink_install': False, 'test_result_base': None}
[0.574s] INFO:colcon.colcon_core.executor:Executing jobs using 'parallel' executor
[0.575s] DEBUG:colcon.colcon_parallel_executor.executor.parallel:run_until_complete
[0.575s] INFO:colcon.colcon_ros.task.ament_cmake.build:Building ROS package in '/home/jerome/arm_base/src/arm_urdf' with build type 'ament_cmake'
[0.576s] INFO:colcon.colcon_cmake.task.cmake.build:Building CMake package in '/home/jerome/arm_base/src/arm_urdf'
[0.579s] INFO:colcon.colcon_core.plugin_system:Skipping extension 'colcon_core.shell.bat': Not used on non-Windows systems
[0.579s] INFO:colcon.colcon_core.shell:Skip shell extension 'powershell' for command environment: Not usable outside of PowerShell
[0.579s] DEBUG:colcon.colcon_core.shell:Skip shell extension 'dsv' for command environment
[0.584s] INFO:colcon.colcon_ros.task.ament_cmake.build:Building ROS package in '/home/jerome/arm_base/src/pick_and_place' with build type 'ament_cmake'
[0.584s] INFO:colcon.colcon_cmake.task.cmake.build:Building CMake package in '/home/jerome/arm_base/src/pick_and_place'
[0.584s] INFO:colcon.colcon_core.shell:Skip shell extension 'powershell' for command environment: Not usable outside of PowerShell
[0.584s] DEBUG:colcon.colcon_core.shell:Skip shell extension 'dsv' for command environment
[0.593s] DEBUG:colcon.colcon_core.event_handler.log_command:Invoking command in '/home/jerome/arm_base/build/arm_urdf': CMAKE_PREFIX_PATH=${CMAKE_PREFIX_PATH}:/home/jerome/ws_moveit2/install/moveit_configs_utils:/home/jerome/ws_moveit2/install/launch_param_builder:/opt/ros/humble /usr/bin/cmake --build /home/jerome/arm_base/build/arm_urdf -- -j16 -l16
[0.602s] DEBUG:colcon.colcon_core.event_handler.log_command:Invoking command in '/home/jerome/arm_base/build/pick_and_place': CMAKE_PREFIX_PATH=${CMAKE_PREFIX_PATH}:/home/jerome/ws_moveit2/install/moveit_configs_utils:/home/jerome/ws_moveit2/install/launch_param_builder:/opt/ros/humble /usr/bin/cmake --build /home/jerome/arm_base/build/pick_and_place -- -j16 -l16
[0.654s] DEBUG:colcon.colcon_core.event_handler.log_command:Invoked command in '/home/jerome/arm_base/build/arm_urdf' returned '0': CMAKE_PREFIX_PATH=${CMAKE_PREFIX_PATH}:/home/jerome/ws_moveit2/install/moveit_configs_utils:/home/jerome/ws_moveit2/install/launch_param_builder:/opt/ros/humble /usr/bin/cmake --build /home/jerome/arm_base/build/arm_urdf -- -j16 -l16
[0.667s] DEBUG:colcon.colcon_core.event_handler.log_command:Invoking command in '/home/jerome/arm_base/build/arm_urdf': CMAKE_PREFIX_PATH=${CMAKE_PREFIX_PATH}:/home/jerome/ws_moveit2/install/moveit_configs_utils:/home/jerome/ws_moveit2/install/launch_param_builder:/opt/ros/humble /usr/bin/cmake --install /home/jerome/arm_base/build/arm_urdf
[0.683s] Level 1:colcon.colcon_core.environment:create_environment_scripts_only(arm_urdf)
[0.684s] DEBUG:colcon.colcon_core.event_handler.log_command:Invoked command in '/home/jerome/arm_base/build/arm_urdf' returned '0': CMAKE_PREFIX_PATH=${CMAKE_PREFIX_PATH}:/home/jerome/ws_moveit2/install/moveit_configs_utils:/home/jerome/ws_moveit2/install/launch_param_builder:/opt/ros/humble /usr/bin/cmake --install /home/jerome/arm_base/build/arm_urdf
[0.692s] Level 1:colcon.colcon_core.environment:checking '/home/jerome/arm_base/install/arm_urdf' for CMake module files
[0.692s] Level 1:colcon.colcon_core.environment:checking '/home/jerome/arm_base/install/arm_urdf' for CMake config files
[0.692s] Level 1:colcon.colcon_core.shell:create_environment_hook('arm_urdf', 'cmake_prefix_path')
[0.693s] INFO:colcon.colcon_core.shell:Creating environment hook '/home/jerome/arm_base/install/arm_urdf/share/arm_urdf/hook/cmake_prefix_path.ps1'
[0.694s] INFO:colcon.colcon_core.shell:Creating environment descriptor '/home/jerome/arm_base/install/arm_urdf/share/arm_urdf/hook/cmake_prefix_path.dsv'
[0.694s] INFO:colcon.colcon_core.shell:Creating environment hook '/home/jerome/arm_base/install/arm_urdf/share/arm_urdf/hook/cmake_prefix_path.sh'
[0.696s] Level 1:colcon.colcon_core.environment:checking '/home/jerome/arm_base/install/arm_urdf/bin'
[0.696s] Level 1:colcon.colcon_core.environment:checking '/home/jerome/arm_base/install/arm_urdf/lib/pkgconfig/arm_urdf.pc'
[0.696s] Level 1:colcon.colcon_core.environment:checking '/home/jerome/arm_base/install/arm_urdf/lib/python3.10/site-packages'
[0.696s] Level 1:colcon.colcon_core.environment:checking '/home/jerome/arm_base/install/arm_urdf/bin'
[0.696s] INFO:colcon.colcon_core.shell:Creating package script '/home/jerome/arm_base/install/arm_urdf/share/arm_urdf/package.ps1'
[0.697s] INFO:colcon.colcon_core.shell:Creating package descriptor '/home/jerome/arm_base/install/arm_urdf/share/arm_urdf/package.dsv'
[0.698s] INFO:colcon.colcon_core.shell:Creating package script '/home/jerome/arm_base/install/arm_urdf/share/arm_urdf/package.sh'
[0.699s] INFO:colcon.colcon_core.shell:Creating package script '/home/jerome/arm_base/install/arm_urdf/share/arm_urdf/package.bash'
[0.700s] INFO:colcon.colcon_core.shell:Creating package script '/home/jerome/arm_base/install/arm_urdf/share/arm_urdf/package.zsh'
[0.701s] Level 1:colcon.colcon_core.environment:create_file_with_runtime_dependencies(/home/jerome/arm_base/install/arm_urdf/share/colcon-core/packages/arm_urdf)
[0.701s] Level 1:colcon.colcon_core.environment:create_environment_scripts_only(arm_urdf)
[0.701s] Level 1:colcon.colcon_core.environment:checking '/home/jerome/arm_base/install/arm_urdf' for CMake module files
[0.701s] Level 1:colcon.colcon_core.environment:checking '/home/jerome/arm_base/install/arm_urdf' for CMake config files
[0.701s] Level 1:colcon.colcon_core.shell:create_environment_hook('arm_urdf', 'cmake_prefix_path')
[0.702s] INFO:colcon.colcon_core.shell:Creating environment hook '/home/jerome/arm_base/install/arm_urdf/share/arm_urdf/hook/cmake_prefix_path.ps1'
[0.702s] INFO:colcon.colcon_core.shell:Creating environment descriptor '/home/jerome/arm_base/install/arm_urdf/share/arm_urdf/hook/cmake_prefix_path.dsv'
[0.702s] INFO:colcon.colcon_core.shell:Creating environment hook '/home/jerome/arm_base/install/arm_urdf/share/arm_urdf/hook/cmake_prefix_path.sh'
[0.702s] Level 1:colcon.colcon_core.environment:checking '/home/jerome/arm_base/install/arm_urdf/bin'
[0.702s] Level 1:colcon.colcon_core.environment:checking '/home/jerome/arm_base/install/arm_urdf/lib/pkgconfig/arm_urdf.pc'
[0.702s] Level 1:colcon.colcon_core.environment:checking '/home/jerome/arm_base/install/arm_urdf/lib/python3.10/site-packages'
[0.703s] Level 1:colcon.colcon_core.environment:checking '/home/jerome/arm_base/install/arm_urdf/bin'
[0.703s] INFO:colcon.colcon_core.shell:Creating package script '/home/jerome/arm_base/install/arm_urdf/share/arm_urdf/package.ps1'
[0.703s] INFO:colcon.colcon_core.shell:Creating package descriptor '/home/jerome/arm_base/install/arm_urdf/share/arm_urdf/package.dsv'
[0.703s] INFO:colcon.colcon_core.shell:Creating package script '/home/jerome/arm_base/install/arm_urdf/share/arm_urdf/package.sh'
[0.704s] INFO:colcon.colcon_core.shell:Creating package script '/home/jerome/arm_base/install/arm_urdf/share/arm_urdf/package.bash'
[0.704s] INFO:colcon.colcon_core.shell:Creating package script '/home/jerome/arm_base/install/arm_urdf/share/arm_urdf/package.zsh'
[0.704s] Level 1:colcon.colcon_core.environment:create_file_with_runtime_dependencies(/home/jerome/arm_base/install/arm_urdf/share/colcon-core/packages/arm_urdf)
[0.704s] INFO:colcon.colcon_ros.task.ament_cmake.build:Building ROS package in '/home/jerome/arm_base/src/arm_urdf_moveit_config' with build type 'ament_cmake'
[0.704s] INFO:colcon.colcon_cmake.task.cmake.build:Building CMake package in '/home/jerome/arm_base/src/arm_urdf_moveit_config'
[0.704s] INFO:colcon.colcon_core.shell:Skip shell extension 'powershell' for command environment: Not usable outside of PowerShell
[0.705s] DEBUG:colcon.colcon_core.shell:Skip shell extension 'dsv' for command environment
[0.716s] DEBUG:colcon.colcon_core.event_handler.log_command:Invoking command in '/home/jerome/arm_base/build/arm_urdf_moveit_config': AMENT_PREFIX_PATH=/home/jerome/arm_base/install/arm_urdf:${AMENT_PREFIX_PATH} CMAKE_PREFIX_PATH=/home/jerome/arm_base/install/arm_urdf:/home/jerome/ws_moveit2/install/trac_ik:/home/jerome/ws_moveit2/install/trac_ik_kinematics:/home/jerome/ws_moveit2/install/trac_ik_examples:/home/jerome/ws_moveit2/install/trac_ik_lib:/home/jerome/ws_moveit2/install/pilz_industrial_motion_planner_testutils:/home/jerome/ws_moveit2/install/moveit_runtime:/home/jerome/ws_moveit2/install/moveit2_tutorials:/home/jerome/ws_moveit2/install/moveit:/home/jerome/ws_moveit2/install/moveit_planners:/home/jerome/ws_moveit2/install/pilz_industrial_motion_planner:/home/jerome/ws_moveit2/install/moveit_visual_tools:/home/jerome/ws_moveit2/install/moveit_task_constructor_visualization:/home/jerome/ws_moveit2/install/moveit_task_constructor_demo:/home/jerome/ws_moveit2/install/moveit_task_constructor_capabilities:/home/jerome/ws_moveit2/install/moveit_task_constructor_core:/home/jerome/ws_moveit2/install/moveit_ros_control_interface:/home/jerome/ws_moveit2/install/moveit_plugins:/home/jerome/ws_moveit2/install/moveit_simple_controller_manager:/home/jerome/ws_moveit2/install/moveit_setup_assistant:/home/jerome/ws_moveit2/install/moveit_setup_srdf_plugins:/home/jerome/ws_moveit2/install/moveit_setup_core_plugins:/home/jerome/ws_moveit2/install/moveit_setup_controllers:/home/jerome/ws_moveit2/install/moveit_setup_app_plugins:/home/jerome/ws_moveit2/install/moveit_setup_framework:/home/jerome/ws_moveit2/install/moveit_servo:/home/jerome/ws_moveit2/install/moveit_ros:/home/jerome/ws_moveit2/install/moveit_ros_visualization:/home/jerome/ws_moveit2/install/moveit_hybrid_planning:/home/jerome/ws_moveit2/install/moveit_ros_planning_interface:/home/jerome/ws_moveit2/install/moveit_ros_benchmarks:/home/jerome/ws_moveit2/install/moveit_ros_warehouse:/home/jerome/ws_moveit2/install/moveit_ros_robot_interaction:/home/jerome/ws_moveit2/install/moveit_ros_perception:/home/jerome/ws_moveit2/install/moveit_resources_prbt_pg70_support:/home/jerome/ws_moveit2/install/moveit_resources_prbt_moveit_config:/home/jerome/ws_moveit2/install/moveit_ros_move_group:/home/jerome/ws_moveit2/install/moveit_planners_ompl:/home/jerome/ws_moveit2/install/moveit_ros_planning:/home/jerome/ws_moveit2/install/moveit_ros_occupancy_map_monitor:/home/jerome/ws_moveit2/install/moveit_resources_prbt_ikfast_manipulator_plugin:/home/jerome/ws_moveit2/install/moveit_planners_chomp:/home/jerome/ws_moveit2/install/moveit_kinematics:/home/jerome/ws_moveit2/install/moveit_chomp_optimizer_adapter:/home/jerome/ws_moveit2/install/chomp_motion_planner:/home/jerome/ws_moveit2/install/moveit_core:/home/jerome/ws_moveit2/install/srdfdom:/home/jerome/ws_moveit2/install/rviz_marker_tools:/home/jerome/ws_moveit2/install/rosparam_shortcuts:/home/jerome/ws_moveit2/install/moveit_task_constructor_msgs:/home/jerome/ws_moveit2/install/moveit_resources_prbt_support:/home/jerome/ws_moveit2/install/moveit_resources:/home/jerome/ws_moveit2/install/moveit_resources_pr2_description:/home/jerome/ws_moveit2/install/moveit_resources_panda_moveit_config:/home/jerome/ws_moveit2/install/moveit_resources_panda_description:/home/jerome/ws_moveit2/install/moveit_resources_fanuc_moveit_config:/home/jerome/ws_moveit2/install/moveit_resources_fanuc_description:/home/jerome/ws_moveit2/install/moveit_common:/home/jerome/ws_moveit2/install/moveit_configs_utils:/home/jerome/ws_moveit2/install/launch_param_builder:/opt/ros/humble /usr/bin/cmake --build /home/jerome/arm_base/build/arm_urdf_moveit_config -- -j16 -l16
[0.761s] DEBUG:colcon.colcon_core.event_handler.log_command:Invoked command in '/home/jerome/arm_base/build/arm_urdf_moveit_config' returned '0': AMENT_PREFIX_PATH=/home/jerome/arm_base/install/arm_urdf:${AMENT_PREFIX_PATH} CMAKE_PREFIX_PATH=/home/jerome/arm_base/install/arm_urdf:/home/jerome/ws_moveit2/install/trac_ik:/home/jerome/ws_moveit2/install/trac_ik_kinematics:/home/jerome/ws_moveit2/install/trac_ik_examples:/home/jerome/ws_moveit2/install/trac_ik_lib:/home/jerome/ws_moveit2/install/pilz_industrial_motion_planner_testutils:/home/jerome/ws_moveit2/install/moveit_runtime:/home/jerome/ws_moveit2/install/moveit2_tutorials:/home/jerome/ws_moveit2/install/moveit:/home/jerome/ws_moveit2/install/moveit_planners:/home/jerome/ws_moveit2/install/pilz_industrial_motion_planner:/home/jerome/ws_moveit2/install/moveit_visual_tools:/home/jerome/ws_moveit2/install/moveit_task_constructor_visualization:/home/jerome/ws_moveit2/install/moveit_task_constructor_demo:/home/jerome/ws_moveit2/install/moveit_task_constructor_capabilities:/home/jerome/ws_moveit2/install/moveit_task_constructor_core:/home/jerome/ws_moveit2/install/moveit_ros_control_interface:/home/jerome/ws_moveit2/install/moveit_plugins:/home/jerome/ws_moveit2/install/moveit_simple_controller_manager:/home/jerome/ws_moveit2/install/moveit_setup_assistant:/home/jerome/ws_moveit2/install/moveit_setup_srdf_plugins:/home/jerome/ws_moveit2/install/moveit_setup_core_plugins:/home/jerome/ws_moveit2/install/moveit_setup_controllers:/home/jerome/ws_moveit2/install/moveit_setup_app_plugins:/home/jerome/ws_moveit2/install/moveit_setup_framework:/home/jerome/ws_moveit2/install/moveit_servo:/home/jerome/ws_moveit2/install/moveit_ros:/home/jerome/ws_moveit2/install/moveit_ros_visualization:/home/jerome/ws_moveit2/install/moveit_hybrid_planning:/home/jerome/ws_moveit2/install/moveit_ros_planning_interface:/home/jerome/ws_moveit2/install/moveit_ros_benchmarks:/home/jerome/ws_moveit2/install/moveit_ros_warehouse:/home/jerome/ws_moveit2/install/moveit_ros_robot_interaction:/home/jerome/ws_moveit2/install/moveit_ros_perception:/home/jerome/ws_moveit2/install/moveit_resources_prbt_pg70_support:/home/jerome/ws_moveit2/install/moveit_resources_prbt_moveit_config:/home/jerome/ws_moveit2/install/moveit_ros_move_group:/home/jerome/ws_moveit2/install/moveit_planners_ompl:/home/jerome/ws_moveit2/install/moveit_ros_planning:/home/jerome/ws_moveit2/install/moveit_ros_occupancy_map_monitor:/home/jerome/ws_moveit2/install/moveit_resources_prbt_ikfast_manipulator_plugin:/home/jerome/ws_moveit2/install/moveit_planners_chomp:/home/jerome/ws_moveit2/install/moveit_kinematics:/home/jerome/ws_moveit2/install/moveit_chomp_optimizer_adapter:/home/jerome/ws_moveit2/install/chomp_motion_planner:/home/jerome/ws_moveit2/install/moveit_core:/home/jerome/ws_moveit2/install/srdfdom:/home/jerome/ws_moveit2/install/rviz_marker_tools:/home/jerome/ws_moveit2/install/rosparam_shortcuts:/home/jerome/ws_moveit2/install/moveit_task_constructor_msgs:/home/jerome/ws_moveit2/install/moveit_resources_prbt_support:/home/jerome/ws_moveit2/install/moveit_resources:/home/jerome/ws_moveit2/install/moveit_resources_pr2_description:/home/jerome/ws_moveit2/install/moveit_resources_panda_moveit_config:/home/jerome/ws_moveit2/install/moveit_resources_panda_description:/home/jerome/ws_moveit2/install/moveit_resources_fanuc_moveit_config:/home/jerome/ws_moveit2/install/moveit_resources_fanuc_description:/home/jerome/ws_moveit2/install/moveit_common:/home/jerome/ws_moveit2/install/moveit_configs_utils:/home/jerome/ws_moveit2/install/launch_param_builder:/opt/ros/humble /usr/bin/cmake --build /home/jerome/arm_base/build/arm_urdf_moveit_config -- -j16 -l16
[0.763s] DEBUG:colcon.colcon_core.event_handler.log_command:Invoking command in '/home/jerome/arm_base/build/arm_urdf_moveit_config': AMENT_PREFIX_PATH=/home/jerome/arm_base/install/arm_urdf:${AMENT_PREFIX_PATH} CMAKE_PREFIX_PATH=/home/jerome/arm_base/install/arm_urdf:/home/jerome/ws_moveit2/install/trac_ik:/home/jerome/ws_moveit2/install/trac_ik_kinematics:/home/jerome/ws_moveit2/install/trac_ik_examples:/home/jerome/ws_moveit2/install/trac_ik_lib:/home/jerome/ws_moveit2/install/pilz_industrial_motion_planner_testutils:/home/jerome/ws_moveit2/install/moveit_runtime:/home/jerome/ws_moveit2/install/moveit2_tutorials:/home/jerome/ws_moveit2/install/moveit:/home/jerome/ws_moveit2/install/moveit_planners:/home/jerome/ws_moveit2/install/pilz_industrial_motion_planner:/home/jerome/ws_moveit2/install/moveit_visual_tools:/home/jerome/ws_moveit2/install/moveit_task_constructor_visualization:/home/jerome/ws_moveit2/install/moveit_task_constructor_demo:/home/jerome/ws_moveit2/install/moveit_task_constructor_capabilities:/home/jerome/ws_moveit2/install/moveit_task_constructor_core:/home/jerome/ws_moveit2/install/moveit_ros_control_interface:/home/jerome/ws_moveit2/install/moveit_plugins:/home/jerome/ws_moveit2/install/moveit_simple_controller_manager:/home/jerome/ws_moveit2/install/moveit_setup_assistant:/home/jerome/ws_moveit2/install/moveit_setup_srdf_plugins:/home/jerome/ws_moveit2/install/moveit_setup_core_plugins:/home/jerome/ws_moveit2/install/moveit_setup_controllers:/home/jerome/ws_moveit2/install/moveit_setup_app_plugins:/home/jerome/ws_moveit2/install/moveit_setup_framework:/home/jerome/ws_moveit2/install/moveit_servo:/home/jerome/ws_moveit2/install/moveit_ros:/home/jerome/ws_moveit2/install/moveit_ros_visualization:/home/jerome/ws_moveit2/install/moveit_hybrid_planning:/home/jerome/ws_moveit2/install/moveit_ros_planning_interface:/home/jerome/ws_moveit2/install/moveit_ros_benchmarks:/home/jerome/ws_moveit2/install/moveit_ros_warehouse:/home/jerome/ws_moveit2/install/moveit_ros_robot_interaction:/home/jerome/ws_moveit2/install/moveit_ros_perception:/home/jerome/ws_moveit2/install/moveit_resources_prbt_pg70_support:/home/jerome/ws_moveit2/install/moveit_resources_prbt_moveit_config:/home/jerome/ws_moveit2/install/moveit_ros_move_group:/home/jerome/ws_moveit2/install/moveit_planners_ompl:/home/jerome/ws_moveit2/install/moveit_ros_planning:/home/jerome/ws_moveit2/install/moveit_ros_occupancy_map_monitor:/home/jerome/ws_moveit2/install/moveit_resources_prbt_ikfast_manipulator_plugin:/home/jerome/ws_moveit2/install/moveit_planners_chomp:/home/jerome/ws_moveit2/install/moveit_kinematics:/home/jerome/ws_moveit2/install/moveit_chomp_optimizer_adapter:/home/jerome/ws_moveit2/install/chomp_motion_planner:/home/jerome/ws_moveit2/install/moveit_core:/home/jerome/ws_moveit2/install/srdfdom:/home/jerome/ws_moveit2/install/rviz_marker_tools:/home/jerome/ws_moveit2/install/rosparam_shortcuts:/home/jerome/ws_moveit2/install/moveit_task_constructor_msgs:/home/jerome/ws_moveit2/install/moveit_resources_prbt_support:/home/jerome/ws_moveit2/install/moveit_resources:/home/jerome/ws_moveit2/install/moveit_resources_pr2_description:/home/jerome/ws_moveit2/install/moveit_resources_panda_moveit_config:/home/jerome/ws_moveit2/install/moveit_resources_panda_description:/home/jerome/ws_moveit2/install/moveit_resources_fanuc_moveit_config:/home/jerome/ws_moveit2/install/moveit_resources_fanuc_description:/home/jerome/ws_moveit2/install/moveit_common:/home/jerome/ws_moveit2/install/moveit_configs_utils:/home/jerome/ws_moveit2/install/launch_param_builder:/opt/ros/humble /usr/bin/cmake --install /home/jerome/arm_base/build/arm_urdf_moveit_config
[0.767s] DEBUG:colcon.colcon_core.event_handler.log_command:Invoked command in '/home/jerome/arm_base/build/pick_and_place' returned '0': CMAKE_PREFIX_PATH=${CMAKE_PREFIX_PATH}:/home/jerome/ws_moveit2/install/moveit_configs_utils:/home/jerome/ws_moveit2/install/launch_param_builder:/opt/ros/humble /usr/bin/cmake --build /home/jerome/arm_base/build/pick_and_place -- -j16 -l16
[0.769s] DEBUG:colcon.colcon_core.event_handler.log_command:Invoking command in '/home/jerome/arm_base/build/pick_and_place': CMAKE_PREFIX_PATH=${CMAKE_PREFIX_PATH}:/home/jerome/ws_moveit2/install/moveit_configs_utils:/home/jerome/ws_moveit2/install/launch_param_builder:/opt/ros/humble /usr/bin/cmake --install /home/jerome/arm_base/build/pick_and_place
[0.776s] Level 1:colcon.colcon_core.environment:create_environment_scripts_only(arm_urdf_moveit_config)
[0.776s] Level 1:colcon.colcon_core.environment:checking '/home/jerome/arm_base/install/arm_urdf_moveit_config' for CMake module files
[0.777s] DEBUG:colcon.colcon_core.event_handler.log_command:Invoked command in '/home/jerome/arm_base/build/arm_urdf_moveit_config' returned '0': AMENT_PREFIX_PATH=/home/jerome/arm_base/install/arm_urdf:${AMENT_PREFIX_PATH} CMAKE_PREFIX_PATH=/home/jerome/arm_base/install/arm_urdf:/home/jerome/ws_moveit2/install/trac_ik:/home/jerome/ws_moveit2/install/trac_ik_kinematics:/home/jerome/ws_moveit2/install/trac_ik_examples:/home/jerome/ws_moveit2/install/trac_ik_lib:/home/jerome/ws_moveit2/install/pilz_industrial_motion_planner_testutils:/home/jerome/ws_moveit2/install/moveit_runtime:/home/jerome/ws_moveit2/install/moveit2_tutorials:/home/jerome/ws_moveit2/install/moveit:/home/jerome/ws_moveit2/install/moveit_planners:/home/jerome/ws_moveit2/install/pilz_industrial_motion_planner:/home/jerome/ws_moveit2/install/moveit_visual_tools:/home/jerome/ws_moveit2/install/moveit_task_constructor_visualization:/home/jerome/ws_moveit2/install/moveit_task_constructor_demo:/home/jerome/ws_moveit2/install/moveit_task_constructor_capabilities:/home/jerome/ws_moveit2/install/moveit_task_constructor_core:/home/jerome/ws_moveit2/install/moveit_ros_control_interface:/home/jerome/ws_moveit2/install/moveit_plugins:/home/jerome/ws_moveit2/install/moveit_simple_controller_manager:/home/jerome/ws_moveit2/install/moveit_setup_assistant:/home/jerome/ws_moveit2/install/moveit_setup_srdf_plugins:/home/jerome/ws_moveit2/install/moveit_setup_core_plugins:/home/jerome/ws_moveit2/install/moveit_setup_controllers:/home/jerome/ws_moveit2/install/moveit_setup_app_plugins:/home/jerome/ws_moveit2/install/moveit_setup_framework:/home/jerome/ws_moveit2/install/moveit_servo:/home/jerome/ws_moveit2/install/moveit_ros:/home/jerome/ws_moveit2/install/moveit_ros_visualization:/home/jerome/ws_moveit2/install/moveit_hybrid_planning:/home/jerome/ws_moveit2/install/moveit_ros_planning_interface:/home/jerome/ws_moveit2/install/moveit_ros_benchmarks:/home/jerome/ws_moveit2/install/moveit_ros_warehouse:/home/jerome/ws_moveit2/install/moveit_ros_robot_interaction:/home/jerome/ws_moveit2/install/moveit_ros_perception:/home/jerome/ws_moveit2/install/moveit_resources_prbt_pg70_support:/home/jerome/ws_moveit2/install/moveit_resources_prbt_moveit_config:/home/jerome/ws_moveit2/install/moveit_ros_move_group:/home/jerome/ws_moveit2/install/moveit_planners_ompl:/home/jerome/ws_moveit2/install/moveit_ros_planning:/home/jerome/ws_moveit2/install/moveit_ros_occupancy_map_monitor:/home/jerome/ws_moveit2/install/moveit_resources_prbt_ikfast_manipulator_plugin:/home/jerome/ws_moveit2/install/moveit_planners_chomp:/home/jerome/ws_moveit2/install/moveit_kinematics:/home/jerome/ws_moveit2/install/moveit_chomp_optimizer_adapter:/home/jerome/ws_moveit2/install/chomp_motion_planner:/home/jerome/ws_moveit2/install/moveit_core:/home/jerome/ws_moveit2/install/srdfdom:/home/jerome/ws_moveit2/install/rviz_marker_tools:/home/jerome/ws_moveit2/install/rosparam_shortcuts:/home/jerome/ws_moveit2/install/moveit_task_constructor_msgs:/home/jerome/ws_moveit2/install/moveit_resources_prbt_support:/home/jerome/ws_moveit2/install/moveit_resources:/home/jerome/ws_moveit2/install/moveit_resources_pr2_description:/home/jerome/ws_moveit2/install/moveit_resources_panda_moveit_config:/home/jerome/ws_moveit2/install/moveit_resources_panda_description:/home/jerome/ws_moveit2/install/moveit_resources_fanuc_moveit_config:/home/jerome/ws_moveit2/install/moveit_resources_fanuc_description:/home/jerome/ws_moveit2/install/moveit_common:/home/jerome/ws_moveit2/install/moveit_configs_utils:/home/jerome/ws_moveit2/install/launch_param_builder:/opt/ros/humble /usr/bin/cmake --install /home/jerome/arm_base/build/arm_urdf_moveit_config
[0.777s] Level 1:colcon.colcon_core.environment:checking '/home/jerome/arm_base/install/arm_urdf_moveit_config' for CMake config files
[0.777s] Level 1:colcon.colcon_core.shell:create_environment_hook('arm_urdf_moveit_config', 'cmake_prefix_path')
[0.778s] INFO:colcon.colcon_core.shell:Creating environment hook '/home/jerome/arm_base/install/arm_urdf_moveit_config/share/arm_urdf_moveit_config/hook/cmake_prefix_path.ps1'
[0.778s] INFO:colcon.colcon_core.shell:Creating environment descriptor '/home/jerome/arm_base/install/arm_urdf_moveit_config/share/arm_urdf_moveit_config/hook/cmake_prefix_path.dsv'
[0.778s] INFO:colcon.colcon_core.shell:Creating environment hook '/home/jerome/arm_base/install/arm_urdf_moveit_config/share/arm_urdf_moveit_config/hook/cmake_prefix_path.sh'
[0.779s] Level 1:colcon.colcon_core.environment:checking '/home/jerome/arm_base/install/arm_urdf_moveit_config/bin'
[0.779s] Level 1:colcon.colcon_core.environment:checking '/home/jerome/arm_base/install/arm_urdf_moveit_config/lib/pkgconfig/arm_urdf_moveit_config.pc'
[0.779s] Level 1:colcon.colcon_core.environment:checking '/home/jerome/arm_base/install/arm_urdf_moveit_config/lib/python3.10/site-packages'
[0.779s] Level 1:colcon.colcon_core.environment:checking '/home/jerome/arm_base/install/arm_urdf_moveit_config/bin'
[0.779s] INFO:colcon.colcon_core.shell:Creating package script '/home/jerome/arm_base/install/arm_urdf_moveit_config/share/arm_urdf_moveit_config/package.ps1'
[0.779s] INFO:colcon.colcon_core.shell:Creating package descriptor '/home/jerome/arm_base/install/arm_urdf_moveit_config/share/arm_urdf_moveit_config/package.dsv'
[0.780s] INFO:colcon.colcon_core.shell:Creating package script '/home/jerome/arm_base/install/arm_urdf_moveit_config/share/arm_urdf_moveit_config/package.sh'
[0.780s] INFO:colcon.colcon_core.shell:Creating package script '/home/jerome/arm_base/install/arm_urdf_moveit_config/share/arm_urdf_moveit_config/package.bash'
[0.780s] INFO:colcon.colcon_core.shell:Creating package script '/home/jerome/arm_base/install/arm_urdf_moveit_config/share/arm_urdf_moveit_config/package.zsh'
[0.781s] Level 1:colcon.colcon_core.environment:create_file_with_runtime_dependencies(/home/jerome/arm_base/install/arm_urdf_moveit_config/share/colcon-core/packages/arm_urdf_moveit_config)
[0.782s] Level 1:colcon.colcon_core.environment:create_environment_scripts_only(arm_urdf_moveit_config)
[0.782s] Level 1:colcon.colcon_core.environment:checking '/home/jerome/arm_base/install/arm_urdf_moveit_config' for CMake module files
[0.782s] Level 1:colcon.colcon_core.environment:checking '/home/jerome/arm_base/install/arm_urdf_moveit_config' for CMake config files
[0.782s] Level 1:colcon.colcon_core.shell:create_environment_hook('arm_urdf_moveit_config', 'cmake_prefix_path')
[0.782s] INFO:colcon.colcon_core.shell:Creating environment hook '/home/jerome/arm_base/install/arm_urdf_moveit_config/share/arm_urdf_moveit_config/hook/cmake_prefix_path.ps1'
[0.783s] INFO:colcon.colcon_core.shell:Creating environment descriptor '/home/jerome/arm_base/install/arm_urdf_moveit_config/share/arm_urdf_moveit_config/hook/cmake_prefix_path.dsv'
[0.783s] INFO:colcon.colcon_core.shell:Creating environment hook '/home/jerome/arm_base/install/arm_urdf_moveit_config/share/arm_urdf_moveit_config/hook/cmake_prefix_path.sh'
[0.783s] Level 1:colcon.colcon_core.environment:checking '/home/jerome/arm_base/install/arm_urdf_moveit_config/bin'
[0.783s] Level 1:colcon.colcon_core.environment:checking '/home/jerome/arm_base/install/arm_urdf_moveit_config/lib/pkgconfig/arm_urdf_moveit_config.pc'
[0.783s] Level 1:colcon.colcon_core.environment:checking '/home/jerome/arm_base/install/arm_urdf_moveit_config/lib/python3.10/site-packages'
[0.783s] Level 1:colcon.colcon_core.environment:checking '/home/jerome/arm_base/install/arm_urdf_moveit_config/bin'
[0.784s] INFO:colcon.colcon_core.shell:Creating package script '/home/jerome/arm_base/install/arm_urdf_moveit_config/share/arm_urdf_moveit_config/package.ps1'
[0.784s] INFO:colcon.colcon_core.shell:Creating package descriptor '/home/jerome/arm_base/install/arm_urdf_moveit_config/share/arm_urdf_moveit_config/package.dsv'
[0.784s] INFO:colcon.colcon_core.shell:Creating package script '/home/jerome/arm_base/install/arm_urdf_moveit_config/share/arm_urdf_moveit_config/package.sh'
[0.785s] INFO:colcon.colcon_core.shell:Creating package script '/home/jerome/arm_base/install/arm_urdf_moveit_config/share/arm_urdf_moveit_config/package.bash'
[0.785s] INFO:colcon.colcon_core.shell:Creating package script '/home/jerome/arm_base/install/arm_urdf_moveit_config/share/arm_urdf_moveit_config/package.zsh'
[0.785s] Level 1:colcon.colcon_core.environment:create_file_with_runtime_dependencies(/home/jerome/arm_base/install/arm_urdf_moveit_config/share/colcon-core/packages/arm_urdf_moveit_config)
[0.786s] Level 1:colcon.colcon_core.environment:create_environment_scripts_only(pick_and_place)
[0.786s] Level 1:colcon.colcon_core.environment:checking '/home/jerome/arm_base/install/pick_and_place' for CMake module files
[0.786s] DEBUG:colcon.colcon_core.event_handler.log_command:Invoked command in '/home/jerome/arm_base/build/pick_and_place' returned '0': CMAKE_PREFIX_PATH=${CMAKE_PREFIX_PATH}:/home/jerome/ws_moveit2/install/moveit_configs_utils:/home/jerome/ws_moveit2/install/launch_param_builder:/opt/ros/humble /usr/bin/cmake --install /home/jerome/arm_base/build/pick_and_place
[0.787s] Level 1:colcon.colcon_core.environment:checking '/home/jerome/arm_base/install/pick_and_place' for CMake config files
[0.787s] Level 1:colcon.colcon_core.shell:create_environment_hook('pick_and_place', 'cmake_prefix_path')
[0.788s] INFO:colcon.colcon_core.shell:Creating environment hook '/home/jerome/arm_base/install/pick_and_place/share/pick_and_place/hook/cmake_prefix_path.ps1'
[0.788s] INFO:colcon.colcon_core.shell:Creating environment descriptor '/home/jerome/arm_base/install/pick_and_place/share/pick_and_place/hook/cmake_prefix_path.dsv'
[0.788s] INFO:colcon.colcon_core.shell:Creating environment hook '/home/jerome/arm_base/install/pick_and_place/share/pick_and_place/hook/cmake_prefix_path.sh'
[0.789s] Level 1:colcon.colcon_core.environment:checking '/home/jerome/arm_base/install/pick_and_place/lib'
[0.789s] Level 1:colcon.colcon_core.environment:checking '/home/jerome/arm_base/install/pick_and_place/bin'
[0.789s] Level 1:colcon.colcon_core.environment:checking '/home/jerome/arm_base/install/pick_and_place/lib/pkgconfig/pick_and_place.pc'
[0.789s] Level 1:colcon.colcon_core.environment:checking '/home/jerome/arm_base/install/pick_and_place/lib/python3.10/site-packages'
[0.789s] Level 1:colcon.colcon_core.environment:checking '/home/jerome/arm_base/install/pick_and_place/bin'
[0.789s] INFO:colcon.colcon_core.shell:Creating package script '/home/jerome/arm_base/install/pick_and_place/share/pick_and_place/package.ps1'
[0.790s] INFO:colcon.colcon_core.shell:Creating package descriptor '/home/jerome/arm_base/install/pick_and_place/share/pick_and_place/package.dsv'
[0.790s] INFO:colcon.colcon_core.shell:Creating package script '/home/jerome/arm_base/install/pick_and_place/share/pick_and_place/package.sh'
[0.790s] INFO:colcon.colcon_core.shell:Creating package script '/home/jerome/arm_base/install/pick_and_place/share/pick_and_place/package.bash'
[0.790s] INFO:colcon.colcon_core.shell:Creating package script '/home/jerome/arm_base/install/pick_and_place/share/pick_and_place/package.zsh'
[0.791s] Level 1:colcon.colcon_core.environment:create_file_with_runtime_dependencies(/home/jerome/arm_base/install/pick_and_place/share/colcon-core/packages/pick_and_place)
[0.791s] Level 1:colcon.colcon_core.environment:create_environment_scripts_only(pick_and_place)
[0.791s] Level 1:colcon.colcon_core.environment:checking '/home/jerome/arm_base/install/pick_and_place' for CMake module files
[0.791s] Level 1:colcon.colcon_core.environment:checking '/home/jerome/arm_base/install/pick_and_place' for CMake config files
[0.791s] Level 1:colcon.colcon_core.shell:create_environment_hook('pick_and_place', 'cmake_prefix_path')
[0.792s] INFO:colcon.colcon_core.shell:Creating environment hook '/home/jerome/arm_base/install/pick_and_place/share/pick_and_place/hook/cmake_prefix_path.ps1'
[0.792s] INFO:colcon.colcon_core.shell:Creating environment descriptor '/home/jerome/arm_base/install/pick_and_place/share/pick_and_place/hook/cmake_prefix_path.dsv'
[0.792s] INFO:colcon.colcon_core.shell:Creating environment hook '/home/jerome/arm_base/install/pick_and_place/share/pick_and_place/hook/cmake_prefix_path.sh'
[0.792s] Level 1:colcon.colcon_core.environment:checking '/home/jerome/arm_base/install/pick_and_place/lib'
[0.792s] Level 1:colcon.colcon_core.environment:checking '/home/jerome/arm_base/install/pick_and_place/bin'
[0.792s] Level 1:colcon.colcon_core.environment:checking '/home/jerome/arm_base/install/pick_and_place/lib/pkgconfig/pick_and_place.pc'
[0.792s] Level 1:colcon.colcon_core.environment:checking '/home/jerome/arm_base/install/pick_and_place/lib/python3.10/site-packages'
[0.793s] Level 1:colcon.colcon_core.environment:checking '/home/jerome/arm_base/install/pick_and_place/bin'
[0.793s] INFO:colcon.colcon_core.shell:Creating package script '/home/jerome/arm_base/install/pick_and_place/share/pick_and_place/package.ps1'
[0.793s] INFO:colcon.colcon_core.shell:Creating package descriptor '/home/jerome/arm_base/install/pick_and_place/share/pick_and_place/package.dsv'
[0.793s] INFO:colcon.colcon_core.shell:Creating package script '/home/jerome/arm_base/install/pick_and_place/share/pick_and_place/package.sh'
[0.794s] INFO:colcon.colcon_core.shell:Creating package script '/home/jerome/arm_base/install/pick_and_place/share/pick_and_place/package.bash'
[0.794s] INFO:colcon.colcon_core.shell:Creating package script '/home/jerome/arm_base/install/pick_and_place/share/pick_and_place/package.zsh'
[0.794s] Level 1:colcon.colcon_core.environment:create_file_with_runtime_dependencies(/home/jerome/arm_base/install/pick_and_place/share/colcon-core/packages/pick_and_place)
[0.794s] DEBUG:colcon.colcon_parallel_executor.executor.parallel:closing loop
[0.794s] DEBUG:colcon.colcon_parallel_executor.executor.parallel:loop closed
[0.794s] DEBUG:colcon.colcon_parallel_executor.executor.parallel:run_until_complete finished with '0'
[0.794s] DEBUG:colcon.colcon_core.event_reactor:joining thread
[0.799s] INFO:colcon.colcon_core.plugin_system:Skipping extension 'colcon_notification.desktop_notification.terminal_notifier': Not used on non-Darwin systems
[0.799s] INFO:colcon.colcon_core.plugin_system:Skipping extension 'colcon_notification.desktop_notification.win32': Not used on non-Windows systems
[0.799s] INFO:colcon.colcon_notification.desktop_notification:Sending desktop notification using 'notify2'
[0.817s] DEBUG:colcon.colcon_core.event_reactor:joined thread
[0.817s] INFO:colcon.colcon_core.shell:Creating prefix script '/home/jerome/arm_base/install/local_setup.ps1'
[0.818s] INFO:colcon.colcon_core.shell:Creating prefix util module '/home/jerome/arm_base/install/_local_setup_util_ps1.py'
[0.819s] INFO:colcon.colcon_core.shell:Creating prefix chain script '/home/jerome/arm_base/install/setup.ps1'
[0.821s] INFO:colcon.colcon_core.shell:Creating prefix script '/home/jerome/arm_base/install/local_setup.sh'
[0.822s] INFO:colcon.colcon_core.shell:Creating prefix util module '/home/jerome/arm_base/install/_local_setup_util_sh.py'
[0.822s] INFO:colcon.colcon_core.shell:Creating prefix chain script '/home/jerome/arm_base/install/setup.sh'
[0.824s] INFO:colcon.colcon_core.shell:Creating prefix script '/home/jerome/arm_base/install/local_setup.bash'
[0.825s] INFO:colcon.colcon_core.shell:Creating prefix chain script '/home/jerome/arm_base/install/setup.bash'
[0.827s] INFO:colcon.colcon_core.shell:Creating prefix script '/home/jerome/arm_base/install/local_setup.zsh'
[0.827s] INFO:colcon.colcon_core.shell:Creating prefix chain script '/home/jerome/arm_base/install/setup.zsh'
