[0.009s] Invoking command in '/home/jerome/arm_base/build/pick_and_place': CMAKE_PREFIX_PATH=${CMAKE_PREFIX_PATH}:/home/jerome/ws_moveit2/install/moveit_configs_utils:/home/jerome/ws_moveit2/install/launch_param_builder:/opt/ros/humble /usr/bin/cmake --build /home/jerome/arm_base/build/pick_and_place -- -j16 -l16
[0.065s] [35m[1mConsolidate compiler generated dependencies of target mtc_tutorial[0m
[0.086s] [ 50%] Built target pick_and_place
[0.093s] [ 75%] [32mBuilding CXX object CMakeFiles/mtc_tutorial.dir/src/mtc.cpp.o[0m
[3.408s] [01m[K/home/jerome/arm_base/src/pick_and_place/src/mtc.cpp:[m[K In member function ‘[01m[Kmoveit::task_constructor::Task MTCTaskNode::createTask()[m[K’:
[3.408s] [01m[K/home/jerome/arm_base/src/pick_and_place/src/mtc.cpp:247:52:[m[K [01;31m[Kerror: [m[K‘[01m[KDeepGraspPose[m[K’ is not a member of ‘[01m[Kmoveit::task_constructor::stages[m[K’
[3.408s]   247 |         auto stage = std::make_unique<mtc::stages::[01;31m[KDeepGraspPose[m[K<moveit_task_constructor_msgs::SampleGraspPosesAction>>("generate grasp pose");
[3.408s]       |                                                    [01;31m[K^~~~~~~~~~~~~[m[K
[3.408s] [01m[K/home/jerome/arm_base/src/pick_and_place/src/mtc.cpp:247:96:[m[K [01;31m[Kerror: [m[K‘[01m[KSampleGraspPosesAction[m[K’ is not a member of ‘[01m[Kmoveit_task_constructor_msgs[m[K’
[3.408s]   247 |         auto stage = std::make_unique<mtc::stages::DeepGraspPose<moveit_task_constructor_msgs::[01;31m[KSampleGraspPosesAction[m[K>>("generate grasp pose");
[3.409s]       |                                                                                                [01;31m[K^~~~~~~~~~~~~~~~~~~~~~[m[K
[3.409s] [01m[K/home/jerome/arm_base/src/pick_and_place/src/mtc.cpp:247:118:[m[K [01;31m[Kerror: [m[Kinvalid operands of types ‘[01m[K<unresolved overloaded function type>[m[K’ and ‘[01m[Kconst char [20][m[K’ to binary ‘[01m[Koperator>[m[K’
[3.409s]   247 |         auto stage = [32m[Kstd::make_unique<mtc::stages::DeepGraspPose<moveit_task_constructor_msgs::SampleGraspPosesAction[m[K[01;31m[K>>[m[K[34m[K("generate grasp pose")[m[K;
[3.409s]       |                      [32m[K~~~~~~~~~~~~~~~~~~~~~~~~~~~~~~~~~~~~~~~~~~~~~~~~~~~~~~~~~~~~~~~~~~~~~~~~~~~~~~~~~~~~~~~~~~~~~~~~[m[K[01;31m[K^~[m[K[34m[K~~~~~~~~~~~~~~~~~~~~~~~[m[K
[3.409s]       |                           [32m[K|[m[K                                                                                             [34m[K|[m[K
[3.409s]       |                           [32m[K<unresolved overloaded function type>[m[K                                                         [34m[Kconst char [20][m[K
[6.015s] gmake[2]: *** [CMakeFiles/mtc_tutorial.dir/build.make:76: CMakeFiles/mtc_tutorial.dir/src/mtc.cpp.o] Error 1
[6.016s] gmake[1]: *** [CMakeFiles/Makefile2:165: CMakeFiles/mtc_tutorial.dir/all] Error 2
[6.016s] gmake: *** [Makefile:146: all] Error 2
[6.018s] Invoked command in '/home/jerome/arm_base/build/pick_and_place' returned '2': CMAKE_PREFIX_PATH=${CMAKE_PREFIX_PATH}:/home/jerome/ws_moveit2/install/moveit_configs_utils:/home/jerome/ws_moveit2/install/launch_param_builder:/opt/ros/humble /usr/bin/cmake --build /home/jerome/arm_base/build/pick_and_place -- -j16 -l16
