[ 50%] Built target pick_and_place
[ 75%] [32mBuilding CXX object CMakeFiles/mtc_tutorial.dir/src/mtc.cpp.o[0m
[01m[K/home/jerome/arm_base/src/pick_and_place/src/mtc.cpp:[m[K In member function ‘[01m[Kmoveit::task_constructor::Task MTCTaskNode::createTask()[m[K’:
[01m[K/home/jerome/arm_base/src/pick_and_place/src/mtc.cpp:247:52:[m[K [01;31m[Kerror: [m[K‘[01m[KDeepGraspPose[m[K’ is not a member of ‘[01m[Kmoveit::task_constructor::stages[m[K’
  247 |         auto stage = std::make_unique<mtc::stages::[01;31m[KDeepGraspPose[m[K<moveit_task_constructor_msgs::SampleGraspPosesAction>>(
      |                                                    [01;31m[K^~~~~~~~~~~~~[m[K
[01m[K/home/jerome/arm_base/src/pick_and_place/src/mtc.cpp:247:96:[m[K [01;31m[Kerror: [m[K‘[01m[KSampleGraspPosesAction[m[K’ is not a member of ‘[01m[Kmoveit_task_constructor_msgs[m[K’
  247 |         auto stage = std::make_unique<mtc::stages::DeepGraspPose<moveit_task_constructor_msgs::[01;31m[KSampleGraspPosesAction[m[K>>(
      |                                                                                                [01;31m[K^~~~~~~~~~~~~~~~~~~~~~[m[K
[01m[K/home/jerome/arm_base/src/pick_and_place/src/mtc.cpp:248:13:[m[K [01;31m[Kerror: [m[K‘[01m[Kaction_name_[m[K’ was not declared in this scope
  248 |             [01;31m[Kaction_name_[m[K, "generate grasp pose");
      |             [01;31m[K^~~~~~~~~~~~[m[K
[01m[K/home/jerome/arm_base/src/pick_and_place/src/mtc.cpp:249:47:[m[K [01;31m[Kerror: [m[K‘[01m[KStage[m[K’ has not been declared
  249 |         stage->properties().configureInitFrom([01;31m[KStage[m[K::PARENT);
      |                                               [01;31m[K^~~~~[m[K
[01m[K/home/jerome/arm_base/src/pick_and_place/src/mtc.cpp:251:32:[m[K [01;31m[Kerror: [m[K‘[01m[Kopen[m[K’ was not declared in this scope; did you mean ‘[01m[Kpopen[m[K’?
  251 |         stage->setPreGraspPose([01;31m[Kopen[m[K);
      |                                [01;31m[K^~~~[m[K
      |                                [32m[Kpopen[m[K
[01m[K/home/jerome/arm_base/src/pick_and_place/src/mtc.cpp:252:26:[m[K [01;31m[Kerror: [m[K‘[01m[Kobject[m[K’ was not declared in this scope
  252 |         stage->setObject([01;31m[Kobject[m[K);
      |                          [01;31m[K^~~~~~[m[K
[01m[K/home/jerome/arm_base/src/pick_and_place/src/mtc.cpp:259:29:[m[K [01;31m[Kerror: [m[K‘[01m[Kgrasp_frame_transform_[m[K’ was not declared in this scope
  259 |         wrapper->setIKFrame([01;31m[Kgrasp_frame_transform_[m[K, hand_frame);
      |                             [01;31m[K^~~~~~~~~~~~~~~~~~~~~~[m[K
gmake[2]: *** [CMakeFiles/mtc_tutorial.dir/build.make:76: CMakeFiles/mtc_tutorial.dir/src/mtc.cpp.o] Error 1
gmake[1]: *** [CMakeFiles/Makefile2:165: CMakeFiles/mtc_tutorial.dir/all] Error 2
gmake: *** [Makefile:146: all] Error 2
