[0.009s] Invoking command in '/home/jerome/arm_base/build/pick_and_place': CMAKE_PREFIX_PATH=${CMAKE_PREFIX_PATH}:/home/jerome/ws_moveit2/install/moveit_configs_utils:/home/jerome/ws_moveit2/install/launch_param_builder:/opt/ros/humble /usr/bin/cmake --build /home/jerome/arm_base/build/pick_and_place -- -j16 -l16
[0.070s] [ 50%] Built target pick_and_place
[0.070s] [ 75%] [32mBuilding CXX object CMakeFiles/mtc_tutorial.dir/src/mtc.cpp.o[0m
[3.326s] [01m[K/home/jerome/arm_base/src/pick_and_place/src/mtc.cpp:[m[K In member function ‘[01m[Kmoveit::task_constructor::Task MTCTaskNode::createTask()[m[K’:
[3.326s] [01m[K/home/jerome/arm_base/src/pick_and_place/src/mtc.cpp:247:52:[m[K [01;31m[Kerror: [m[K‘[01m[KDeepGraspPose[m[K’ is not a member of ‘[01m[Kmoveit::task_constructor::stages[m[K’
[3.326s]   247 |         auto stage = std::make_unique<mtc::stages::[01;31m[KDeepGraspPose[m[K<moveit_task_constructor_msgs::SampleGraspPosesAction>>(
[3.326s]       |                                                    [01;31m[K^~~~~~~~~~~~~[m[K
[3.326s] [01m[K/home/jerome/arm_base/src/pick_and_place/src/mtc.cpp:247:96:[m[K [01;31m[Kerror: [m[K‘[01m[KSampleGraspPosesAction[m[K’ is not a member of ‘[01m[Kmoveit_task_constructor_msgs[m[K’
[3.326s]   247 |         auto stage = std::make_unique<mtc::stages::DeepGraspPose<moveit_task_constructor_msgs::[01;31m[KSampleGraspPosesAction[m[K>>(
[3.326s]       |                                                                                                [01;31m[K^~~~~~~~~~~~~~~~~~~~~~[m[K
[3.334s] [01m[K/home/jerome/arm_base/src/pick_and_place/src/mtc.cpp:248:13:[m[K [01;31m[Kerror: [m[K‘[01m[Kaction_name_[m[K’ was not declared in this scope
[3.334s]   248 |             [01;31m[Kaction_name_[m[K, "generate grasp pose");
[3.334s]       |             [01;31m[K^~~~~~~~~~~~[m[K
[3.334s] [01m[K/home/jerome/arm_base/src/pick_and_place/src/mtc.cpp:249:47:[m[K [01;31m[Kerror: [m[K‘[01m[KStage[m[K’ has not been declared
[3.334s]   249 |         stage->properties().configureInitFrom([01;31m[KStage[m[K::PARENT);
[3.334s]       |                                               [01;31m[K^~~~~[m[K
[3.338s] [01m[K/home/jerome/arm_base/src/pick_and_place/src/mtc.cpp:251:32:[m[K [01;31m[Kerror: [m[K‘[01m[Kopen[m[K’ was not declared in this scope; did you mean ‘[01m[Kpopen[m[K’?
[3.338s]   251 |         stage->setPreGraspPose([01;31m[Kopen[m[K);
[3.338s]       |                                [01;31m[K^~~~[m[K
[3.338s]       |                                [32m[Kpopen[m[K
[3.342s] [01m[K/home/jerome/arm_base/src/pick_and_place/src/mtc.cpp:252:26:[m[K [01;31m[Kerror: [m[K‘[01m[Kobject[m[K’ was not declared in this scope
[3.342s]   252 |         stage->setObject([01;31m[Kobject[m[K);
[3.342s]       |                          [01;31m[K^~~~~~[m[K
[3.356s] [01m[K/home/jerome/arm_base/src/pick_and_place/src/mtc.cpp:259:29:[m[K [01;31m[Kerror: [m[K‘[01m[Kgrasp_frame_transform_[m[K’ was not declared in this scope
[3.356s]   259 |         wrapper->setIKFrame([01;31m[Kgrasp_frame_transform_[m[K, hand_frame);
[3.356s]       |                             [01;31m[K^~~~~~~~~~~~~~~~~~~~~~[m[K
[5.857s] gmake[2]: *** [CMakeFiles/mtc_tutorial.dir/build.make:76: CMakeFiles/mtc_tutorial.dir/src/mtc.cpp.o] Error 1
[5.857s] gmake[1]: *** [CMakeFiles/Makefile2:165: CMakeFiles/mtc_tutorial.dir/all] Error 2
[5.857s] gmake: *** [Makefile:146: all] Error 2
[5.859s] Invoked command in '/home/jerome/arm_base/build/pick_and_place' returned '2': CMAKE_PREFIX_PATH=${CMAKE_PREFIX_PATH}:/home/jerome/ws_moveit2/install/moveit_configs_utils:/home/jerome/ws_moveit2/install/launch_param_builder:/opt/ros/humble /usr/bin/cmake --build /home/jerome/arm_base/build/pick_and_place -- -j16 -l16
