[0.009s] Invoking command in '/home/jerome/arm_base/build/pick_and_place': CMAKE_PREFIX_PATH=${CMAKE_PREFIX_PATH}:/home/jerome/ws_moveit2/install/moveit_configs_utils:/home/jerome/ws_moveit2/install/launch_param_builder:/opt/ros/humble /usr/bin/cmake /home/jerome/arm_base/src/pick_and_place -DCMAKE_INSTALL_PREFIX=/home/jerome/arm_base/install/pick_and_place
[0.120s] -- The C compiler identification is GNU 11.4.0
[0.213s] -- The CXX compiler identification is GNU 11.4.0
[0.222s] -- Detecting C compiler ABI info
[0.325s] -- Detecting C compiler ABI info - done
[0.330s] -- Check for working C compiler: /usr/bin/cc - skipped
[0.330s] -- Detecting C compile features
[0.331s] -- Detecting C compile features - done
[0.333s] -- Detecting CXX compiler ABI info
[0.435s] -- Detecting CXX compiler ABI info - done
[0.440s] -- Check for working CXX compiler: /usr/bin/c++ - skipped
[0.441s] -- Detecting CXX compile features
[0.441s] -- Detecting CXX compile features - done
[0.450s] -- Found ament_cmake: 1.3.12 (/opt/ros/humble/share/ament_cmake/cmake)
[0.595s] -- Found Python3: /usr/bin/python3 (found version "3.10.12") found components: Interpreter 
[0.705s] -- Found moveit_ros_planning_interface: 2.5.9 (/home/jerome/ws_moveit2/install/moveit_ros_planning_interface/share/moveit_ros_planning_interface/cmake)
[0.924s] -- Found Boost: /usr/lib/x86_64-linux-gnu/cmake/Boost-1.74.0/BoostConfig.cmake (found version "1.74.0") found components: date_time filesystem program_options system thread 
[0.991s] -- Found rosidl_generator_c: 3.1.7 (/opt/ros/humble/share/rosidl_generator_c/cmake)
[1.001s] -- Found rosidl_adapter: 3.1.7 (/opt/ros/humble/share/rosidl_adapter/cmake)
[1.013s] -- Found rosidl_generator_cpp: 3.1.7 (/opt/ros/humble/share/rosidl_generator_cpp/cmake)
[1.030s] -- Using all available rosidl_typesupport_c: rosidl_typesupport_fastrtps_c;rosidl_typesupport_introspection_c
[1.052s] -- Using all available rosidl_typesupport_cpp: rosidl_typesupport_fastrtps_cpp;rosidl_typesupport_introspection_cpp
[1.242s] -- Found Boost: /usr/lib/x86_64-linux-gnu/cmake/Boost-1.74.0/BoostConfig.cmake (found version "1.74.0") found components: chrono date_time filesystem iostreams program_options regex serialization system thread 
[1.314s] -- Found parameter_traits: 0.5.0 (/opt/ros/humble/share/parameter_traits/cmake)
[1.383s] -- Found rmw_implementation_cmake: 6.1.2 (/opt/ros/humble/share/rmw_implementation_cmake/cmake)
[1.390s] -- Found rmw_cyclonedds_cpp: 1.3.4 (/opt/ros/humble/share/rmw_cyclonedds_cpp/cmake)
[1.427s] -- Using RMW implementation 'rmw_cyclonedds_cpp' as default
[1.443s] -- Found Threads: TRUE  
[1.495s] -- Found rclcpp_lifecycle: 16.0.15 (/opt/ros/humble/share/rclcpp_lifecycle/cmake)
[1.523s] -- Found Boost: /usr/lib/x86_64-linux-gnu/cmake/Boost-1.74.0/BoostConfig.cmake (found version "1.74.0") found components: filesystem 
[1.660s] -- library: /usr/lib/x86_64-linux-gnu/libcurl.so
[1.701s] -- Found Eigen3: TRUE (found version "3.4.0") 
[1.701s] -- Ensuring Eigen3 include directory is part of orocos-kdl CMake target
[1.862s] -- Found Boost: /usr/lib/x86_64-linux-gnu/cmake/Boost-1.74.0/BoostConfig.cmake (found version "1.74.0") found components: system filesystem date_time program_options thread chrono 
[1.887s] -- Found Boost: /usr/lib/x86_64-linux-gnu/cmake/Boost-1.74.0/BoostConfig.cmake (found version "1.74.0") found components: thread system filesystem regex date_time program_options 
[2.002s] -- Found Boost: /usr/lib/x86_64-linux-gnu/cmake/Boost-1.74.0/BoostConfig.cmake (found version "1.74.0") found components: system filesystem date_time program_options thread 
[2.043s] -- Found gazebo_msgs: 3.9.0 (/opt/ros/humble/share/gazebo_msgs/cmake)
[2.065s] [33mCMake Warning at CMakeLists.txt:22 (find_package):
[2.065s]   By not providing "Findlinkattacher_msgs.cmake" in CMAKE_MODULE_PATH this
[2.065s]   project has asked CMake to find a package configuration file provided by
[2.065s]   "linkattacher_msgs", but CMake did not find one.
[2.065s] 
[2.065s]   Could not find a package configuration file provided by "linkattacher_msgs"
[2.065s]   with any of the following names:
[2.065s] 
[2.065s]     linkattacher_msgsConfig.cmake
[2.065s]     linkattacher_msgs-config.cmake
[2.065s] 
[2.066s]   Add the installation prefix of "linkattacher_msgs" to CMAKE_PREFIX_PATH or
[2.066s]   set "linkattacher_msgs_DIR" to a directory containing one of the above
[2.066s]   files.  If "linkattacher_msgs" provides a separate development package or
[2.066s]   SDK, be sure it has been installed.
[2.066s] 
[2.066s] [0m
[2.066s] -- Found moveit_task_constructor_core: 0.1.3 (/home/jerome/ws_moveit2/install/moveit_task_constructor_core/share/moveit_task_constructor_core/cmake)
[2.125s] -- Checking for module 'eigen3'
[2.143s] --   Found eigen3, version 3.4.0
[2.200s] -- Found Eigen: /usr/include/eigen3 (Required is at least version "3.1") 
[2.200s] -- Eigen found (include: /usr/include/eigen3, version: 3.4.0)
[2.208s] -- Found Boost: /usr/lib/x86_64-linux-gnu/cmake/Boost-1.74.0/BoostConfig.cmake (found suitable version "1.74.0", minimum required is "1.65.0") found components: system filesystem date_time iostreams serialization 
[2.310s] -- Checking for module 'libusb-1.0'
[2.337s] --   Found libusb-1.0, version 1.0.25
[2.398s] -- Found libusb: /usr/lib/x86_64-linux-gnu/libusb-1.0.so  
[2.400s] -- Found OpenNI: /usr/lib/libOpenNI.so;libusb::libusb (found version "1.5.4.0") 
[2.401s] -- OpenNI found (version: 1.5.4.0, include: /usr/include/ni, lib: /usr/lib/libOpenNI.so;libusb::libusb)
[2.501s] -- Found OpenNI2: /usr/lib/x86_64-linux-gnu/libOpenNI2.so;libusb::libusb (found version "2.2.0.33") 
[2.501s] -- OpenNI2 found (version: 2.2.0.33, include: /usr/include/openni2, lib: /usr/lib/x86_64-linux-gnu/libOpenNI2.so;libusb::libusb)
[2.501s] [0m** WARNING ** io features related to pcap will be disabled[0m
[2.501s] [0m** WARNING ** io features related to png will be disabled[0m
[2.541s] -- Found GLEW: /usr/lib/x86_64-linux-gnu/libGLEW.so  
[2.548s] -- Found OpenGL: /usr/lib/x86_64-linux-gnu/libOpenGL.so  found components: OpenGL GLX 
[2.733s] -- Found MPI_C: /usr/lib/x86_64-linux-gnu/libmpi.so (found version "3.1") 
[2.733s] -- Found MPI: TRUE (found version "3.1") found components: C 
[2.735s] -- Found JsonCpp: /usr/lib/x86_64-linux-gnu/libjsoncpp.so (found suitable version "1.9.5", minimum required is "0.7.0") 
[2.743s] -- Found ZLIB: /usr/lib/x86_64-linux-gnu/libz.so (found version "1.2.11") 
[2.758s] -- Found PNG: /usr/lib/x86_64-linux-gnu/libpng.so (found version "1.6.37") 
[2.773s] -- Found Eigen3: /usr/include/eigen3 (found version "3.4.0") 
[2.905s] -- Found X11: /usr/include   
[2.906s] -- Looking for XOpenDisplay in /usr/lib/x86_64-linux-gnu/libX11.so;/usr/lib/x86_64-linux-gnu/libXext.so
[3.004s] -- Looking for XOpenDisplay in /usr/lib/x86_64-linux-gnu/libX11.so;/usr/lib/x86_64-linux-gnu/libXext.so - found
[3.005s] -- Looking for gethostbyname
[3.102s] -- Looking for gethostbyname - found
[3.102s] -- Looking for connect
[3.191s] -- Looking for connect - found
[3.191s] -- Looking for remove
[3.286s] -- Looking for remove - found
[3.286s] -- Looking for shmat
[3.390s] -- Looking for shmat - found
[3.390s] -- Looking for IceConnectionNumber in ICE
[3.488s] -- Looking for IceConnectionNumber in ICE - found
[3.620s] -- Found EXPAT: /usr/lib/x86_64-linux-gnu/libexpat.so (found version "2.4.7") 
[3.623s] -- Found double-conversion: /usr/lib/x86_64-linux-gnu/libdouble-conversion.so  
[3.627s] -- Found LZ4: /usr/lib/x86_64-linux-gnu/liblz4.so (found version "1.9.3") 
[3.629s] -- Found LZMA: /usr/lib/x86_64-linux-gnu/liblzma.so (found version "5.2.5") 
[3.639s] -- Found JPEG: /usr/lib/x86_64-linux-gnu/libjpeg.so (found version "80") 
[3.644s] -- Found TIFF: /usr/lib/x86_64-linux-gnu/libtiff.so (found version "4.3.0")  
[3.647s] -- Found Freetype: /usr/lib/x86_64-linux-gnu/libfreetype.so (found version "2.11.1") 
[3.654s] -- Found utf8cpp: /usr/include/utf8cpp  
[3.682s] -- Eigen found (include: /usr/include/eigen3, version: 3.4.0)
[3.697s] -- Checking for module 'flann'
[3.721s] --   Found flann, version 1.9.1
[3.793s] -- Found FLANN: /usr/lib/x86_64-linux-gnu/libflann_cpp.so  
[3.793s] -- FLANN found (include: /usr/include, lib: /usr/lib/x86_64-linux-gnu/libflann_cpp.so)
[4.056s] -- looking for PCL_COMMON
[4.056s] -- Found PCL_COMMON: /usr/lib/x86_64-linux-gnu/libpcl_common.so  
[4.056s] -- looking for PCL_OCTREE
[4.056s] -- Found PCL_OCTREE: /usr/lib/x86_64-linux-gnu/libpcl_octree.so  
[4.057s] -- looking for PCL_IO
[4.057s] -- Found PCL_IO: /usr/lib/x86_64-linux-gnu/libpcl_io.so  
[4.057s] -- looking for PCL_KDTREE
[4.058s] -- Found PCL_KDTREE: /usr/lib/x86_64-linux-gnu/libpcl_kdtree.so  
[4.058s] -- looking for PCL_SEARCH
[4.058s] -- Found PCL_SEARCH: /usr/lib/x86_64-linux-gnu/libpcl_search.so  
[4.058s] -- looking for PCL_SAMPLE_CONSENSUS
[4.059s] -- Found PCL_SAMPLE_CONSENSUS: /usr/lib/x86_64-linux-gnu/libpcl_sample_consensus.so  
[4.059s] -- looking for PCL_FILTERS
[4.059s] -- Found PCL_FILTERS: /usr/lib/x86_64-linux-gnu/libpcl_filters.so  
[4.060s] -- looking for PCL_GEOMETRY
[4.060s] -- Found PCL_GEOMETRY: /usr/include/pcl-1.12  
[4.060s] -- looking for PCL_2D
[4.060s] -- Found PCL_2D: /usr/include/pcl-1.12  
[4.060s] -- looking for PCL_FEATURES
[4.060s] -- Found PCL_FEATURES: /usr/lib/x86_64-linux-gnu/libpcl_features.so  
[4.061s] -- looking for PCL_ML
[4.061s] -- Found PCL_ML: /usr/lib/x86_64-linux-gnu/libpcl_ml.so  
[4.061s] -- looking for PCL_SEGMENTATION
[4.062s] -- Found PCL_SEGMENTATION: /usr/lib/x86_64-linux-gnu/libpcl_segmentation.so  
[4.062s] -- Found PCL: pcl_common;pcl_octree;pcl_io;pcl_kdtree;pcl_search;pcl_sample_consensus;pcl_filters;pcl_features;pcl_ml;pcl_segmentation;Boost::system;Boost::filesystem;Boost::date_time;Boost::iostreams;Boost::serialization;/usr/lib/libOpenNI.so;libusb::libusb;/usr/lib/x86_64-linux-gnu/libOpenNI2.so;libusb::libusb;VTK::ChartsCore;VTK::CommonColor;VTK::CommonComputationalGeometry;VTK::CommonCore;VTK::CommonDataModel;VTK::CommonExecutionModel;VTK::CommonMath;VTK::CommonMisc;VTK::CommonTransforms;VTK::FiltersCore;VTK::FiltersExtraction;VTK::FiltersGeneral;VTK::FiltersGeometry;VTK::FiltersModeling;VTK::FiltersSources;VTK::ImagingCore;VTK::ImagingSources;VTK::InteractionImage;VTK::InteractionStyle;VTK::InteractionWidgets;VTK::IOCore;VTK::IOGeometry;VTK::IOImage;VTK::IOLegacy;VTK::IOPLY;VTK::RenderingAnnotation;VTK::RenderingCore;VTK::RenderingContext2D;VTK::RenderingLOD;VTK::RenderingFreeType;VTK::ViewsCore;VTK::ViewsContext2D;VTK::RenderingOpenGL2;VTK::GUISupportQt;FLANN::FLANN  
[4.069s] -- Found ament_lint_auto: 0.12.14 (/opt/ros/humble/share/ament_lint_auto/cmake)
[4.150s] [31mCMake Error at /opt/ros/humble/share/ament_cmake_target_dependencies/cmake/ament_target_dependencies.cmake:77 (message):
[4.150s]   ament_target_dependencies() the passed package name 'linkattacher_msgs' was
[4.150s]   not found before
[4.150s] Call Stack (most recent call first):
[4.150s]   CMakeLists.txt:54 (ament_target_dependencies)
[4.150s] 
[4.150s] [0m
[4.151s] -- Configuring incomplete, errors occurred!
[4.151s] See also "/home/jerome/arm_base/build/pick_and_place/CMakeFiles/CMakeOutput.log".
[4.163s] Invoked command in '/home/jerome/arm_base/build/pick_and_place' returned '1': CMAKE_PREFIX_PATH=${CMAKE_PREFIX_PATH}:/home/jerome/ws_moveit2/install/moveit_configs_utils:/home/jerome/ws_moveit2/install/launch_param_builder:/opt/ros/humble /usr/bin/cmake /home/jerome/arm_base/src/pick_and_place -DCMAKE_INSTALL_PREFIX=/home/jerome/arm_base/install/pick_and_place
