[0.077s] DEBUG:colcon:Command line arguments: ['/usr/bin/colcon', 'build']
[0.077s] DEBUG:colcon:Parsed command line arguments: Namespace(log_base=None, log_level=None, verb_name='build', build_base='build', install_base='install', merge_install=False, symlink_install=False, test_result_base=None, continue_on_error=False, executor='parallel', parallel_workers=16, event_handlers=None, ignore_user_meta=False, metas=['./colcon.meta'], base_paths=['.'], packages_ignore=None, packages_ignore_regex=None, paths=None, packages_up_to=None, packages_up_to_regex=None, packages_above=None, packages_above_and_dependencies=None, packages_above_depth=None, packages_select_by_dep=None, packages_skip_by_dep=None, packages_skip_up_to=None, packages_select_build_failed=False, packages_skip_build_finished=False, packages_select_test_failures=False, packages_skip_test_passed=False, packages_select=None, packages_skip=None, packages_select_regex=None, packages_skip_regex=None, packages_start=None, packages_end=None, allow_overriding=[], cmake_args=None, cmake_target=None, cmake_target_skip_unavailable=False, cmake_clean_cache=False, cmake_clean_first=False, cmake_force_configure=False, ament_cmake_args=None, catkin_cmake_args=None, catkin_skip_building_tests=False, mixin_files=None, mixin=None, verb_parser=<colcon_mixin.mixin.mixin_argument.MixinArgumentDecorator object at 0x75a1f5a537c0>, verb_extension=<colcon_core.verb.build.BuildVerb object at 0x75a1f5ba0f70>, main=<bound method BuildVerb.main of <colcon_core.verb.build.BuildVerb object at 0x75a1f5ba0f70>>, mixin_verb=('build',))
[0.183s] Level 1:colcon.colcon_core.package_discovery:discover_packages(colcon_meta) check parameters
[0.183s] Level 1:colcon.colcon_core.package_discovery:discover_packages(recursive) check parameters
[0.183s] Level 1:colcon.colcon_core.package_discovery:discover_packages(ignore) check parameters
[0.183s] Level 1:colcon.colcon_core.package_discovery:discover_packages(path) check parameters
[0.183s] Level 1:colcon.colcon_core.package_discovery:discover_packages(colcon_meta) discover
[0.183s] Level 1:colcon.colcon_core.package_discovery:discover_packages(recursive) discover
[0.183s] INFO:colcon.colcon_core.package_discovery:Crawling recursively for packages in '/home/jerome/arm_base'
[0.183s] Level 1:colcon.colcon_core.package_identification:_identify(.) by extensions ['ignore', 'ignore_ament_install']
[0.184s] Level 1:colcon.colcon_core.package_identification:_identify(.) by extension 'ignore'
[0.184s] Level 1:colcon.colcon_core.package_identification:_identify(.) by extension 'ignore_ament_install'
[0.184s] Level 1:colcon.colcon_core.package_identification:_identify(.) by extensions ['colcon_pkg']
[0.184s] Level 1:colcon.colcon_core.package_identification:_identify(.) by extension 'colcon_pkg'
[0.184s] Level 1:colcon.colcon_core.package_identification:_identify(.) by extensions ['colcon_meta']
[0.184s] Level 1:colcon.colcon_core.package_identification:_identify(.) by extension 'colcon_meta'
[0.184s] Level 1:colcon.colcon_core.package_identification:_identify(.) by extensions ['ros']
[0.184s] Level 1:colcon.colcon_core.package_identification:_identify(.) by extension 'ros'
[0.195s] Level 1:colcon.colcon_core.package_identification:_identify(.) by extensions ['cmake', 'python']
[0.195s] Level 1:colcon.colcon_core.package_identification:_identify(.) by extension 'cmake'
[0.195s] Level 1:colcon.colcon_core.package_identification:_identify(.) by extension 'python'
[0.195s] Level 1:colcon.colcon_core.package_identification:_identify(.) by extensions ['python_setup_py']
[0.195s] Level 1:colcon.colcon_core.package_identification:_identify(.) by extension 'python_setup_py'
[0.196s] Level 1:colcon.colcon_core.package_identification:_identify(build) by extensions ['ignore', 'ignore_ament_install']
[0.196s] Level 1:colcon.colcon_core.package_identification:_identify(build) by extension 'ignore'
[0.196s] Level 1:colcon.colcon_core.package_identification:_identify(build) ignored
[0.196s] Level 1:colcon.colcon_core.package_identification:_identify(install) by extensions ['ignore', 'ignore_ament_install']
[0.196s] Level 1:colcon.colcon_core.package_identification:_identify(install) by extension 'ignore'
[0.196s] Level 1:colcon.colcon_core.package_identification:_identify(install) ignored
[0.196s] Level 1:colcon.colcon_core.package_identification:_identify(log) by extensions ['ignore', 'ignore_ament_install']
[0.196s] Level 1:colcon.colcon_core.package_identification:_identify(log) by extension 'ignore'
[0.196s] Level 1:colcon.colcon_core.package_identification:_identify(log) ignored
[0.196s] Level 1:colcon.colcon_core.package_identification:_identify(src) by extensions ['ignore', 'ignore_ament_install']
[0.196s] Level 1:colcon.colcon_core.package_identification:_identify(src) by extension 'ignore'
[0.196s] Level 1:colcon.colcon_core.package_identification:_identify(src) by extension 'ignore_ament_install'
[0.196s] Level 1:colcon.colcon_core.package_identification:_identify(src) by extensions ['colcon_pkg']
[0.196s] Level 1:colcon.colcon_core.package_identification:_identify(src) by extension 'colcon_pkg'
[0.196s] Level 1:colcon.colcon_core.package_identification:_identify(src) by extensions ['colcon_meta']
[0.196s] Level 1:colcon.colcon_core.package_identification:_identify(src) by extension 'colcon_meta'
[0.196s] Level 1:colcon.colcon_core.package_identification:_identify(src) by extensions ['ros']
[0.196s] Level 1:colcon.colcon_core.package_identification:_identify(src) by extension 'ros'
[0.196s] Level 1:colcon.colcon_core.package_identification:_identify(src) by extensions ['cmake', 'python']
[0.196s] Level 1:colcon.colcon_core.package_identification:_identify(src) by extension 'cmake'
[0.196s] Level 1:colcon.colcon_core.package_identification:_identify(src) by extension 'python'
[0.196s] Level 1:colcon.colcon_core.package_identification:_identify(src) by extensions ['python_setup_py']
[0.196s] Level 1:colcon.colcon_core.package_identification:_identify(src) by extension 'python_setup_py'
[0.196s] Level 1:colcon.colcon_core.package_identification:_identify(src/arm_urdf) by extensions ['ignore', 'ignore_ament_install']
[0.196s] Level 1:colcon.colcon_core.package_identification:_identify(src/arm_urdf) by extension 'ignore'
[0.196s] Level 1:colcon.colcon_core.package_identification:_identify(src/arm_urdf) by extension 'ignore_ament_install'
[0.196s] Level 1:colcon.colcon_core.package_identification:_identify(src/arm_urdf) by extensions ['colcon_pkg']
[0.196s] Level 1:colcon.colcon_core.package_identification:_identify(src/arm_urdf) by extension 'colcon_pkg'
[0.196s] Level 1:colcon.colcon_core.package_identification:_identify(src/arm_urdf) by extensions ['colcon_meta']
[0.196s] Level 1:colcon.colcon_core.package_identification:_identify(src/arm_urdf) by extension 'colcon_meta'
[0.196s] Level 1:colcon.colcon_core.package_identification:_identify(src/arm_urdf) by extensions ['ros']
[0.196s] Level 1:colcon.colcon_core.package_identification:_identify(src/arm_urdf) by extension 'ros'
[0.198s] DEBUG:colcon.colcon_core.package_identification:Package 'src/arm_urdf' with type 'ros.ament_cmake' and name 'arm_urdf'
[0.198s] Level 1:colcon.colcon_core.package_identification:_identify(src/arm_urdf_moveit_config) by extensions ['ignore', 'ignore_ament_install']
[0.198s] Level 1:colcon.colcon_core.package_identification:_identify(src/arm_urdf_moveit_config) by extension 'ignore'
[0.198s] Level 1:colcon.colcon_core.package_identification:_identify(src/arm_urdf_moveit_config) by extension 'ignore_ament_install'
[0.198s] Level 1:colcon.colcon_core.package_identification:_identify(src/arm_urdf_moveit_config) by extensions ['colcon_pkg']
[0.198s] Level 1:colcon.colcon_core.package_identification:_identify(src/arm_urdf_moveit_config) by extension 'colcon_pkg'
[0.198s] Level 1:colcon.colcon_core.package_identification:_identify(src/arm_urdf_moveit_config) by extensions ['colcon_meta']
[0.198s] Level 1:colcon.colcon_core.package_identification:_identify(src/arm_urdf_moveit_config) by extension 'colcon_meta'
[0.198s] Level 1:colcon.colcon_core.package_identification:_identify(src/arm_urdf_moveit_config) by extensions ['ros']
[0.198s] Level 1:colcon.colcon_core.package_identification:_identify(src/arm_urdf_moveit_config) by extension 'ros'
[0.199s] DEBUG:colcon.colcon_core.package_identification:Package 'src/arm_urdf_moveit_config' with type 'ros.ament_cmake' and name 'arm_urdf_moveit_config'
[0.199s] Level 1:colcon.colcon_core.package_discovery:discover_packages(recursive) using defaults
[0.199s] Level 1:colcon.colcon_core.package_discovery:discover_packages(ignore) discover
[0.199s] Level 1:colcon.colcon_core.package_discovery:discover_packages(ignore) using defaults
[0.199s] Level 1:colcon.colcon_core.package_discovery:discover_packages(path) discover
[0.199s] Level 1:colcon.colcon_core.package_discovery:discover_packages(path) using defaults
[0.212s] Level 1:colcon.colcon_core.package_discovery:discover_packages(prefix_path) check parameters
[0.212s] Level 1:colcon.colcon_core.package_discovery:discover_packages(prefix_path) discover
[0.214s] DEBUG:colcon.colcon_installed_package_information.package_discovery:Found 1 installed packages in /home/jerome/arm_base/install
[0.215s] DEBUG:colcon.colcon_installed_package_information.package_discovery:Found 68 installed packages in /home/jerome/ws_moveit2/install
[0.216s] DEBUG:colcon.colcon_installed_package_information.package_discovery:Found 382 installed packages in /opt/ros/humble
[0.218s] Level 1:colcon.colcon_core.package_discovery:discover_packages(prefix_path) using defaults
[0.248s] Level 5:colcon.colcon_core.verb:set package 'arm_urdf' build argument 'cmake_args' from command line to 'None'
[0.248s] Level 5:colcon.colcon_core.verb:set package 'arm_urdf' build argument 'cmake_target' from command line to 'None'
[0.248s] Level 5:colcon.colcon_core.verb:set package 'arm_urdf' build argument 'cmake_target_skip_unavailable' from command line to 'False'
[0.248s] Level 5:colcon.colcon_core.verb:set package 'arm_urdf' build argument 'cmake_clean_cache' from command line to 'False'
[0.248s] Level 5:colcon.colcon_core.verb:set package 'arm_urdf' build argument 'cmake_clean_first' from command line to 'False'
[0.248s] Level 5:colcon.colcon_core.verb:set package 'arm_urdf' build argument 'cmake_force_configure' from command line to 'False'
[0.248s] Level 5:colcon.colcon_core.verb:set package 'arm_urdf' build argument 'ament_cmake_args' from command line to 'None'
[0.248s] Level 5:colcon.colcon_core.verb:set package 'arm_urdf' build argument 'catkin_cmake_args' from command line to 'None'
[0.248s] Level 5:colcon.colcon_core.verb:set package 'arm_urdf' build argument 'catkin_skip_building_tests' from command line to 'False'
[0.248s] DEBUG:colcon.colcon_core.verb:Building package 'arm_urdf' with the following arguments: {'ament_cmake_args': None, 'build_base': '/home/jerome/arm_base/build/arm_urdf', 'catkin_cmake_args': None, 'catkin_skip_building_tests': False, 'cmake_args': None, 'cmake_clean_cache': False, 'cmake_clean_first': False, 'cmake_force_configure': False, 'cmake_target': None, 'cmake_target_skip_unavailable': False, 'install_base': '/home/jerome/arm_base/install/arm_urdf', 'merge_install': False, 'path': '/home/jerome/arm_base/src/arm_urdf', 'symlink_install': False, 'test_result_base': None}
[0.248s] Level 5:colcon.colcon_core.verb:set package 'arm_urdf_moveit_config' build argument 'cmake_args' from command line to 'None'
[0.248s] Level 5:colcon.colcon_core.verb:set package 'arm_urdf_moveit_config' build argument 'cmake_target' from command line to 'None'
[0.248s] Level 5:colcon.colcon_core.verb:set package 'arm_urdf_moveit_config' build argument 'cmake_target_skip_unavailable' from command line to 'False'
[0.248s] Level 5:colcon.colcon_core.verb:set package 'arm_urdf_moveit_config' build argument 'cmake_clean_cache' from command line to 'False'
[0.248s] Level 5:colcon.colcon_core.verb:set package 'arm_urdf_moveit_config' build argument 'cmake_clean_first' from command line to 'False'
[0.248s] Level 5:colcon.colcon_core.verb:set package 'arm_urdf_moveit_config' build argument 'cmake_force_configure' from command line to 'False'
[0.248s] Level 5:colcon.colcon_core.verb:set package 'arm_urdf_moveit_config' build argument 'ament_cmake_args' from command line to 'None'
[0.248s] Level 5:colcon.colcon_core.verb:set package 'arm_urdf_moveit_config' build argument 'catkin_cmake_args' from command line to 'None'
[0.248s] Level 5:colcon.colcon_core.verb:set package 'arm_urdf_moveit_config' build argument 'catkin_skip_building_tests' from command line to 'False'
[0.248s] DEBUG:colcon.colcon_core.verb:Building package 'arm_urdf_moveit_config' with the following arguments: {'ament_cmake_args': None, 'build_base': '/home/jerome/arm_base/build/arm_urdf_moveit_config', 'catkin_cmake_args': None, 'catkin_skip_building_tests': False, 'cmake_args': None, 'cmake_clean_cache': False, 'cmake_clean_first': False, 'cmake_force_configure': False, 'cmake_target': None, 'cmake_target_skip_unavailable': False, 'install_base': '/home/jerome/arm_base/install/arm_urdf_moveit_config', 'merge_install': False, 'path': '/home/jerome/arm_base/src/arm_urdf_moveit_config', 'symlink_install': False, 'test_result_base': None}
[0.248s] INFO:colcon.colcon_core.executor:Executing jobs using 'parallel' executor
[0.249s] DEBUG:colcon.colcon_parallel_executor.executor.parallel:run_until_complete
[0.249s] INFO:colcon.colcon_ros.task.ament_cmake.build:Building ROS package in '/home/jerome/arm_base/src/arm_urdf' with build type 'ament_cmake'
[0.249s] INFO:colcon.colcon_cmake.task.cmake.build:Building CMake package in '/home/jerome/arm_base/src/arm_urdf'
[0.251s] INFO:colcon.colcon_core.plugin_system:Skipping extension 'colcon_core.shell.bat': Not used on non-Windows systems
[0.251s] INFO:colcon.colcon_core.shell:Skip shell extension 'powershell' for command environment: Not usable outside of PowerShell
[0.251s] DEBUG:colcon.colcon_core.shell:Skip shell extension 'dsv' for command environment
[0.262s] DEBUG:colcon.colcon_core.event_handler.log_command:Invoking command in '/home/jerome/arm_base/build/arm_urdf': CMAKE_PREFIX_PATH=${CMAKE_PREFIX_PATH}:/home/jerome/ws_moveit2/install/moveit_configs_utils:/home/jerome/ws_moveit2/install/ros2_controllers_test_nodes:/home/jerome/ws_moveit2/install/launch_param_builder:/home/jerome/ws_moveit2/install/hello_helpers:/opt/ros/humble /usr/bin/cmake --build /home/jerome/arm_base/build/arm_urdf -- -j16 -l16
[0.309s] DEBUG:colcon.colcon_core.event_handler.log_command:Invoked command in '/home/jerome/arm_base/build/arm_urdf' returned '0': CMAKE_PREFIX_PATH=${CMAKE_PREFIX_PATH}:/home/jerome/ws_moveit2/install/moveit_configs_utils:/home/jerome/ws_moveit2/install/ros2_controllers_test_nodes:/home/jerome/ws_moveit2/install/launch_param_builder:/home/jerome/ws_moveit2/install/hello_helpers:/opt/ros/humble /usr/bin/cmake --build /home/jerome/arm_base/build/arm_urdf -- -j16 -l16
[0.321s] DEBUG:colcon.colcon_core.event_handler.log_command:Invoking command in '/home/jerome/arm_base/build/arm_urdf': CMAKE_PREFIX_PATH=${CMAKE_PREFIX_PATH}:/home/jerome/ws_moveit2/install/moveit_configs_utils:/home/jerome/ws_moveit2/install/ros2_controllers_test_nodes:/home/jerome/ws_moveit2/install/launch_param_builder:/home/jerome/ws_moveit2/install/hello_helpers:/opt/ros/humble /usr/bin/cmake --install /home/jerome/arm_base/build/arm_urdf
[0.337s] Level 1:colcon.colcon_core.environment:create_environment_scripts_only(arm_urdf)
[0.337s] DEBUG:colcon.colcon_core.event_handler.log_command:Invoked command in '/home/jerome/arm_base/build/arm_urdf' returned '0': CMAKE_PREFIX_PATH=${CMAKE_PREFIX_PATH}:/home/jerome/ws_moveit2/install/moveit_configs_utils:/home/jerome/ws_moveit2/install/ros2_controllers_test_nodes:/home/jerome/ws_moveit2/install/launch_param_builder:/home/jerome/ws_moveit2/install/hello_helpers:/opt/ros/humble /usr/bin/cmake --install /home/jerome/arm_base/build/arm_urdf
[0.339s] Level 1:colcon.colcon_core.environment:checking '/home/jerome/arm_base/install/arm_urdf' for CMake module files
[0.339s] Level 1:colcon.colcon_core.environment:checking '/home/jerome/arm_base/install/arm_urdf' for CMake config files
[0.339s] Level 1:colcon.colcon_core.shell:create_environment_hook('arm_urdf', 'cmake_prefix_path')
[0.339s] INFO:colcon.colcon_core.shell:Creating environment hook '/home/jerome/arm_base/install/arm_urdf/share/arm_urdf/hook/cmake_prefix_path.ps1'
[0.340s] INFO:colcon.colcon_core.shell:Creating environment descriptor '/home/jerome/arm_base/install/arm_urdf/share/arm_urdf/hook/cmake_prefix_path.dsv'
[0.340s] INFO:colcon.colcon_core.shell:Creating environment hook '/home/jerome/arm_base/install/arm_urdf/share/arm_urdf/hook/cmake_prefix_path.sh'
[0.341s] Level 1:colcon.colcon_core.environment:checking '/home/jerome/arm_base/install/arm_urdf/bin'
[0.341s] Level 1:colcon.colcon_core.environment:checking '/home/jerome/arm_base/install/arm_urdf/lib/pkgconfig/arm_urdf.pc'
[0.341s] Level 1:colcon.colcon_core.environment:checking '/home/jerome/arm_base/install/arm_urdf/lib/python3.10/site-packages'
[0.341s] Level 1:colcon.colcon_core.environment:checking '/home/jerome/arm_base/install/arm_urdf/bin'
[0.341s] INFO:colcon.colcon_core.shell:Creating package script '/home/jerome/arm_base/install/arm_urdf/share/arm_urdf/package.ps1'
[0.342s] INFO:colcon.colcon_core.shell:Creating package descriptor '/home/jerome/arm_base/install/arm_urdf/share/arm_urdf/package.dsv'
[0.342s] INFO:colcon.colcon_core.shell:Creating package script '/home/jerome/arm_base/install/arm_urdf/share/arm_urdf/package.sh'
[0.342s] INFO:colcon.colcon_core.shell:Creating package script '/home/jerome/arm_base/install/arm_urdf/share/arm_urdf/package.bash'
[0.343s] INFO:colcon.colcon_core.shell:Creating package script '/home/jerome/arm_base/install/arm_urdf/share/arm_urdf/package.zsh'
[0.343s] Level 1:colcon.colcon_core.environment:create_file_with_runtime_dependencies(/home/jerome/arm_base/install/arm_urdf/share/colcon-core/packages/arm_urdf)
[0.343s] Level 1:colcon.colcon_core.environment:create_environment_scripts_only(arm_urdf)
[0.343s] Level 1:colcon.colcon_core.environment:checking '/home/jerome/arm_base/install/arm_urdf' for CMake module files
[0.344s] Level 1:colcon.colcon_core.environment:checking '/home/jerome/arm_base/install/arm_urdf' for CMake config files
[0.344s] Level 1:colcon.colcon_core.shell:create_environment_hook('arm_urdf', 'cmake_prefix_path')
[0.344s] INFO:colcon.colcon_core.shell:Creating environment hook '/home/jerome/arm_base/install/arm_urdf/share/arm_urdf/hook/cmake_prefix_path.ps1'
[0.344s] INFO:colcon.colcon_core.shell:Creating environment descriptor '/home/jerome/arm_base/install/arm_urdf/share/arm_urdf/hook/cmake_prefix_path.dsv'
[0.344s] INFO:colcon.colcon_core.shell:Creating environment hook '/home/jerome/arm_base/install/arm_urdf/share/arm_urdf/hook/cmake_prefix_path.sh'
[0.344s] Level 1:colcon.colcon_core.environment:checking '/home/jerome/arm_base/install/arm_urdf/bin'
[0.344s] Level 1:colcon.colcon_core.environment:checking '/home/jerome/arm_base/install/arm_urdf/lib/pkgconfig/arm_urdf.pc'
[0.345s] Level 1:colcon.colcon_core.environment:checking '/home/jerome/arm_base/install/arm_urdf/lib/python3.10/site-packages'
[0.345s] Level 1:colcon.colcon_core.environment:checking '/home/jerome/arm_base/install/arm_urdf/bin'
[0.345s] INFO:colcon.colcon_core.shell:Creating package script '/home/jerome/arm_base/install/arm_urdf/share/arm_urdf/package.ps1'
[0.345s] INFO:colcon.colcon_core.shell:Creating package descriptor '/home/jerome/arm_base/install/arm_urdf/share/arm_urdf/package.dsv'
[0.345s] INFO:colcon.colcon_core.shell:Creating package script '/home/jerome/arm_base/install/arm_urdf/share/arm_urdf/package.sh'
[0.346s] INFO:colcon.colcon_core.shell:Creating package script '/home/jerome/arm_base/install/arm_urdf/share/arm_urdf/package.bash'
[0.346s] INFO:colcon.colcon_core.shell:Creating package script '/home/jerome/arm_base/install/arm_urdf/share/arm_urdf/package.zsh'
[0.346s] Level 1:colcon.colcon_core.environment:create_file_with_runtime_dependencies(/home/jerome/arm_base/install/arm_urdf/share/colcon-core/packages/arm_urdf)
[0.346s] INFO:colcon.colcon_ros.task.ament_cmake.build:Building ROS package in '/home/jerome/arm_base/src/arm_urdf_moveit_config' with build type 'ament_cmake'
[0.346s] INFO:colcon.colcon_cmake.task.cmake.build:Building CMake package in '/home/jerome/arm_base/src/arm_urdf_moveit_config'
[0.346s] INFO:colcon.colcon_core.shell:Skip shell extension 'powershell' for command environment: Not usable outside of PowerShell
[0.346s] DEBUG:colcon.colcon_core.shell:Skip shell extension 'dsv' for command environment
[0.357s] DEBUG:colcon.colcon_core.event_handler.log_command:Invoking command in '/home/jerome/arm_base/build/arm_urdf_moveit_config': CMAKE_PREFIX_PATH=${CMAKE_PREFIX_PATH}:/home/jerome/ws_moveit2/install/moveit_configs_utils:/home/jerome/ws_moveit2/install/ros2_controllers_test_nodes:/home/jerome/ws_moveit2/install/launch_param_builder:/home/jerome/ws_moveit2/install/hello_helpers:/opt/ros/humble /usr/bin/cmake /home/jerome/arm_base/src/arm_urdf_moveit_config -DCMAKE_INSTALL_PREFIX=/home/jerome/arm_base/install/arm_urdf_moveit_config
[1.006s] DEBUG:colcon.colcon_core.event_handler.log_command:Invoked command in '/home/jerome/arm_base/build/arm_urdf_moveit_config' returned '0': CMAKE_PREFIX_PATH=${CMAKE_PREFIX_PATH}:/home/jerome/ws_moveit2/install/moveit_configs_utils:/home/jerome/ws_moveit2/install/ros2_controllers_test_nodes:/home/jerome/ws_moveit2/install/launch_param_builder:/home/jerome/ws_moveit2/install/hello_helpers:/opt/ros/humble /usr/bin/cmake /home/jerome/arm_base/src/arm_urdf_moveit_config -DCMAKE_INSTALL_PREFIX=/home/jerome/arm_base/install/arm_urdf_moveit_config
[1.006s] DEBUG:colcon.colcon_core.event_handler.log_command:Invoking command in '/home/jerome/arm_base/build/arm_urdf_moveit_config': CMAKE_PREFIX_PATH=${CMAKE_PREFIX_PATH}:/home/jerome/ws_moveit2/install/moveit_configs_utils:/home/jerome/ws_moveit2/install/ros2_controllers_test_nodes:/home/jerome/ws_moveit2/install/launch_param_builder:/home/jerome/ws_moveit2/install/hello_helpers:/opt/ros/humble /usr/bin/cmake --build /home/jerome/arm_base/build/arm_urdf_moveit_config -- -j16 -l16
[1.061s] DEBUG:colcon.colcon_core.event_handler.log_command:Invoked command in '/home/jerome/arm_base/build/arm_urdf_moveit_config' returned '0': CMAKE_PREFIX_PATH=${CMAKE_PREFIX_PATH}:/home/jerome/ws_moveit2/install/moveit_configs_utils:/home/jerome/ws_moveit2/install/ros2_controllers_test_nodes:/home/jerome/ws_moveit2/install/launch_param_builder:/home/jerome/ws_moveit2/install/hello_helpers:/opt/ros/humble /usr/bin/cmake --build /home/jerome/arm_base/build/arm_urdf_moveit_config -- -j16 -l16
[1.063s] DEBUG:colcon.colcon_core.event_handler.log_command:Invoking command in '/home/jerome/arm_base/build/arm_urdf_moveit_config': CMAKE_PREFIX_PATH=${CMAKE_PREFIX_PATH}:/home/jerome/ws_moveit2/install/moveit_configs_utils:/home/jerome/ws_moveit2/install/ros2_controllers_test_nodes:/home/jerome/ws_moveit2/install/launch_param_builder:/home/jerome/ws_moveit2/install/hello_helpers:/opt/ros/humble /usr/bin/cmake --install /home/jerome/arm_base/build/arm_urdf_moveit_config
[1.078s] Level 1:colcon.colcon_core.environment:create_environment_scripts_only(arm_urdf_moveit_config)
[1.078s] Level 1:colcon.colcon_core.environment:checking '/home/jerome/arm_base/install/arm_urdf_moveit_config' for CMake module files
[1.079s] DEBUG:colcon.colcon_core.event_handler.log_command:Invoked command in '/home/jerome/arm_base/build/arm_urdf_moveit_config' returned '0': CMAKE_PREFIX_PATH=${CMAKE_PREFIX_PATH}:/home/jerome/ws_moveit2/install/moveit_configs_utils:/home/jerome/ws_moveit2/install/ros2_controllers_test_nodes:/home/jerome/ws_moveit2/install/launch_param_builder:/home/jerome/ws_moveit2/install/hello_helpers:/opt/ros/humble /usr/bin/cmake --install /home/jerome/arm_base/build/arm_urdf_moveit_config
[1.079s] Level 1:colcon.colcon_core.environment:checking '/home/jerome/arm_base/install/arm_urdf_moveit_config' for CMake config files
[1.079s] Level 1:colcon.colcon_core.shell:create_environment_hook('arm_urdf_moveit_config', 'cmake_prefix_path')
[1.080s] INFO:colcon.colcon_core.shell:Creating environment hook '/home/jerome/arm_base/install/arm_urdf_moveit_config/share/arm_urdf_moveit_config/hook/cmake_prefix_path.ps1'
[1.080s] INFO:colcon.colcon_core.shell:Creating environment descriptor '/home/jerome/arm_base/install/arm_urdf_moveit_config/share/arm_urdf_moveit_config/hook/cmake_prefix_path.dsv'
[1.081s] INFO:colcon.colcon_core.shell:Creating environment hook '/home/jerome/arm_base/install/arm_urdf_moveit_config/share/arm_urdf_moveit_config/hook/cmake_prefix_path.sh'
[1.081s] Level 1:colcon.colcon_core.environment:checking '/home/jerome/arm_base/install/arm_urdf_moveit_config/bin'
[1.081s] Level 1:colcon.colcon_core.environment:checking '/home/jerome/arm_base/install/arm_urdf_moveit_config/lib/pkgconfig/arm_urdf_moveit_config.pc'
[1.082s] Level 1:colcon.colcon_core.environment:checking '/home/jerome/arm_base/install/arm_urdf_moveit_config/lib/python3.10/site-packages'
[1.082s] Level 1:colcon.colcon_core.environment:checking '/home/jerome/arm_base/install/arm_urdf_moveit_config/bin'
[1.082s] INFO:colcon.colcon_core.shell:Creating package script '/home/jerome/arm_base/install/arm_urdf_moveit_config/share/arm_urdf_moveit_config/package.ps1'
[1.083s] INFO:colcon.colcon_core.shell:Creating package descriptor '/home/jerome/arm_base/install/arm_urdf_moveit_config/share/arm_urdf_moveit_config/package.dsv'
[1.083s] INFO:colcon.colcon_core.shell:Creating package script '/home/jerome/arm_base/install/arm_urdf_moveit_config/share/arm_urdf_moveit_config/package.sh'
[1.084s] INFO:colcon.colcon_core.shell:Creating package script '/home/jerome/arm_base/install/arm_urdf_moveit_config/share/arm_urdf_moveit_config/package.bash'
[1.084s] INFO:colcon.colcon_core.shell:Creating package script '/home/jerome/arm_base/install/arm_urdf_moveit_config/share/arm_urdf_moveit_config/package.zsh'
[1.085s] Level 1:colcon.colcon_core.environment:create_file_with_runtime_dependencies(/home/jerome/arm_base/install/arm_urdf_moveit_config/share/colcon-core/packages/arm_urdf_moveit_config)
[1.085s] Level 1:colcon.colcon_core.environment:create_environment_scripts_only(arm_urdf_moveit_config)
[1.086s] Level 1:colcon.colcon_core.environment:checking '/home/jerome/arm_base/install/arm_urdf_moveit_config' for CMake module files
[1.086s] Level 1:colcon.colcon_core.environment:checking '/home/jerome/arm_base/install/arm_urdf_moveit_config' for CMake config files
[1.086s] Level 1:colcon.colcon_core.shell:create_environment_hook('arm_urdf_moveit_config', 'cmake_prefix_path')
[1.086s] INFO:colcon.colcon_core.shell:Creating environment hook '/home/jerome/arm_base/install/arm_urdf_moveit_config/share/arm_urdf_moveit_config/hook/cmake_prefix_path.ps1'
[1.087s] INFO:colcon.colcon_core.shell:Creating environment descriptor '/home/jerome/arm_base/install/arm_urdf_moveit_config/share/arm_urdf_moveit_config/hook/cmake_prefix_path.dsv'
[1.087s] INFO:colcon.colcon_core.shell:Creating environment hook '/home/jerome/arm_base/install/arm_urdf_moveit_config/share/arm_urdf_moveit_config/hook/cmake_prefix_path.sh'
[1.088s] Level 1:colcon.colcon_core.environment:checking '/home/jerome/arm_base/install/arm_urdf_moveit_config/bin'
[1.088s] Level 1:colcon.colcon_core.environment:checking '/home/jerome/arm_base/install/arm_urdf_moveit_config/lib/pkgconfig/arm_urdf_moveit_config.pc'
[1.088s] Level 1:colcon.colcon_core.environment:checking '/home/jerome/arm_base/install/arm_urdf_moveit_config/lib/python3.10/site-packages'
[1.089s] Level 1:colcon.colcon_core.environment:checking '/home/jerome/arm_base/install/arm_urdf_moveit_config/bin'
[1.089s] INFO:colcon.colcon_core.shell:Creating package script '/home/jerome/arm_base/install/arm_urdf_moveit_config/share/arm_urdf_moveit_config/package.ps1'
[1.090s] INFO:colcon.colcon_core.shell:Creating package descriptor '/home/jerome/arm_base/install/arm_urdf_moveit_config/share/arm_urdf_moveit_config/package.dsv'
[1.090s] INFO:colcon.colcon_core.shell:Creating package script '/home/jerome/arm_base/install/arm_urdf_moveit_config/share/arm_urdf_moveit_config/package.sh'
[1.091s] INFO:colcon.colcon_core.shell:Creating package script '/home/jerome/arm_base/install/arm_urdf_moveit_config/share/arm_urdf_moveit_config/package.bash'
[1.091s] INFO:colcon.colcon_core.shell:Creating package script '/home/jerome/arm_base/install/arm_urdf_moveit_config/share/arm_urdf_moveit_config/package.zsh'
[1.091s] Level 1:colcon.colcon_core.environment:create_file_with_runtime_dependencies(/home/jerome/arm_base/install/arm_urdf_moveit_config/share/colcon-core/packages/arm_urdf_moveit_config)
[1.092s] DEBUG:colcon.colcon_parallel_executor.executor.parallel:closing loop
[1.092s] DEBUG:colcon.colcon_parallel_executor.executor.parallel:loop closed
[1.092s] DEBUG:colcon.colcon_parallel_executor.executor.parallel:run_until_complete finished with '0'
[1.092s] DEBUG:colcon.colcon_core.event_reactor:joining thread
[1.098s] INFO:colcon.colcon_core.plugin_system:Skipping extension 'colcon_notification.desktop_notification.terminal_notifier': Not used on non-Darwin systems
[1.098s] INFO:colcon.colcon_core.plugin_system:Skipping extension 'colcon_notification.desktop_notification.win32': Not used on non-Windows systems
[1.098s] INFO:colcon.colcon_notification.desktop_notification:Sending desktop notification using 'notify2'
[1.111s] DEBUG:colcon.colcon_core.event_reactor:joined thread
[1.111s] INFO:colcon.colcon_core.shell:Creating prefix script '/home/jerome/arm_base/install/local_setup.ps1'
[1.112s] INFO:colcon.colcon_core.shell:Creating prefix util module '/home/jerome/arm_base/install/_local_setup_util_ps1.py'
[1.114s] INFO:colcon.colcon_core.shell:Creating prefix chain script '/home/jerome/arm_base/install/setup.ps1'
[1.117s] INFO:colcon.colcon_core.shell:Creating prefix script '/home/jerome/arm_base/install/local_setup.sh'
[1.117s] INFO:colcon.colcon_core.shell:Creating prefix util module '/home/jerome/arm_base/install/_local_setup_util_sh.py'
[1.118s] INFO:colcon.colcon_core.shell:Creating prefix chain script '/home/jerome/arm_base/install/setup.sh'
[1.120s] INFO:colcon.colcon_core.shell:Creating prefix script '/home/jerome/arm_base/install/local_setup.bash'
[1.120s] INFO:colcon.colcon_core.shell:Creating prefix chain script '/home/jerome/arm_base/install/setup.bash'
[1.122s] INFO:colcon.colcon_core.shell:Creating prefix script '/home/jerome/arm_base/install/local_setup.zsh'
[1.122s] INFO:colcon.colcon_core.shell:Creating prefix chain script '/home/jerome/arm_base/install/setup.zsh'
