[0.009s] Invoking command in '/home/jerome/arm_base/build/pick_and_place': CMAKE_PREFIX_PATH=${CMAKE_PREFIX_PATH}:/home/jerome/ws_moveit2/install/moveit_configs_utils:/home/jerome/ws_moveit2/install/launch_param_builder:/opt/ros/humble /usr/bin/cmake --build /home/jerome/arm_base/build/pick_and_place -- -j16 -l16
[0.085s] [ 50%] Built target pick_and_place
[0.088s] [ 75%] [32mBuilding CXX object CMakeFiles/mtc_tutorial.dir/src/mtc.cpp.o[0m
[8.146s] [100%] [32m[1mLinking CXX executable mtc_tutorial[0m
[8.615s] [100%] Built target mtc_tutorial
[8.625s] Invoked command in '/home/jerome/arm_base/build/pick_and_place' returned '0': CMAKE_PREFIX_PATH=${CMAKE_PREFIX_PATH}:/home/jerome/ws_moveit2/install/moveit_configs_utils:/home/jerome/ws_moveit2/install/launch_param_builder:/opt/ros/humble /usr/bin/cmake --build /home/jerome/arm_base/build/pick_and_place -- -j16 -l16
[8.626s] Invoking command in '/home/jerome/arm_base/build/pick_and_place': CMAKE_PREFIX_PATH=${CMAKE_PREFIX_PATH}:/home/jerome/ws_moveit2/install/moveit_configs_utils:/home/jerome/ws_moveit2/install/launch_param_builder:/opt/ros/humble /usr/bin/cmake --install /home/jerome/arm_base/build/pick_and_place
[8.634s] -- Install configuration: ""
[8.634s] -- Installing: /home/jerome/arm_base/install/pick_and_place/lib/pick_and_place/mtc_tutorial
[8.635s] -- Set runtime path of "/home/jerome/arm_base/install/pick_and_place/lib/pick_and_place/mtc_tutorial" to ""
[8.635s] -- Up-to-date: /home/jerome/arm_base/install/pick_and_place/share/pick_and_place//launch
[8.635s] -- Up-to-date: /home/jerome/arm_base/install/pick_and_place/share/pick_and_place//launch/pick_new.launch.py
[8.635s] -- Up-to-date: /home/jerome/arm_base/install/pick_and_place/share/pick_and_place//launch/pick_and_place.launch.py
[8.635s] -- Up-to-date: /home/jerome/arm_base/install/pick_and_place/lib/pick_and_place/pick_and_place
[8.635s] -- Up-to-date: /home/jerome/arm_base/install/pick_and_place/share/ament_index/resource_index/package_run_dependencies/pick_and_place
[8.635s] -- Up-to-date: /home/jerome/arm_base/install/pick_and_place/share/ament_index/resource_index/parent_prefix_path/pick_and_place
[8.635s] -- Up-to-date: /home/jerome/arm_base/install/pick_and_place/share/pick_and_place/environment/ament_prefix_path.sh
[8.636s] -- Up-to-date: /home/jerome/arm_base/install/pick_and_place/share/pick_and_place/environment/ament_prefix_path.dsv
[8.636s] -- Up-to-date: /home/jerome/arm_base/install/pick_and_place/share/pick_and_place/environment/path.sh
[8.636s] -- Up-to-date: /home/jerome/arm_base/install/pick_and_place/share/pick_and_place/environment/path.dsv
[8.636s] -- Up-to-date: /home/jerome/arm_base/install/pick_and_place/share/pick_and_place/local_setup.bash
[8.636s] -- Up-to-date: /home/jerome/arm_base/install/pick_and_place/share/pick_and_place/local_setup.sh
[8.636s] -- Up-to-date: /home/jerome/arm_base/install/pick_and_place/share/pick_and_place/local_setup.zsh
[8.636s] -- Up-to-date: /home/jerome/arm_base/install/pick_and_place/share/pick_and_place/local_setup.dsv
[8.636s] -- Installing: /home/jerome/arm_base/install/pick_and_place/share/pick_and_place/package.dsv
[8.636s] -- Up-to-date: /home/jerome/arm_base/install/pick_and_place/share/ament_index/resource_index/packages/pick_and_place
[8.636s] -- Up-to-date: /home/jerome/arm_base/install/pick_and_place/share/pick_and_place/cmake/pick_and_placeConfig.cmake
[8.636s] -- Up-to-date: /home/jerome/arm_base/install/pick_and_place/share/pick_and_place/cmake/pick_and_placeConfig-version.cmake
[8.636s] -- Up-to-date: /home/jerome/arm_base/install/pick_and_place/share/pick_and_place/package.xml
[8.637s] Invoked command in '/home/jerome/arm_base/build/pick_and_place' returned '0': CMAKE_PREFIX_PATH=${CMAKE_PREFIX_PATH}:/home/jerome/ws_moveit2/install/moveit_configs_utils:/home/jerome/ws_moveit2/install/launch_param_builder:/opt/ros/humble /usr/bin/cmake --install /home/jerome/arm_base/build/pick_and_place
