[0.075s] DEBUG:colcon:Command line arguments: ['/usr/bin/colcon', 'build']
[0.076s] DEBUG:colcon:Parsed command line arguments: Namespace(log_base=None, log_level=None, verb_name='build', build_base='build', install_base='install', merge_install=False, symlink_install=False, test_result_base=None, continue_on_error=False, executor='parallel', parallel_workers=16, event_handlers=None, ignore_user_meta=False, metas=['./colcon.meta'], base_paths=['.'], packages_ignore=None, packages_ignore_regex=None, paths=None, packages_up_to=None, packages_up_to_regex=None, packages_above=None, packages_above_and_dependencies=None, packages_above_depth=None, packages_select_by_dep=None, packages_skip_by_dep=None, packages_skip_up_to=None, packages_select_build_failed=False, packages_skip_build_finished=False, packages_select_test_failures=False, packages_skip_test_passed=False, packages_select=None, packages_skip=None, packages_select_regex=None, packages_skip_regex=None, packages_start=None, packages_end=None, allow_overriding=[], cmake_args=None, cmake_target=None, cmake_target_skip_unavailable=False, cmake_clean_cache=False, cmake_clean_first=False, cmake_force_configure=False, ament_cmake_args=None, catkin_cmake_args=None, catkin_skip_building_tests=False, mixin_files=None, mixin=None, verb_parser=<colcon_mixin.mixin.mixin_argument.MixinArgumentDecorator object at 0x7ecd090035b0>, verb_extension=<colcon_core.verb.build.BuildVerb object at 0x7ecd091a8100>, main=<bound method BuildVerb.main of <colcon_core.verb.build.BuildVerb object at 0x7ecd091a8100>>, mixin_verb=('build',))
[0.198s] Level 1:colcon.colcon_core.package_discovery:discover_packages(colcon_meta) check parameters
[0.199s] Level 1:colcon.colcon_core.package_discovery:discover_packages(recursive) check parameters
[0.199s] Level 1:colcon.colcon_core.package_discovery:discover_packages(ignore) check parameters
[0.199s] Level 1:colcon.colcon_core.package_discovery:discover_packages(path) check parameters
[0.199s] Level 1:colcon.colcon_core.package_discovery:discover_packages(colcon_meta) discover
[0.199s] Level 1:colcon.colcon_core.package_discovery:discover_packages(recursive) discover
[0.199s] INFO:colcon.colcon_core.package_discovery:Crawling recursively for packages in '/home/jerome/arm_base'
[0.199s] Level 1:colcon.colcon_core.package_identification:_identify(.) by extensions ['ignore', 'ignore_ament_install']
[0.199s] Level 1:colcon.colcon_core.package_identification:_identify(.) by extension 'ignore'
[0.199s] Level 1:colcon.colcon_core.package_identification:_identify(.) by extension 'ignore_ament_install'
[0.199s] Level 1:colcon.colcon_core.package_identification:_identify(.) by extensions ['colcon_pkg']
[0.199s] Level 1:colcon.colcon_core.package_identification:_identify(.) by extension 'colcon_pkg'
[0.199s] Level 1:colcon.colcon_core.package_identification:_identify(.) by extensions ['colcon_meta']
[0.199s] Level 1:colcon.colcon_core.package_identification:_identify(.) by extension 'colcon_meta'
[0.199s] Level 1:colcon.colcon_core.package_identification:_identify(.) by extensions ['ros']
[0.199s] Level 1:colcon.colcon_core.package_identification:_identify(.) by extension 'ros'
[0.207s] Level 1:colcon.colcon_core.package_identification:_identify(.) by extensions ['cmake', 'python']
[0.207s] Level 1:colcon.colcon_core.package_identification:_identify(.) by extension 'cmake'
[0.207s] Level 1:colcon.colcon_core.package_identification:_identify(.) by extension 'python'
[0.207s] Level 1:colcon.colcon_core.package_identification:_identify(.) by extensions ['python_setup_py']
[0.207s] Level 1:colcon.colcon_core.package_identification:_identify(.) by extension 'python_setup_py'
[0.207s] Level 1:colcon.colcon_core.package_identification:_identify(build) by extensions ['ignore', 'ignore_ament_install']
[0.207s] Level 1:colcon.colcon_core.package_identification:_identify(build) by extension 'ignore'
[0.207s] Level 1:colcon.colcon_core.package_identification:_identify(build) ignored
[0.207s] Level 1:colcon.colcon_core.package_identification:_identify(install) by extensions ['ignore', 'ignore_ament_install']
[0.207s] Level 1:colcon.colcon_core.package_identification:_identify(install) by extension 'ignore'
[0.210s] Level 1:colcon.colcon_core.package_identification:_identify(install) ignored
[0.210s] Level 1:colcon.colcon_core.package_identification:_identify(log) by extensions ['ignore', 'ignore_ament_install']
[0.210s] Level 1:colcon.colcon_core.package_identification:_identify(log) by extension 'ignore'
[0.210s] Level 1:colcon.colcon_core.package_identification:_identify(log) ignored
[0.210s] Level 1:colcon.colcon_core.package_identification:_identify(src) by extensions ['ignore', 'ignore_ament_install']
[0.210s] Level 1:colcon.colcon_core.package_identification:_identify(src) by extension 'ignore'
[0.210s] Level 1:colcon.colcon_core.package_identification:_identify(src) by extension 'ignore_ament_install'
[0.210s] Level 1:colcon.colcon_core.package_identification:_identify(src) by extensions ['colcon_pkg']
[0.210s] Level 1:colcon.colcon_core.package_identification:_identify(src) by extension 'colcon_pkg'
[0.210s] Level 1:colcon.colcon_core.package_identification:_identify(src) by extensions ['colcon_meta']
[0.210s] Level 1:colcon.colcon_core.package_identification:_identify(src) by extension 'colcon_meta'
[0.210s] Level 1:colcon.colcon_core.package_identification:_identify(src) by extensions ['ros']
[0.210s] Level 1:colcon.colcon_core.package_identification:_identify(src) by extension 'ros'
[0.210s] Level 1:colcon.colcon_core.package_identification:_identify(src) by extensions ['cmake', 'python']
[0.210s] Level 1:colcon.colcon_core.package_identification:_identify(src) by extension 'cmake'
[0.210s] Level 1:colcon.colcon_core.package_identification:_identify(src) by extension 'python'
[0.210s] Level 1:colcon.colcon_core.package_identification:_identify(src) by extensions ['python_setup_py']
[0.210s] Level 1:colcon.colcon_core.package_identification:_identify(src) by extension 'python_setup_py'
[0.210s] Level 1:colcon.colcon_core.package_identification:_identify(src/arm_urdf) by extensions ['ignore', 'ignore_ament_install']
[0.210s] Level 1:colcon.colcon_core.package_identification:_identify(src/arm_urdf) by extension 'ignore'
[0.210s] Level 1:colcon.colcon_core.package_identification:_identify(src/arm_urdf) by extension 'ignore_ament_install'
[0.210s] Level 1:colcon.colcon_core.package_identification:_identify(src/arm_urdf) by extensions ['colcon_pkg']
[0.210s] Level 1:colcon.colcon_core.package_identification:_identify(src/arm_urdf) by extension 'colcon_pkg'
[0.210s] Level 1:colcon.colcon_core.package_identification:_identify(src/arm_urdf) by extensions ['colcon_meta']
[0.211s] Level 1:colcon.colcon_core.package_identification:_identify(src/arm_urdf) by extension 'colcon_meta'
[0.211s] Level 1:colcon.colcon_core.package_identification:_identify(src/arm_urdf) by extensions ['ros']
[0.211s] Level 1:colcon.colcon_core.package_identification:_identify(src/arm_urdf) by extension 'ros'
[0.212s] DEBUG:colcon.colcon_core.package_identification:Package 'src/arm_urdf' with type 'ros.ament_cmake' and name 'arm_urdf'
[0.212s] Level 1:colcon.colcon_core.package_identification:_identify(src/arm_urdf_moveit_config) by extensions ['ignore', 'ignore_ament_install']
[0.212s] Level 1:colcon.colcon_core.package_identification:_identify(src/arm_urdf_moveit_config) by extension 'ignore'
[0.212s] Level 1:colcon.colcon_core.package_identification:_identify(src/arm_urdf_moveit_config) by extension 'ignore_ament_install'
[0.212s] Level 1:colcon.colcon_core.package_identification:_identify(src/arm_urdf_moveit_config) by extensions ['colcon_pkg']
[0.212s] Level 1:colcon.colcon_core.package_identification:_identify(src/arm_urdf_moveit_config) by extension 'colcon_pkg'
[0.212s] Level 1:colcon.colcon_core.package_identification:_identify(src/arm_urdf_moveit_config) by extensions ['colcon_meta']
[0.212s] Level 1:colcon.colcon_core.package_identification:_identify(src/arm_urdf_moveit_config) by extension 'colcon_meta'
[0.212s] Level 1:colcon.colcon_core.package_identification:_identify(src/arm_urdf_moveit_config) by extensions ['ros']
[0.212s] Level 1:colcon.colcon_core.package_identification:_identify(src/arm_urdf_moveit_config) by extension 'ros'
[0.218s] DEBUG:colcon.colcon_core.package_identification:Package 'src/arm_urdf_moveit_config' with type 'ros.ament_cmake' and name 'arm_urdf_moveit_config'
[0.218s] Level 1:colcon.colcon_core.package_identification:_identify(src/pick_and_place) by extensions ['ignore', 'ignore_ament_install']
[0.218s] Level 1:colcon.colcon_core.package_identification:_identify(src/pick_and_place) by extension 'ignore'
[0.218s] Level 1:colcon.colcon_core.package_identification:_identify(src/pick_and_place) by extension 'ignore_ament_install'
[0.218s] Level 1:colcon.colcon_core.package_identification:_identify(src/pick_and_place) by extensions ['colcon_pkg']
[0.218s] Level 1:colcon.colcon_core.package_identification:_identify(src/pick_and_place) by extension 'colcon_pkg'
[0.218s] Level 1:colcon.colcon_core.package_identification:_identify(src/pick_and_place) by extensions ['colcon_meta']
[0.218s] Level 1:colcon.colcon_core.package_identification:_identify(src/pick_and_place) by extension 'colcon_meta'
[0.218s] Level 1:colcon.colcon_core.package_identification:_identify(src/pick_and_place) by extensions ['ros']
[0.218s] Level 1:colcon.colcon_core.package_identification:_identify(src/pick_and_place) by extension 'ros'
[0.219s] DEBUG:colcon.colcon_core.package_identification:Package 'src/pick_and_place' with type 'ros.ament_cmake' and name 'pick_and_place'
[0.219s] Level 1:colcon.colcon_core.package_discovery:discover_packages(recursive) using defaults
[0.219s] Level 1:colcon.colcon_core.package_discovery:discover_packages(ignore) discover
[0.219s] Level 1:colcon.colcon_core.package_discovery:discover_packages(ignore) using defaults
[0.219s] Level 1:colcon.colcon_core.package_discovery:discover_packages(path) discover
[0.219s] Level 1:colcon.colcon_core.package_discovery:discover_packages(path) using defaults
[0.232s] Level 1:colcon.colcon_core.package_discovery:discover_packages(prefix_path) check parameters
[0.232s] Level 1:colcon.colcon_core.package_discovery:discover_packages(prefix_path) discover
[0.233s] WARNING:colcon.colcon_ros.prefix_path.ament:The path '/home/jerome/arm_base/install/pick_and_place' in the environment variable AMENT_PREFIX_PATH doesn't exist
[0.233s] WARNING:colcon.colcon_ros.prefix_path.ament:The path '/home/jerome/arm_base/install/arm_urdf_moveit_config' in the environment variable AMENT_PREFIX_PATH doesn't exist
[0.233s] WARNING:colcon.colcon_ros.prefix_path.ament:The path '/home/jerome/arm_base/install/arm_urdf' in the environment variable AMENT_PREFIX_PATH doesn't exist
[0.233s] WARNING:colcon.colcon_ros.prefix_path.catkin:The path '/home/jerome/arm_base/install/pick_and_place' in the environment variable CMAKE_PREFIX_PATH doesn't exist
[0.233s] WARNING:colcon.colcon_ros.prefix_path.catkin:The path '/home/jerome/arm_base/install/arm_urdf_moveit_config' in the environment variable CMAKE_PREFIX_PATH doesn't exist
[0.233s] WARNING:colcon.colcon_ros.prefix_path.catkin:The path '/home/jerome/arm_base/install/arm_urdf' in the environment variable CMAKE_PREFIX_PATH doesn't exist
[0.234s] DEBUG:colcon.colcon_installed_package_information.package_discovery:Found 0 installed packages in /home/jerome/arm_base/install
[0.235s] DEBUG:colcon.colcon_installed_package_information.package_discovery:Found 59 installed packages in /home/jerome/ws_moveit2/install
[0.236s] DEBUG:colcon.colcon_installed_package_information.package_discovery:Found 382 installed packages in /opt/ros/humble
[0.238s] Level 1:colcon.colcon_core.package_discovery:discover_packages(prefix_path) using defaults
[0.267s] Level 5:colcon.colcon_core.verb:set package 'arm_urdf' build argument 'cmake_args' from command line to 'None'
[0.267s] Level 5:colcon.colcon_core.verb:set package 'arm_urdf' build argument 'cmake_target' from command line to 'None'
[0.267s] Level 5:colcon.colcon_core.verb:set package 'arm_urdf' build argument 'cmake_target_skip_unavailable' from command line to 'False'
[0.267s] Level 5:colcon.colcon_core.verb:set package 'arm_urdf' build argument 'cmake_clean_cache' from command line to 'False'
[0.267s] Level 5:colcon.colcon_core.verb:set package 'arm_urdf' build argument 'cmake_clean_first' from command line to 'False'
[0.267s] Level 5:colcon.colcon_core.verb:set package 'arm_urdf' build argument 'cmake_force_configure' from command line to 'False'
[0.267s] Level 5:colcon.colcon_core.verb:set package 'arm_urdf' build argument 'ament_cmake_args' from command line to 'None'
[0.267s] Level 5:colcon.colcon_core.verb:set package 'arm_urdf' build argument 'catkin_cmake_args' from command line to 'None'
[0.267s] Level 5:colcon.colcon_core.verb:set package 'arm_urdf' build argument 'catkin_skip_building_tests' from command line to 'False'
[0.267s] DEBUG:colcon.colcon_core.verb:Building package 'arm_urdf' with the following arguments: {'ament_cmake_args': None, 'build_base': '/home/jerome/arm_base/build/arm_urdf', 'catkin_cmake_args': None, 'catkin_skip_building_tests': False, 'cmake_args': None, 'cmake_clean_cache': False, 'cmake_clean_first': False, 'cmake_force_configure': False, 'cmake_target': None, 'cmake_target_skip_unavailable': False, 'install_base': '/home/jerome/arm_base/install/arm_urdf', 'merge_install': False, 'path': '/home/jerome/arm_base/src/arm_urdf', 'symlink_install': False, 'test_result_base': None}
[0.267s] Level 5:colcon.colcon_core.verb:set package 'pick_and_place' build argument 'cmake_args' from command line to 'None'
[0.268s] Level 5:colcon.colcon_core.verb:set package 'pick_and_place' build argument 'cmake_target' from command line to 'None'
[0.268s] Level 5:colcon.colcon_core.verb:set package 'pick_and_place' build argument 'cmake_target_skip_unavailable' from command line to 'False'
[0.268s] Level 5:colcon.colcon_core.verb:set package 'pick_and_place' build argument 'cmake_clean_cache' from command line to 'False'
[0.268s] Level 5:colcon.colcon_core.verb:set package 'pick_and_place' build argument 'cmake_clean_first' from command line to 'False'
[0.268s] Level 5:colcon.colcon_core.verb:set package 'pick_and_place' build argument 'cmake_force_configure' from command line to 'False'
[0.268s] Level 5:colcon.colcon_core.verb:set package 'pick_and_place' build argument 'ament_cmake_args' from command line to 'None'
[0.268s] Level 5:colcon.colcon_core.verb:set package 'pick_and_place' build argument 'catkin_cmake_args' from command line to 'None'
[0.268s] Level 5:colcon.colcon_core.verb:set package 'pick_and_place' build argument 'catkin_skip_building_tests' from command line to 'False'
[0.268s] DEBUG:colcon.colcon_core.verb:Building package 'pick_and_place' with the following arguments: {'ament_cmake_args': None, 'build_base': '/home/jerome/arm_base/build/pick_and_place', 'catkin_cmake_args': None, 'catkin_skip_building_tests': False, 'cmake_args': None, 'cmake_clean_cache': False, 'cmake_clean_first': False, 'cmake_force_configure': False, 'cmake_target': None, 'cmake_target_skip_unavailable': False, 'install_base': '/home/jerome/arm_base/install/pick_and_place', 'merge_install': False, 'path': '/home/jerome/arm_base/src/pick_and_place', 'symlink_install': False, 'test_result_base': None}
[0.268s] Level 5:colcon.colcon_core.verb:set package 'arm_urdf_moveit_config' build argument 'cmake_args' from command line to 'None'
[0.268s] Level 5:colcon.colcon_core.verb:set package 'arm_urdf_moveit_config' build argument 'cmake_target' from command line to 'None'
[0.268s] Level 5:colcon.colcon_core.verb:set package 'arm_urdf_moveit_config' build argument 'cmake_target_skip_unavailable' from command line to 'False'
[0.268s] Level 5:colcon.colcon_core.verb:set package 'arm_urdf_moveit_config' build argument 'cmake_clean_cache' from command line to 'False'
[0.268s] Level 5:colcon.colcon_core.verb:set package 'arm_urdf_moveit_config' build argument 'cmake_clean_first' from command line to 'False'
[0.268s] Level 5:colcon.colcon_core.verb:set package 'arm_urdf_moveit_config' build argument 'cmake_force_configure' from command line to 'False'
[0.268s] Level 5:colcon.colcon_core.verb:set package 'arm_urdf_moveit_config' build argument 'ament_cmake_args' from command line to 'None'
[0.268s] Level 5:colcon.colcon_core.verb:set package 'arm_urdf_moveit_config' build argument 'catkin_cmake_args' from command line to 'None'
[0.268s] Level 5:colcon.colcon_core.verb:set package 'arm_urdf_moveit_config' build argument 'catkin_skip_building_tests' from command line to 'False'
[0.268s] DEBUG:colcon.colcon_core.verb:Building package 'arm_urdf_moveit_config' with the following arguments: {'ament_cmake_args': None, 'build_base': '/home/jerome/arm_base/build/arm_urdf_moveit_config', 'catkin_cmake_args': None, 'catkin_skip_building_tests': False, 'cmake_args': None, 'cmake_clean_cache': False, 'cmake_clean_first': False, 'cmake_force_configure': False, 'cmake_target': None, 'cmake_target_skip_unavailable': False, 'install_base': '/home/jerome/arm_base/install/arm_urdf_moveit_config', 'merge_install': False, 'path': '/home/jerome/arm_base/src/arm_urdf_moveit_config', 'symlink_install': False, 'test_result_base': None}
[0.268s] INFO:colcon.colcon_core.executor:Executing jobs using 'parallel' executor
[0.269s] DEBUG:colcon.colcon_parallel_executor.executor.parallel:run_until_complete
[0.269s] INFO:colcon.colcon_ros.task.ament_cmake.build:Building ROS package in '/home/jerome/arm_base/src/arm_urdf' with build type 'ament_cmake'
[0.269s] INFO:colcon.colcon_cmake.task.cmake.build:Building CMake package in '/home/jerome/arm_base/src/arm_urdf'
[0.270s] INFO:colcon.colcon_core.plugin_system:Skipping extension 'colcon_core.shell.bat': Not used on non-Windows systems
[0.270s] INFO:colcon.colcon_core.shell:Skip shell extension 'powershell' for command environment: Not usable outside of PowerShell
[0.270s] DEBUG:colcon.colcon_core.shell:Skip shell extension 'dsv' for command environment
[0.274s] INFO:colcon.colcon_ros.task.ament_cmake.build:Building ROS package in '/home/jerome/arm_base/src/pick_and_place' with build type 'ament_cmake'
[0.274s] INFO:colcon.colcon_cmake.task.cmake.build:Building CMake package in '/home/jerome/arm_base/src/pick_and_place'
[0.275s] INFO:colcon.colcon_core.shell:Skip shell extension 'powershell' for command environment: Not usable outside of PowerShell
[0.275s] DEBUG:colcon.colcon_core.shell:Skip shell extension 'dsv' for command environment
[0.281s] DEBUG:colcon.colcon_core.event_handler.log_command:Invoking command in '/home/jerome/arm_base/build/arm_urdf': CMAKE_PREFIX_PATH=${CMAKE_PREFIX_PATH}:/home/jerome/ws_moveit2/install/moveit_configs_utils:/home/jerome/ws_moveit2/install/launch_param_builder:/opt/ros/humble /usr/bin/cmake /home/jerome/arm_base/src/arm_urdf -DCMAKE_INSTALL_PREFIX=/home/jerome/arm_base/install/arm_urdf
[0.283s] DEBUG:colcon.colcon_core.event_handler.log_command:Invoking command in '/home/jerome/arm_base/build/pick_and_place': CMAKE_PREFIX_PATH=${CMAKE_PREFIX_PATH}:/home/jerome/ws_moveit2/install/moveit_configs_utils:/home/jerome/ws_moveit2/install/launch_param_builder:/opt/ros/humble /usr/bin/cmake /home/jerome/arm_base/src/pick_and_place -DCMAKE_INSTALL_PREFIX=/home/jerome/arm_base/install/pick_and_place
[1.045s] DEBUG:colcon.colcon_core.event_handler.log_command:Invoked command in '/home/jerome/arm_base/build/arm_urdf' returned '0': CMAKE_PREFIX_PATH=${CMAKE_PREFIX_PATH}:/home/jerome/ws_moveit2/install/moveit_configs_utils:/home/jerome/ws_moveit2/install/launch_param_builder:/opt/ros/humble /usr/bin/cmake /home/jerome/arm_base/src/arm_urdf -DCMAKE_INSTALL_PREFIX=/home/jerome/arm_base/install/arm_urdf
[1.046s] DEBUG:colcon.colcon_core.event_handler.log_command:Invoking command in '/home/jerome/arm_base/build/arm_urdf': CMAKE_PREFIX_PATH=${CMAKE_PREFIX_PATH}:/home/jerome/ws_moveit2/install/moveit_configs_utils:/home/jerome/ws_moveit2/install/launch_param_builder:/opt/ros/humble /usr/bin/cmake --build /home/jerome/arm_base/build/arm_urdf -- -j16 -l16
[1.080s] DEBUG:colcon.colcon_core.event_handler.log_command:Invoked command in '/home/jerome/arm_base/build/arm_urdf' returned '0': CMAKE_PREFIX_PATH=${CMAKE_PREFIX_PATH}:/home/jerome/ws_moveit2/install/moveit_configs_utils:/home/jerome/ws_moveit2/install/launch_param_builder:/opt/ros/humble /usr/bin/cmake --build /home/jerome/arm_base/build/arm_urdf -- -j16 -l16
[1.091s] DEBUG:colcon.colcon_core.event_handler.log_command:Invoking command in '/home/jerome/arm_base/build/arm_urdf': CMAKE_PREFIX_PATH=${CMAKE_PREFIX_PATH}:/home/jerome/ws_moveit2/install/moveit_configs_utils:/home/jerome/ws_moveit2/install/launch_param_builder:/opt/ros/humble /usr/bin/cmake --install /home/jerome/arm_base/build/arm_urdf
[1.127s] Level 1:colcon.colcon_core.environment:create_environment_scripts_only(arm_urdf)
[1.127s] DEBUG:colcon.colcon_core.event_handler.log_command:Invoked command in '/home/jerome/arm_base/build/arm_urdf' returned '0': CMAKE_PREFIX_PATH=${CMAKE_PREFIX_PATH}:/home/jerome/ws_moveit2/install/moveit_configs_utils:/home/jerome/ws_moveit2/install/launch_param_builder:/opt/ros/humble /usr/bin/cmake --install /home/jerome/arm_base/build/arm_urdf
[1.130s] Level 1:colcon.colcon_core.environment:checking '/home/jerome/arm_base/install/arm_urdf' for CMake module files
[1.131s] Level 1:colcon.colcon_core.environment:checking '/home/jerome/arm_base/install/arm_urdf' for CMake config files
[1.131s] Level 1:colcon.colcon_core.shell:create_environment_hook('arm_urdf', 'cmake_prefix_path')
[1.131s] INFO:colcon.colcon_core.shell:Creating environment hook '/home/jerome/arm_base/install/arm_urdf/share/arm_urdf/hook/cmake_prefix_path.ps1'
[1.132s] INFO:colcon.colcon_core.shell:Creating environment descriptor '/home/jerome/arm_base/install/arm_urdf/share/arm_urdf/hook/cmake_prefix_path.dsv'
[1.132s] INFO:colcon.colcon_core.shell:Creating environment hook '/home/jerome/arm_base/install/arm_urdf/share/arm_urdf/hook/cmake_prefix_path.sh'
[1.133s] Level 1:colcon.colcon_core.environment:checking '/home/jerome/arm_base/install/arm_urdf/bin'
[1.133s] Level 1:colcon.colcon_core.environment:checking '/home/jerome/arm_base/install/arm_urdf/lib/pkgconfig/arm_urdf.pc'
[1.134s] Level 1:colcon.colcon_core.environment:checking '/home/jerome/arm_base/install/arm_urdf/lib/python3.10/site-packages'
[1.134s] Level 1:colcon.colcon_core.environment:checking '/home/jerome/arm_base/install/arm_urdf/bin'
[1.134s] INFO:colcon.colcon_core.shell:Creating package script '/home/jerome/arm_base/install/arm_urdf/share/arm_urdf/package.ps1'
[1.135s] INFO:colcon.colcon_core.shell:Creating package descriptor '/home/jerome/arm_base/install/arm_urdf/share/arm_urdf/package.dsv'
[1.136s] INFO:colcon.colcon_core.shell:Creating package script '/home/jerome/arm_base/install/arm_urdf/share/arm_urdf/package.sh'
[1.136s] INFO:colcon.colcon_core.shell:Creating package script '/home/jerome/arm_base/install/arm_urdf/share/arm_urdf/package.bash'
[1.137s] INFO:colcon.colcon_core.shell:Creating package script '/home/jerome/arm_base/install/arm_urdf/share/arm_urdf/package.zsh'
[1.137s] Level 1:colcon.colcon_core.environment:create_file_with_runtime_dependencies(/home/jerome/arm_base/install/arm_urdf/share/colcon-core/packages/arm_urdf)
[1.138s] Level 1:colcon.colcon_core.environment:create_environment_scripts_only(arm_urdf)
[1.138s] Level 1:colcon.colcon_core.environment:checking '/home/jerome/arm_base/install/arm_urdf' for CMake module files
[1.138s] Level 1:colcon.colcon_core.environment:checking '/home/jerome/arm_base/install/arm_urdf' for CMake config files
[1.138s] Level 1:colcon.colcon_core.shell:create_environment_hook('arm_urdf', 'cmake_prefix_path')
[1.138s] INFO:colcon.colcon_core.shell:Creating environment hook '/home/jerome/arm_base/install/arm_urdf/share/arm_urdf/hook/cmake_prefix_path.ps1'
[1.138s] INFO:colcon.colcon_core.shell:Creating environment descriptor '/home/jerome/arm_base/install/arm_urdf/share/arm_urdf/hook/cmake_prefix_path.dsv'
[1.139s] INFO:colcon.colcon_core.shell:Creating environment hook '/home/jerome/arm_base/install/arm_urdf/share/arm_urdf/hook/cmake_prefix_path.sh'
[1.139s] Level 1:colcon.colcon_core.environment:checking '/home/jerome/arm_base/install/arm_urdf/bin'
[1.139s] Level 1:colcon.colcon_core.environment:checking '/home/jerome/arm_base/install/arm_urdf/lib/pkgconfig/arm_urdf.pc'
[1.139s] Level 1:colcon.colcon_core.environment:checking '/home/jerome/arm_base/install/arm_urdf/lib/python3.10/site-packages'
[1.139s] Level 1:colcon.colcon_core.environment:checking '/home/jerome/arm_base/install/arm_urdf/bin'
[1.139s] INFO:colcon.colcon_core.shell:Creating package script '/home/jerome/arm_base/install/arm_urdf/share/arm_urdf/package.ps1'
[1.140s] INFO:colcon.colcon_core.shell:Creating package descriptor '/home/jerome/arm_base/install/arm_urdf/share/arm_urdf/package.dsv'
[1.140s] INFO:colcon.colcon_core.shell:Creating package script '/home/jerome/arm_base/install/arm_urdf/share/arm_urdf/package.sh'
[1.140s] INFO:colcon.colcon_core.shell:Creating package script '/home/jerome/arm_base/install/arm_urdf/share/arm_urdf/package.bash'
[1.141s] INFO:colcon.colcon_core.shell:Creating package script '/home/jerome/arm_base/install/arm_urdf/share/arm_urdf/package.zsh'
[1.141s] Level 1:colcon.colcon_core.environment:create_file_with_runtime_dependencies(/home/jerome/arm_base/install/arm_urdf/share/colcon-core/packages/arm_urdf)
[1.141s] INFO:colcon.colcon_ros.task.ament_cmake.build:Building ROS package in '/home/jerome/arm_base/src/arm_urdf_moveit_config' with build type 'ament_cmake'
[1.141s] INFO:colcon.colcon_cmake.task.cmake.build:Building CMake package in '/home/jerome/arm_base/src/arm_urdf_moveit_config'
[1.141s] INFO:colcon.colcon_core.shell:Skip shell extension 'powershell' for command environment: Not usable outside of PowerShell
[1.141s] DEBUG:colcon.colcon_core.shell:Skip shell extension 'dsv' for command environment
[1.151s] DEBUG:colcon.colcon_core.event_handler.log_command:Invoking command in '/home/jerome/arm_base/build/arm_urdf_moveit_config': CMAKE_PREFIX_PATH=/home/jerome/arm_base/install/arm_urdf:/home/jerome/arm_base/install/pick_and_place:/home/jerome/arm_base/install/arm_urdf_moveit_config:/home/jerome/ws_moveit2/install/trac_ik:/home/jerome/ws_moveit2/install/trac_ik_kinematics:/home/jerome/ws_moveit2/install/trac_ik_examples:/home/jerome/ws_moveit2/install/trac_ik_lib:/home/jerome/ws_moveit2/install/pilz_industrial_motion_planner_testutils:/home/jerome/ws_moveit2/install/moveit_runtime:/home/jerome/ws_moveit2/install/moveit2_tutorials:/home/jerome/ws_moveit2/install/moveit:/home/jerome/ws_moveit2/install/moveit_planners:/home/jerome/ws_moveit2/install/pilz_industrial_motion_planner:/home/jerome/ws_moveit2/install/moveit_visual_tools:/home/jerome/ws_moveit2/install/moveit_task_constructor_visualization:/home/jerome/ws_moveit2/install/moveit_task_constructor_demo:/home/jerome/ws_moveit2/install/moveit_task_constructor_capabilities:/home/jerome/ws_moveit2/install/moveit_task_constructor_core:/home/jerome/ws_moveit2/install/moveit_ros_control_interface:/home/jerome/ws_moveit2/install/moveit_plugins:/home/jerome/ws_moveit2/install/moveit_simple_controller_manager:/home/jerome/ws_moveit2/install/moveit_setup_assistant:/home/jerome/ws_moveit2/install/moveit_setup_srdf_plugins:/home/jerome/ws_moveit2/install/moveit_setup_core_plugins:/home/jerome/ws_moveit2/install/moveit_setup_controllers:/home/jerome/ws_moveit2/install/moveit_setup_app_plugins:/home/jerome/ws_moveit2/install/moveit_setup_framework:/home/jerome/ws_moveit2/install/moveit_servo:/home/jerome/ws_moveit2/install/moveit_ros:/home/jerome/ws_moveit2/install/moveit_ros_visualization:/home/jerome/ws_moveit2/install/moveit_hybrid_planning:/home/jerome/ws_moveit2/install/moveit_ros_planning_interface:/home/jerome/ws_moveit2/install/moveit_ros_benchmarks:/home/jerome/ws_moveit2/install/moveit_ros_warehouse:/home/jerome/ws_moveit2/install/moveit_ros_robot_interaction:/home/jerome/ws_moveit2/install/moveit_ros_perception:/home/jerome/ws_moveit2/install/moveit_resources_prbt_pg70_support:/home/jerome/ws_moveit2/install/moveit_resources_prbt_moveit_config:/home/jerome/ws_moveit2/install/moveit_ros_move_group:/home/jerome/ws_moveit2/install/moveit_planners_ompl:/home/jerome/ws_moveit2/install/moveit_ros_planning:/home/jerome/ws_moveit2/install/moveit_ros_occupancy_map_monitor:/home/jerome/ws_moveit2/install/moveit_resources_prbt_ikfast_manipulator_plugin:/home/jerome/ws_moveit2/install/moveit_planners_chomp:/home/jerome/ws_moveit2/install/moveit_kinematics:/home/jerome/ws_moveit2/install/moveit_chomp_optimizer_adapter:/home/jerome/ws_moveit2/install/chomp_motion_planner:/home/jerome/ws_moveit2/install/moveit_core:/home/jerome/ws_moveit2/install/srdfdom:/home/jerome/ws_moveit2/install/rviz_marker_tools:/home/jerome/ws_moveit2/install/rosparam_shortcuts:/home/jerome/ws_moveit2/install/moveit_task_constructor_msgs:/home/jerome/ws_moveit2/install/moveit_resources_prbt_support:/home/jerome/ws_moveit2/install/moveit_resources:/home/jerome/ws_moveit2/install/moveit_resources_pr2_description:/home/jerome/ws_moveit2/install/moveit_resources_panda_moveit_config:/home/jerome/ws_moveit2/install/moveit_resources_panda_description:/home/jerome/ws_moveit2/install/moveit_resources_fanuc_moveit_config:/home/jerome/ws_moveit2/install/moveit_resources_fanuc_description:/home/jerome/ws_moveit2/install/moveit_common:/home/jerome/ws_moveit2/install/moveit_configs_utils:/home/jerome/ws_moveit2/install/launch_param_builder:/opt/ros/humble /usr/bin/cmake /home/jerome/arm_base/src/arm_urdf_moveit_config -DCMAKE_INSTALL_PREFIX=/home/jerome/arm_base/install/arm_urdf_moveit_config
[1.677s] DEBUG:colcon.colcon_core.event_handler.log_command:Invoked command in '/home/jerome/arm_base/build/arm_urdf_moveit_config' returned '0': CMAKE_PREFIX_PATH=/home/jerome/arm_base/install/arm_urdf:/home/jerome/arm_base/install/pick_and_place:/home/jerome/arm_base/install/arm_urdf_moveit_config:/home/jerome/ws_moveit2/install/trac_ik:/home/jerome/ws_moveit2/install/trac_ik_kinematics:/home/jerome/ws_moveit2/install/trac_ik_examples:/home/jerome/ws_moveit2/install/trac_ik_lib:/home/jerome/ws_moveit2/install/pilz_industrial_motion_planner_testutils:/home/jerome/ws_moveit2/install/moveit_runtime:/home/jerome/ws_moveit2/install/moveit2_tutorials:/home/jerome/ws_moveit2/install/moveit:/home/jerome/ws_moveit2/install/moveit_planners:/home/jerome/ws_moveit2/install/pilz_industrial_motion_planner:/home/jerome/ws_moveit2/install/moveit_visual_tools:/home/jerome/ws_moveit2/install/moveit_task_constructor_visualization:/home/jerome/ws_moveit2/install/moveit_task_constructor_demo:/home/jerome/ws_moveit2/install/moveit_task_constructor_capabilities:/home/jerome/ws_moveit2/install/moveit_task_constructor_core:/home/jerome/ws_moveit2/install/moveit_ros_control_interface:/home/jerome/ws_moveit2/install/moveit_plugins:/home/jerome/ws_moveit2/install/moveit_simple_controller_manager:/home/jerome/ws_moveit2/install/moveit_setup_assistant:/home/jerome/ws_moveit2/install/moveit_setup_srdf_plugins:/home/jerome/ws_moveit2/install/moveit_setup_core_plugins:/home/jerome/ws_moveit2/install/moveit_setup_controllers:/home/jerome/ws_moveit2/install/moveit_setup_app_plugins:/home/jerome/ws_moveit2/install/moveit_setup_framework:/home/jerome/ws_moveit2/install/moveit_servo:/home/jerome/ws_moveit2/install/moveit_ros:/home/jerome/ws_moveit2/install/moveit_ros_visualization:/home/jerome/ws_moveit2/install/moveit_hybrid_planning:/home/jerome/ws_moveit2/install/moveit_ros_planning_interface:/home/jerome/ws_moveit2/install/moveit_ros_benchmarks:/home/jerome/ws_moveit2/install/moveit_ros_warehouse:/home/jerome/ws_moveit2/install/moveit_ros_robot_interaction:/home/jerome/ws_moveit2/install/moveit_ros_perception:/home/jerome/ws_moveit2/install/moveit_resources_prbt_pg70_support:/home/jerome/ws_moveit2/install/moveit_resources_prbt_moveit_config:/home/jerome/ws_moveit2/install/moveit_ros_move_group:/home/jerome/ws_moveit2/install/moveit_planners_ompl:/home/jerome/ws_moveit2/install/moveit_ros_planning:/home/jerome/ws_moveit2/install/moveit_ros_occupancy_map_monitor:/home/jerome/ws_moveit2/install/moveit_resources_prbt_ikfast_manipulator_plugin:/home/jerome/ws_moveit2/install/moveit_planners_chomp:/home/jerome/ws_moveit2/install/moveit_kinematics:/home/jerome/ws_moveit2/install/moveit_chomp_optimizer_adapter:/home/jerome/ws_moveit2/install/chomp_motion_planner:/home/jerome/ws_moveit2/install/moveit_core:/home/jerome/ws_moveit2/install/srdfdom:/home/jerome/ws_moveit2/install/rviz_marker_tools:/home/jerome/ws_moveit2/install/rosparam_shortcuts:/home/jerome/ws_moveit2/install/moveit_task_constructor_msgs:/home/jerome/ws_moveit2/install/moveit_resources_prbt_support:/home/jerome/ws_moveit2/install/moveit_resources:/home/jerome/ws_moveit2/install/moveit_resources_pr2_description:/home/jerome/ws_moveit2/install/moveit_resources_panda_moveit_config:/home/jerome/ws_moveit2/install/moveit_resources_panda_description:/home/jerome/ws_moveit2/install/moveit_resources_fanuc_moveit_config:/home/jerome/ws_moveit2/install/moveit_resources_fanuc_description:/home/jerome/ws_moveit2/install/moveit_common:/home/jerome/ws_moveit2/install/moveit_configs_utils:/home/jerome/ws_moveit2/install/launch_param_builder:/opt/ros/humble /usr/bin/cmake /home/jerome/arm_base/src/arm_urdf_moveit_config -DCMAKE_INSTALL_PREFIX=/home/jerome/arm_base/install/arm_urdf_moveit_config
[1.679s] DEBUG:colcon.colcon_core.event_handler.log_command:Invoking command in '/home/jerome/arm_base/build/arm_urdf_moveit_config': CMAKE_PREFIX_PATH=/home/jerome/arm_base/install/arm_urdf:/home/jerome/arm_base/install/pick_and_place:/home/jerome/arm_base/install/arm_urdf_moveit_config:/home/jerome/ws_moveit2/install/trac_ik:/home/jerome/ws_moveit2/install/trac_ik_kinematics:/home/jerome/ws_moveit2/install/trac_ik_examples:/home/jerome/ws_moveit2/install/trac_ik_lib:/home/jerome/ws_moveit2/install/pilz_industrial_motion_planner_testutils:/home/jerome/ws_moveit2/install/moveit_runtime:/home/jerome/ws_moveit2/install/moveit2_tutorials:/home/jerome/ws_moveit2/install/moveit:/home/jerome/ws_moveit2/install/moveit_planners:/home/jerome/ws_moveit2/install/pilz_industrial_motion_planner:/home/jerome/ws_moveit2/install/moveit_visual_tools:/home/jerome/ws_moveit2/install/moveit_task_constructor_visualization:/home/jerome/ws_moveit2/install/moveit_task_constructor_demo:/home/jerome/ws_moveit2/install/moveit_task_constructor_capabilities:/home/jerome/ws_moveit2/install/moveit_task_constructor_core:/home/jerome/ws_moveit2/install/moveit_ros_control_interface:/home/jerome/ws_moveit2/install/moveit_plugins:/home/jerome/ws_moveit2/install/moveit_simple_controller_manager:/home/jerome/ws_moveit2/install/moveit_setup_assistant:/home/jerome/ws_moveit2/install/moveit_setup_srdf_plugins:/home/jerome/ws_moveit2/install/moveit_setup_core_plugins:/home/jerome/ws_moveit2/install/moveit_setup_controllers:/home/jerome/ws_moveit2/install/moveit_setup_app_plugins:/home/jerome/ws_moveit2/install/moveit_setup_framework:/home/jerome/ws_moveit2/install/moveit_servo:/home/jerome/ws_moveit2/install/moveit_ros:/home/jerome/ws_moveit2/install/moveit_ros_visualization:/home/jerome/ws_moveit2/install/moveit_hybrid_planning:/home/jerome/ws_moveit2/install/moveit_ros_planning_interface:/home/jerome/ws_moveit2/install/moveit_ros_benchmarks:/home/jerome/ws_moveit2/install/moveit_ros_warehouse:/home/jerome/ws_moveit2/install/moveit_ros_robot_interaction:/home/jerome/ws_moveit2/install/moveit_ros_perception:/home/jerome/ws_moveit2/install/moveit_resources_prbt_pg70_support:/home/jerome/ws_moveit2/install/moveit_resources_prbt_moveit_config:/home/jerome/ws_moveit2/install/moveit_ros_move_group:/home/jerome/ws_moveit2/install/moveit_planners_ompl:/home/jerome/ws_moveit2/install/moveit_ros_planning:/home/jerome/ws_moveit2/install/moveit_ros_occupancy_map_monitor:/home/jerome/ws_moveit2/install/moveit_resources_prbt_ikfast_manipulator_plugin:/home/jerome/ws_moveit2/install/moveit_planners_chomp:/home/jerome/ws_moveit2/install/moveit_kinematics:/home/jerome/ws_moveit2/install/moveit_chomp_optimizer_adapter:/home/jerome/ws_moveit2/install/chomp_motion_planner:/home/jerome/ws_moveit2/install/moveit_core:/home/jerome/ws_moveit2/install/srdfdom:/home/jerome/ws_moveit2/install/rviz_marker_tools:/home/jerome/ws_moveit2/install/rosparam_shortcuts:/home/jerome/ws_moveit2/install/moveit_task_constructor_msgs:/home/jerome/ws_moveit2/install/moveit_resources_prbt_support:/home/jerome/ws_moveit2/install/moveit_resources:/home/jerome/ws_moveit2/install/moveit_resources_pr2_description:/home/jerome/ws_moveit2/install/moveit_resources_panda_moveit_config:/home/jerome/ws_moveit2/install/moveit_resources_panda_description:/home/jerome/ws_moveit2/install/moveit_resources_fanuc_moveit_config:/home/jerome/ws_moveit2/install/moveit_resources_fanuc_description:/home/jerome/ws_moveit2/install/moveit_common:/home/jerome/ws_moveit2/install/moveit_configs_utils:/home/jerome/ws_moveit2/install/launch_param_builder:/opt/ros/humble /usr/bin/cmake --build /home/jerome/arm_base/build/arm_urdf_moveit_config -- -j16 -l16
[1.714s] DEBUG:colcon.colcon_core.event_handler.log_command:Invoked command in '/home/jerome/arm_base/build/arm_urdf_moveit_config' returned '0': CMAKE_PREFIX_PATH=/home/jerome/arm_base/install/arm_urdf:/home/jerome/arm_base/install/pick_and_place:/home/jerome/arm_base/install/arm_urdf_moveit_config:/home/jerome/ws_moveit2/install/trac_ik:/home/jerome/ws_moveit2/install/trac_ik_kinematics:/home/jerome/ws_moveit2/install/trac_ik_examples:/home/jerome/ws_moveit2/install/trac_ik_lib:/home/jerome/ws_moveit2/install/pilz_industrial_motion_planner_testutils:/home/jerome/ws_moveit2/install/moveit_runtime:/home/jerome/ws_moveit2/install/moveit2_tutorials:/home/jerome/ws_moveit2/install/moveit:/home/jerome/ws_moveit2/install/moveit_planners:/home/jerome/ws_moveit2/install/pilz_industrial_motion_planner:/home/jerome/ws_moveit2/install/moveit_visual_tools:/home/jerome/ws_moveit2/install/moveit_task_constructor_visualization:/home/jerome/ws_moveit2/install/moveit_task_constructor_demo:/home/jerome/ws_moveit2/install/moveit_task_constructor_capabilities:/home/jerome/ws_moveit2/install/moveit_task_constructor_core:/home/jerome/ws_moveit2/install/moveit_ros_control_interface:/home/jerome/ws_moveit2/install/moveit_plugins:/home/jerome/ws_moveit2/install/moveit_simple_controller_manager:/home/jerome/ws_moveit2/install/moveit_setup_assistant:/home/jerome/ws_moveit2/install/moveit_setup_srdf_plugins:/home/jerome/ws_moveit2/install/moveit_setup_core_plugins:/home/jerome/ws_moveit2/install/moveit_setup_controllers:/home/jerome/ws_moveit2/install/moveit_setup_app_plugins:/home/jerome/ws_moveit2/install/moveit_setup_framework:/home/jerome/ws_moveit2/install/moveit_servo:/home/jerome/ws_moveit2/install/moveit_ros:/home/jerome/ws_moveit2/install/moveit_ros_visualization:/home/jerome/ws_moveit2/install/moveit_hybrid_planning:/home/jerome/ws_moveit2/install/moveit_ros_planning_interface:/home/jerome/ws_moveit2/install/moveit_ros_benchmarks:/home/jerome/ws_moveit2/install/moveit_ros_warehouse:/home/jerome/ws_moveit2/install/moveit_ros_robot_interaction:/home/jerome/ws_moveit2/install/moveit_ros_perception:/home/jerome/ws_moveit2/install/moveit_resources_prbt_pg70_support:/home/jerome/ws_moveit2/install/moveit_resources_prbt_moveit_config:/home/jerome/ws_moveit2/install/moveit_ros_move_group:/home/jerome/ws_moveit2/install/moveit_planners_ompl:/home/jerome/ws_moveit2/install/moveit_ros_planning:/home/jerome/ws_moveit2/install/moveit_ros_occupancy_map_monitor:/home/jerome/ws_moveit2/install/moveit_resources_prbt_ikfast_manipulator_plugin:/home/jerome/ws_moveit2/install/moveit_planners_chomp:/home/jerome/ws_moveit2/install/moveit_kinematics:/home/jerome/ws_moveit2/install/moveit_chomp_optimizer_adapter:/home/jerome/ws_moveit2/install/chomp_motion_planner:/home/jerome/ws_moveit2/install/moveit_core:/home/jerome/ws_moveit2/install/srdfdom:/home/jerome/ws_moveit2/install/rviz_marker_tools:/home/jerome/ws_moveit2/install/rosparam_shortcuts:/home/jerome/ws_moveit2/install/moveit_task_constructor_msgs:/home/jerome/ws_moveit2/install/moveit_resources_prbt_support:/home/jerome/ws_moveit2/install/moveit_resources:/home/jerome/ws_moveit2/install/moveit_resources_pr2_description:/home/jerome/ws_moveit2/install/moveit_resources_panda_moveit_config:/home/jerome/ws_moveit2/install/moveit_resources_panda_description:/home/jerome/ws_moveit2/install/moveit_resources_fanuc_moveit_config:/home/jerome/ws_moveit2/install/moveit_resources_fanuc_description:/home/jerome/ws_moveit2/install/moveit_common:/home/jerome/ws_moveit2/install/moveit_configs_utils:/home/jerome/ws_moveit2/install/launch_param_builder:/opt/ros/humble /usr/bin/cmake --build /home/jerome/arm_base/build/arm_urdf_moveit_config -- -j16 -l16
[1.716s] DEBUG:colcon.colcon_core.event_handler.log_command:Invoking command in '/home/jerome/arm_base/build/arm_urdf_moveit_config': CMAKE_PREFIX_PATH=/home/jerome/arm_base/install/arm_urdf:/home/jerome/arm_base/install/pick_and_place:/home/jerome/arm_base/install/arm_urdf_moveit_config:/home/jerome/ws_moveit2/install/trac_ik:/home/jerome/ws_moveit2/install/trac_ik_kinematics:/home/jerome/ws_moveit2/install/trac_ik_examples:/home/jerome/ws_moveit2/install/trac_ik_lib:/home/jerome/ws_moveit2/install/pilz_industrial_motion_planner_testutils:/home/jerome/ws_moveit2/install/moveit_runtime:/home/jerome/ws_moveit2/install/moveit2_tutorials:/home/jerome/ws_moveit2/install/moveit:/home/jerome/ws_moveit2/install/moveit_planners:/home/jerome/ws_moveit2/install/pilz_industrial_motion_planner:/home/jerome/ws_moveit2/install/moveit_visual_tools:/home/jerome/ws_moveit2/install/moveit_task_constructor_visualization:/home/jerome/ws_moveit2/install/moveit_task_constructor_demo:/home/jerome/ws_moveit2/install/moveit_task_constructor_capabilities:/home/jerome/ws_moveit2/install/moveit_task_constructor_core:/home/jerome/ws_moveit2/install/moveit_ros_control_interface:/home/jerome/ws_moveit2/install/moveit_plugins:/home/jerome/ws_moveit2/install/moveit_simple_controller_manager:/home/jerome/ws_moveit2/install/moveit_setup_assistant:/home/jerome/ws_moveit2/install/moveit_setup_srdf_plugins:/home/jerome/ws_moveit2/install/moveit_setup_core_plugins:/home/jerome/ws_moveit2/install/moveit_setup_controllers:/home/jerome/ws_moveit2/install/moveit_setup_app_plugins:/home/jerome/ws_moveit2/install/moveit_setup_framework:/home/jerome/ws_moveit2/install/moveit_servo:/home/jerome/ws_moveit2/install/moveit_ros:/home/jerome/ws_moveit2/install/moveit_ros_visualization:/home/jerome/ws_moveit2/install/moveit_hybrid_planning:/home/jerome/ws_moveit2/install/moveit_ros_planning_interface:/home/jerome/ws_moveit2/install/moveit_ros_benchmarks:/home/jerome/ws_moveit2/install/moveit_ros_warehouse:/home/jerome/ws_moveit2/install/moveit_ros_robot_interaction:/home/jerome/ws_moveit2/install/moveit_ros_perception:/home/jerome/ws_moveit2/install/moveit_resources_prbt_pg70_support:/home/jerome/ws_moveit2/install/moveit_resources_prbt_moveit_config:/home/jerome/ws_moveit2/install/moveit_ros_move_group:/home/jerome/ws_moveit2/install/moveit_planners_ompl:/home/jerome/ws_moveit2/install/moveit_ros_planning:/home/jerome/ws_moveit2/install/moveit_ros_occupancy_map_monitor:/home/jerome/ws_moveit2/install/moveit_resources_prbt_ikfast_manipulator_plugin:/home/jerome/ws_moveit2/install/moveit_planners_chomp:/home/jerome/ws_moveit2/install/moveit_kinematics:/home/jerome/ws_moveit2/install/moveit_chomp_optimizer_adapter:/home/jerome/ws_moveit2/install/chomp_motion_planner:/home/jerome/ws_moveit2/install/moveit_core:/home/jerome/ws_moveit2/install/srdfdom:/home/jerome/ws_moveit2/install/rviz_marker_tools:/home/jerome/ws_moveit2/install/rosparam_shortcuts:/home/jerome/ws_moveit2/install/moveit_task_constructor_msgs:/home/jerome/ws_moveit2/install/moveit_resources_prbt_support:/home/jerome/ws_moveit2/install/moveit_resources:/home/jerome/ws_moveit2/install/moveit_resources_pr2_description:/home/jerome/ws_moveit2/install/moveit_resources_panda_moveit_config:/home/jerome/ws_moveit2/install/moveit_resources_panda_description:/home/jerome/ws_moveit2/install/moveit_resources_fanuc_moveit_config:/home/jerome/ws_moveit2/install/moveit_resources_fanuc_description:/home/jerome/ws_moveit2/install/moveit_common:/home/jerome/ws_moveit2/install/moveit_configs_utils:/home/jerome/ws_moveit2/install/launch_param_builder:/opt/ros/humble /usr/bin/cmake --install /home/jerome/arm_base/build/arm_urdf_moveit_config
[1.728s] Level 1:colcon.colcon_core.environment:create_environment_scripts_only(arm_urdf_moveit_config)
[1.728s] Level 1:colcon.colcon_core.environment:checking '/home/jerome/arm_base/install/arm_urdf_moveit_config' for CMake module files
[1.728s] DEBUG:colcon.colcon_core.event_handler.log_command:Invoked command in '/home/jerome/arm_base/build/arm_urdf_moveit_config' returned '0': CMAKE_PREFIX_PATH=/home/jerome/arm_base/install/arm_urdf:/home/jerome/arm_base/install/pick_and_place:/home/jerome/arm_base/install/arm_urdf_moveit_config:/home/jerome/ws_moveit2/install/trac_ik:/home/jerome/ws_moveit2/install/trac_ik_kinematics:/home/jerome/ws_moveit2/install/trac_ik_examples:/home/jerome/ws_moveit2/install/trac_ik_lib:/home/jerome/ws_moveit2/install/pilz_industrial_motion_planner_testutils:/home/jerome/ws_moveit2/install/moveit_runtime:/home/jerome/ws_moveit2/install/moveit2_tutorials:/home/jerome/ws_moveit2/install/moveit:/home/jerome/ws_moveit2/install/moveit_planners:/home/jerome/ws_moveit2/install/pilz_industrial_motion_planner:/home/jerome/ws_moveit2/install/moveit_visual_tools:/home/jerome/ws_moveit2/install/moveit_task_constructor_visualization:/home/jerome/ws_moveit2/install/moveit_task_constructor_demo:/home/jerome/ws_moveit2/install/moveit_task_constructor_capabilities:/home/jerome/ws_moveit2/install/moveit_task_constructor_core:/home/jerome/ws_moveit2/install/moveit_ros_control_interface:/home/jerome/ws_moveit2/install/moveit_plugins:/home/jerome/ws_moveit2/install/moveit_simple_controller_manager:/home/jerome/ws_moveit2/install/moveit_setup_assistant:/home/jerome/ws_moveit2/install/moveit_setup_srdf_plugins:/home/jerome/ws_moveit2/install/moveit_setup_core_plugins:/home/jerome/ws_moveit2/install/moveit_setup_controllers:/home/jerome/ws_moveit2/install/moveit_setup_app_plugins:/home/jerome/ws_moveit2/install/moveit_setup_framework:/home/jerome/ws_moveit2/install/moveit_servo:/home/jerome/ws_moveit2/install/moveit_ros:/home/jerome/ws_moveit2/install/moveit_ros_visualization:/home/jerome/ws_moveit2/install/moveit_hybrid_planning:/home/jerome/ws_moveit2/install/moveit_ros_planning_interface:/home/jerome/ws_moveit2/install/moveit_ros_benchmarks:/home/jerome/ws_moveit2/install/moveit_ros_warehouse:/home/jerome/ws_moveit2/install/moveit_ros_robot_interaction:/home/jerome/ws_moveit2/install/moveit_ros_perception:/home/jerome/ws_moveit2/install/moveit_resources_prbt_pg70_support:/home/jerome/ws_moveit2/install/moveit_resources_prbt_moveit_config:/home/jerome/ws_moveit2/install/moveit_ros_move_group:/home/jerome/ws_moveit2/install/moveit_planners_ompl:/home/jerome/ws_moveit2/install/moveit_ros_planning:/home/jerome/ws_moveit2/install/moveit_ros_occupancy_map_monitor:/home/jerome/ws_moveit2/install/moveit_resources_prbt_ikfast_manipulator_plugin:/home/jerome/ws_moveit2/install/moveit_planners_chomp:/home/jerome/ws_moveit2/install/moveit_kinematics:/home/jerome/ws_moveit2/install/moveit_chomp_optimizer_adapter:/home/jerome/ws_moveit2/install/chomp_motion_planner:/home/jerome/ws_moveit2/install/moveit_core:/home/jerome/ws_moveit2/install/srdfdom:/home/jerome/ws_moveit2/install/rviz_marker_tools:/home/jerome/ws_moveit2/install/rosparam_shortcuts:/home/jerome/ws_moveit2/install/moveit_task_constructor_msgs:/home/jerome/ws_moveit2/install/moveit_resources_prbt_support:/home/jerome/ws_moveit2/install/moveit_resources:/home/jerome/ws_moveit2/install/moveit_resources_pr2_description:/home/jerome/ws_moveit2/install/moveit_resources_panda_moveit_config:/home/jerome/ws_moveit2/install/moveit_resources_panda_description:/home/jerome/ws_moveit2/install/moveit_resources_fanuc_moveit_config:/home/jerome/ws_moveit2/install/moveit_resources_fanuc_description:/home/jerome/ws_moveit2/install/moveit_common:/home/jerome/ws_moveit2/install/moveit_configs_utils:/home/jerome/ws_moveit2/install/launch_param_builder:/opt/ros/humble /usr/bin/cmake --install /home/jerome/arm_base/build/arm_urdf_moveit_config
[1.729s] Level 1:colcon.colcon_core.environment:checking '/home/jerome/arm_base/install/arm_urdf_moveit_config' for CMake config files
[1.729s] Level 1:colcon.colcon_core.shell:create_environment_hook('arm_urdf_moveit_config', 'cmake_prefix_path')
[1.729s] INFO:colcon.colcon_core.shell:Creating environment hook '/home/jerome/arm_base/install/arm_urdf_moveit_config/share/arm_urdf_moveit_config/hook/cmake_prefix_path.ps1'
[1.730s] INFO:colcon.colcon_core.shell:Creating environment descriptor '/home/jerome/arm_base/install/arm_urdf_moveit_config/share/arm_urdf_moveit_config/hook/cmake_prefix_path.dsv'
[1.731s] INFO:colcon.colcon_core.shell:Creating environment hook '/home/jerome/arm_base/install/arm_urdf_moveit_config/share/arm_urdf_moveit_config/hook/cmake_prefix_path.sh'
[1.731s] Level 1:colcon.colcon_core.environment:checking '/home/jerome/arm_base/install/arm_urdf_moveit_config/bin'
[1.731s] Level 1:colcon.colcon_core.environment:checking '/home/jerome/arm_base/install/arm_urdf_moveit_config/lib/pkgconfig/arm_urdf_moveit_config.pc'
[1.732s] Level 1:colcon.colcon_core.environment:checking '/home/jerome/arm_base/install/arm_urdf_moveit_config/lib/python3.10/site-packages'
[1.732s] Level 1:colcon.colcon_core.environment:checking '/home/jerome/arm_base/install/arm_urdf_moveit_config/bin'
[1.733s] INFO:colcon.colcon_core.shell:Creating package script '/home/jerome/arm_base/install/arm_urdf_moveit_config/share/arm_urdf_moveit_config/package.ps1'
[1.733s] INFO:colcon.colcon_core.shell:Creating package descriptor '/home/jerome/arm_base/install/arm_urdf_moveit_config/share/arm_urdf_moveit_config/package.dsv'
[1.734s] INFO:colcon.colcon_core.shell:Creating package script '/home/jerome/arm_base/install/arm_urdf_moveit_config/share/arm_urdf_moveit_config/package.sh'
[1.734s] INFO:colcon.colcon_core.shell:Creating package script '/home/jerome/arm_base/install/arm_urdf_moveit_config/share/arm_urdf_moveit_config/package.bash'
[1.735s] INFO:colcon.colcon_core.shell:Creating package script '/home/jerome/arm_base/install/arm_urdf_moveit_config/share/arm_urdf_moveit_config/package.zsh'
[1.735s] Level 1:colcon.colcon_core.environment:create_file_with_runtime_dependencies(/home/jerome/arm_base/install/arm_urdf_moveit_config/share/colcon-core/packages/arm_urdf_moveit_config)
[1.735s] Level 1:colcon.colcon_core.environment:create_environment_scripts_only(arm_urdf_moveit_config)
[1.736s] Level 1:colcon.colcon_core.environment:checking '/home/jerome/arm_base/install/arm_urdf_moveit_config' for CMake module files
[1.736s] Level 1:colcon.colcon_core.environment:checking '/home/jerome/arm_base/install/arm_urdf_moveit_config' for CMake config files
[1.736s] Level 1:colcon.colcon_core.shell:create_environment_hook('arm_urdf_moveit_config', 'cmake_prefix_path')
[1.736s] INFO:colcon.colcon_core.shell:Creating environment hook '/home/jerome/arm_base/install/arm_urdf_moveit_config/share/arm_urdf_moveit_config/hook/cmake_prefix_path.ps1'
[1.737s] INFO:colcon.colcon_core.shell:Creating environment descriptor '/home/jerome/arm_base/install/arm_urdf_moveit_config/share/arm_urdf_moveit_config/hook/cmake_prefix_path.dsv'
[1.737s] INFO:colcon.colcon_core.shell:Creating environment hook '/home/jerome/arm_base/install/arm_urdf_moveit_config/share/arm_urdf_moveit_config/hook/cmake_prefix_path.sh'
[1.737s] Level 1:colcon.colcon_core.environment:checking '/home/jerome/arm_base/install/arm_urdf_moveit_config/bin'
[1.737s] Level 1:colcon.colcon_core.environment:checking '/home/jerome/arm_base/install/arm_urdf_moveit_config/lib/pkgconfig/arm_urdf_moveit_config.pc'
[1.737s] Level 1:colcon.colcon_core.environment:checking '/home/jerome/arm_base/install/arm_urdf_moveit_config/lib/python3.10/site-packages'
[1.738s] Level 1:colcon.colcon_core.environment:checking '/home/jerome/arm_base/install/arm_urdf_moveit_config/bin'
[1.738s] INFO:colcon.colcon_core.shell:Creating package script '/home/jerome/arm_base/install/arm_urdf_moveit_config/share/arm_urdf_moveit_config/package.ps1'
[1.738s] INFO:colcon.colcon_core.shell:Creating package descriptor '/home/jerome/arm_base/install/arm_urdf_moveit_config/share/arm_urdf_moveit_config/package.dsv'
[1.739s] INFO:colcon.colcon_core.shell:Creating package script '/home/jerome/arm_base/install/arm_urdf_moveit_config/share/arm_urdf_moveit_config/package.sh'
[1.739s] INFO:colcon.colcon_core.shell:Creating package script '/home/jerome/arm_base/install/arm_urdf_moveit_config/share/arm_urdf_moveit_config/package.bash'
[1.739s] INFO:colcon.colcon_core.shell:Creating package script '/home/jerome/arm_base/install/arm_urdf_moveit_config/share/arm_urdf_moveit_config/package.zsh'
[1.740s] Level 1:colcon.colcon_core.environment:create_file_with_runtime_dependencies(/home/jerome/arm_base/install/arm_urdf_moveit_config/share/colcon-core/packages/arm_urdf_moveit_config)
[2.301s] DEBUG:colcon.colcon_core.event_handler.log_command:Invoked command in '/home/jerome/arm_base/build/pick_and_place' returned '0': CMAKE_PREFIX_PATH=${CMAKE_PREFIX_PATH}:/home/jerome/ws_moveit2/install/moveit_configs_utils:/home/jerome/ws_moveit2/install/launch_param_builder:/opt/ros/humble /usr/bin/cmake /home/jerome/arm_base/src/pick_and_place -DCMAKE_INSTALL_PREFIX=/home/jerome/arm_base/install/pick_and_place
[2.301s] DEBUG:colcon.colcon_core.event_handler.log_command:Invoking command in '/home/jerome/arm_base/build/pick_and_place': CMAKE_PREFIX_PATH=${CMAKE_PREFIX_PATH}:/home/jerome/ws_moveit2/install/moveit_configs_utils:/home/jerome/ws_moveit2/install/launch_param_builder:/opt/ros/humble /usr/bin/cmake --build /home/jerome/arm_base/build/pick_and_place -- -j16 -l16
[10.645s] DEBUG:colcon.colcon_core.event_handler.log_command:Invoked command in '/home/jerome/arm_base/build/pick_and_place' returned '0': CMAKE_PREFIX_PATH=${CMAKE_PREFIX_PATH}:/home/jerome/ws_moveit2/install/moveit_configs_utils:/home/jerome/ws_moveit2/install/launch_param_builder:/opt/ros/humble /usr/bin/cmake --build /home/jerome/arm_base/build/pick_and_place -- -j16 -l16
[10.647s] DEBUG:colcon.colcon_core.event_handler.log_command:Invoking command in '/home/jerome/arm_base/build/pick_and_place': CMAKE_PREFIX_PATH=${CMAKE_PREFIX_PATH}:/home/jerome/ws_moveit2/install/moveit_configs_utils:/home/jerome/ws_moveit2/install/launch_param_builder:/opt/ros/humble /usr/bin/cmake --install /home/jerome/arm_base/build/pick_and_place
[10.669s] Level 1:colcon.colcon_core.environment:create_environment_scripts_only(pick_and_place)
[10.670s] DEBUG:colcon.colcon_core.event_handler.log_command:Invoked command in '/home/jerome/arm_base/build/pick_and_place' returned '0': CMAKE_PREFIX_PATH=${CMAKE_PREFIX_PATH}:/home/jerome/ws_moveit2/install/moveit_configs_utils:/home/jerome/ws_moveit2/install/launch_param_builder:/opt/ros/humble /usr/bin/cmake --install /home/jerome/arm_base/build/pick_and_place
[10.670s] Level 1:colcon.colcon_core.environment:checking '/home/jerome/arm_base/install/pick_and_place' for CMake module files
[10.671s] Level 1:colcon.colcon_core.environment:checking '/home/jerome/arm_base/install/pick_and_place' for CMake config files
[10.671s] Level 1:colcon.colcon_core.shell:create_environment_hook('pick_and_place', 'cmake_prefix_path')
[10.671s] INFO:colcon.colcon_core.shell:Creating environment hook '/home/jerome/arm_base/install/pick_and_place/share/pick_and_place/hook/cmake_prefix_path.ps1'
[10.672s] INFO:colcon.colcon_core.shell:Creating environment descriptor '/home/jerome/arm_base/install/pick_and_place/share/pick_and_place/hook/cmake_prefix_path.dsv'
[10.672s] INFO:colcon.colcon_core.shell:Creating environment hook '/home/jerome/arm_base/install/pick_and_place/share/pick_and_place/hook/cmake_prefix_path.sh'
[10.673s] Level 1:colcon.colcon_core.environment:checking '/home/jerome/arm_base/install/pick_and_place/lib'
[10.673s] Level 1:colcon.colcon_core.environment:checking '/home/jerome/arm_base/install/pick_and_place/bin'
[10.673s] Level 1:colcon.colcon_core.environment:checking '/home/jerome/arm_base/install/pick_and_place/lib/pkgconfig/pick_and_place.pc'
[10.673s] Level 1:colcon.colcon_core.environment:checking '/home/jerome/arm_base/install/pick_and_place/lib/python3.10/site-packages'
[10.674s] Level 1:colcon.colcon_core.environment:checking '/home/jerome/arm_base/install/pick_and_place/bin'
[10.674s] INFO:colcon.colcon_core.shell:Creating package script '/home/jerome/arm_base/install/pick_and_place/share/pick_and_place/package.ps1'
[10.675s] INFO:colcon.colcon_core.shell:Creating package descriptor '/home/jerome/arm_base/install/pick_and_place/share/pick_and_place/package.dsv'
[10.675s] INFO:colcon.colcon_core.shell:Creating package script '/home/jerome/arm_base/install/pick_and_place/share/pick_and_place/package.sh'
[10.676s] INFO:colcon.colcon_core.shell:Creating package script '/home/jerome/arm_base/install/pick_and_place/share/pick_and_place/package.bash'
[10.676s] INFO:colcon.colcon_core.shell:Creating package script '/home/jerome/arm_base/install/pick_and_place/share/pick_and_place/package.zsh'
[10.677s] Level 1:colcon.colcon_core.environment:create_file_with_runtime_dependencies(/home/jerome/arm_base/install/pick_and_place/share/colcon-core/packages/pick_and_place)
[10.677s] Level 1:colcon.colcon_core.environment:create_environment_scripts_only(pick_and_place)
[10.678s] Level 1:colcon.colcon_core.environment:checking '/home/jerome/arm_base/install/pick_and_place' for CMake module files
[10.678s] Level 1:colcon.colcon_core.environment:checking '/home/jerome/arm_base/install/pick_and_place' for CMake config files
[10.678s] Level 1:colcon.colcon_core.shell:create_environment_hook('pick_and_place', 'cmake_prefix_path')
[10.679s] INFO:colcon.colcon_core.shell:Creating environment hook '/home/jerome/arm_base/install/pick_and_place/share/pick_and_place/hook/cmake_prefix_path.ps1'
[10.679s] INFO:colcon.colcon_core.shell:Creating environment descriptor '/home/jerome/arm_base/install/pick_and_place/share/pick_and_place/hook/cmake_prefix_path.dsv'
[10.679s] INFO:colcon.colcon_core.shell:Creating environment hook '/home/jerome/arm_base/install/pick_and_place/share/pick_and_place/hook/cmake_prefix_path.sh'
[10.680s] Level 1:colcon.colcon_core.environment:checking '/home/jerome/arm_base/install/pick_and_place/lib'
[10.680s] Level 1:colcon.colcon_core.environment:checking '/home/jerome/arm_base/install/pick_and_place/bin'
[10.680s] Level 1:colcon.colcon_core.environment:checking '/home/jerome/arm_base/install/pick_and_place/lib/pkgconfig/pick_and_place.pc'
[10.680s] Level 1:colcon.colcon_core.environment:checking '/home/jerome/arm_base/install/pick_and_place/lib/python3.10/site-packages'
[10.680s] Level 1:colcon.colcon_core.environment:checking '/home/jerome/arm_base/install/pick_and_place/bin'
[10.681s] INFO:colcon.colcon_core.shell:Creating package script '/home/jerome/arm_base/install/pick_and_place/share/pick_and_place/package.ps1'
[10.681s] INFO:colcon.colcon_core.shell:Creating package descriptor '/home/jerome/arm_base/install/pick_and_place/share/pick_and_place/package.dsv'
[10.681s] INFO:colcon.colcon_core.shell:Creating package script '/home/jerome/arm_base/install/pick_and_place/share/pick_and_place/package.sh'
[10.681s] INFO:colcon.colcon_core.shell:Creating package script '/home/jerome/arm_base/install/pick_and_place/share/pick_and_place/package.bash'
[10.682s] INFO:colcon.colcon_core.shell:Creating package script '/home/jerome/arm_base/install/pick_and_place/share/pick_and_place/package.zsh'
[10.682s] Level 1:colcon.colcon_core.environment:create_file_with_runtime_dependencies(/home/jerome/arm_base/install/pick_and_place/share/colcon-core/packages/pick_and_place)
[10.682s] DEBUG:colcon.colcon_parallel_executor.executor.parallel:closing loop
[10.683s] DEBUG:colcon.colcon_parallel_executor.executor.parallel:loop closed
[10.683s] DEBUG:colcon.colcon_parallel_executor.executor.parallel:run_until_complete finished with '0'
[10.683s] DEBUG:colcon.colcon_core.event_reactor:joining thread
[10.688s] INFO:colcon.colcon_core.plugin_system:Skipping extension 'colcon_notification.desktop_notification.terminal_notifier': Not used on non-Darwin systems
[10.688s] INFO:colcon.colcon_core.plugin_system:Skipping extension 'colcon_notification.desktop_notification.win32': Not used on non-Windows systems
[10.688s] INFO:colcon.colcon_notification.desktop_notification:Sending desktop notification using 'notify2'
[10.708s] DEBUG:colcon.colcon_core.event_reactor:joined thread
[10.709s] INFO:colcon.colcon_core.shell:Creating prefix script '/home/jerome/arm_base/install/local_setup.ps1'
[10.710s] INFO:colcon.colcon_core.shell:Creating prefix util module '/home/jerome/arm_base/install/_local_setup_util_ps1.py'
[10.711s] INFO:colcon.colcon_core.shell:Creating prefix chain script '/home/jerome/arm_base/install/setup.ps1'
[10.713s] INFO:colcon.colcon_core.shell:Creating prefix script '/home/jerome/arm_base/install/local_setup.sh'
[10.714s] INFO:colcon.colcon_core.shell:Creating prefix util module '/home/jerome/arm_base/install/_local_setup_util_sh.py'
[10.714s] INFO:colcon.colcon_core.shell:Creating prefix chain script '/home/jerome/arm_base/install/setup.sh'
[10.716s] INFO:colcon.colcon_core.shell:Creating prefix script '/home/jerome/arm_base/install/local_setup.bash'
[10.716s] INFO:colcon.colcon_core.shell:Creating prefix chain script '/home/jerome/arm_base/install/setup.bash'
[10.718s] INFO:colcon.colcon_core.shell:Creating prefix script '/home/jerome/arm_base/install/local_setup.zsh'
[10.718s] INFO:colcon.colcon_core.shell:Creating prefix chain script '/home/jerome/arm_base/install/setup.zsh'
