[35m[1mConsolidate compiler generated dependencies of target mtc_tutorial[0m
[ 50%] Built target pick_and_place
[ 75%] [32mBuilding CXX object CMakeFiles/mtc_tutorial.dir/src/mtc.cpp.o[0m
[01m[K/home/jerome/arm_base/src/pick_and_place/src/mtc.cpp:[m[K In member function ‘[01m[Kmoveit::task_constructor::Task MTCTaskNode::createTask()[m[K’:
[01m[K/home/jerome/arm_base/src/pick_and_place/src/mtc.cpp:225:13:[m[K [01;35m[Kwarning: [m[Kvariable ‘[01m[Kattach_object_stage[m[K’ set but not used [[01;35m[K]8;;https://gcc.gnu.org/onlinedocs/gcc/Warning-Options.html#index-Wunused-but-set-variable-Wunused-but-set-variable]8;;[m[K]
  225 | mtc::Stage* [01;35m[Kattach_object_stage[m[K =
      |             [01;35m[K^~~~~~~~~~~~~~~~~~~[m[K
[100%] [32m[1mLinking CXX executable mtc_tutorial[0m
[100%] Built target mtc_tutorial
-- Install configuration: ""
-- Installing: /home/jerome/arm_base/install/pick_and_place/lib/pick_and_place/mtc_tutorial
-- Set runtime path of "/home/jerome/arm_base/install/pick_and_place/lib/pick_and_place/mtc_tutorial" to ""
-- Up-to-date: /home/jerome/arm_base/install/pick_and_place/share/pick_and_place//launch
-- Up-to-date: /home/jerome/arm_base/install/pick_and_place/share/pick_and_place//launch/pick_new.launch.py
-- Up-to-date: /home/jerome/arm_base/install/pick_and_place/share/pick_and_place//launch/pick_and_place.launch.py
-- Up-to-date: /home/jerome/arm_base/install/pick_and_place/lib/pick_and_place/pick_and_place
-- Up-to-date: /home/jerome/arm_base/install/pick_and_place/share/ament_index/resource_index/package_run_dependencies/pick_and_place
-- Up-to-date: /home/jerome/arm_base/install/pick_and_place/share/ament_index/resource_index/parent_prefix_path/pick_and_place
-- Up-to-date: /home/jerome/arm_base/install/pick_and_place/share/pick_and_place/environment/ament_prefix_path.sh
-- Up-to-date: /home/jerome/arm_base/install/pick_and_place/share/pick_and_place/environment/ament_prefix_path.dsv
-- Up-to-date: /home/jerome/arm_base/install/pick_and_place/share/pick_and_place/environment/path.sh
-- Up-to-date: /home/jerome/arm_base/install/pick_and_place/share/pick_and_place/environment/path.dsv
-- Up-to-date: /home/jerome/arm_base/install/pick_and_place/share/pick_and_place/local_setup.bash
-- Up-to-date: /home/jerome/arm_base/install/pick_and_place/share/pick_and_place/local_setup.sh
-- Up-to-date: /home/jerome/arm_base/install/pick_and_place/share/pick_and_place/local_setup.zsh
-- Up-to-date: /home/jerome/arm_base/install/pick_and_place/share/pick_and_place/local_setup.dsv
-- Installing: /home/jerome/arm_base/install/pick_and_place/share/pick_and_place/package.dsv
-- Up-to-date: /home/jerome/arm_base/install/pick_and_place/share/ament_index/resource_index/packages/pick_and_place
-- Up-to-date: /home/jerome/arm_base/install/pick_and_place/share/pick_and_place/cmake/pick_and_placeConfig.cmake
-- Up-to-date: /home/jerome/arm_base/install/pick_and_place/share/pick_and_place/cmake/pick_and_placeConfig-version.cmake
-- Up-to-date: /home/jerome/arm_base/install/pick_and_place/share/pick_and_place/package.xml
