-- Install configuration: ""
-- Up-to-date: /home/jerome/arm_base/install/arm_urdf/share/arm_urdf//launch
-- Up-to-date: /home/jerome/arm_base/install/arm_urdf/share/arm_urdf//launch/display.launch.py
-- Installing: /home/jerome/arm_base/install/arm_urdf/share/arm_urdf//launch/spawner.launch.py
-- Up-to-date: /home/jerome/arm_base/install/arm_urdf/share/arm_urdf//config
-- Up-to-date: /home/jerome/arm_base/install/arm_urdf/share/arm_urdf//config/display.rviz
-- Up-to-date: /home/jerome/arm_base/install/arm_urdf/share/arm_urdf//meshes
-- Up-to-date: /home/jerome/arm_base/install/arm_urdf/share/arm_urdf//meshes/AX_12A_01_3.stl
-- Up-to-date: /home/jerome/arm_base/install/arm_urdf/share/arm_urdf//meshes/link24.stl
-- Up-to-date: /home/jerome/arm_base/install/arm_urdf/share/arm_urdf//meshes/Component5.stl
-- Up-to-date: /home/jerome/arm_base/install/arm_urdf/share/arm_urdf//meshes/AX_12A_04_1.stl
-- Up-to-date: /home/jerome/arm_base/install/arm_urdf/share/arm_urdf//meshes/AX_12A_03_1.stl
-- Up-to-date: /home/jerome/arm_base/install/arm_urdf/share/arm_urdf//meshes/Component53.stl
-- Up-to-date: /home/jerome/arm_base/install/arm_urdf/share/arm_urdf//meshes/Component55.stl
-- Up-to-date: /home/jerome/arm_base/install/arm_urdf/share/arm_urdf//meshes/AX_12A_03_2.stl
-- Up-to-date: /home/jerome/arm_base/install/arm_urdf/share/arm_urdf//meshes/AX_12A_01_2.stl
-- Up-to-date: /home/jerome/arm_base/install/arm_urdf/share/arm_urdf//meshes/Wheel_motor_3.stl
-- Up-to-date: /home/jerome/arm_base/install/arm_urdf/share/arm_urdf//meshes/Component20.stl
-- Up-to-date: /home/jerome/arm_base/install/arm_urdf/share/arm_urdf//meshes/Component1_1.stl
-- Up-to-date: /home/jerome/arm_base/install/arm_urdf/share/arm_urdf//meshes/Component7.stl
-- Up-to-date: /home/jerome/arm_base/install/arm_urdf/share/arm_urdf//meshes/Component56.stl
-- Up-to-date: /home/jerome/arm_base/install/arm_urdf/share/arm_urdf//meshes/Base_link.stl
-- Up-to-date: /home/jerome/arm_base/install/arm_urdf/share/arm_urdf//meshes/Component12.stl
-- Up-to-date: /home/jerome/arm_base/install/arm_urdf/share/arm_urdf//meshes/link23.stl
-- Up-to-date: /home/jerome/arm_base/install/arm_urdf/share/arm_urdf//meshes/Universal_hub.stl
-- Up-to-date: /home/jerome/arm_base/install/arm_urdf/share/arm_urdf//meshes/Coupler_meccanum_V2.stl
-- Up-to-date: /home/jerome/arm_base/install/arm_urdf/share/arm_urdf//meshes/Wheel_motor_4.stl
-- Up-to-date: /home/jerome/arm_base/install/arm_urdf/share/arm_urdf//meshes/Nema_34_v3.stl
-- Up-to-date: /home/jerome/arm_base/install/arm_urdf/share/arm_urdf//meshes/AX_12A_04_3.stl
-- Up-to-date: /home/jerome/arm_base/install/arm_urdf/share/arm_urdf//meshes/AX_12A_02_3.stl
-- Up-to-date: /home/jerome/arm_base/install/arm_urdf/share/arm_urdf//meshes/STEPPER_MOTOR.stl
-- Up-to-date: /home/jerome/arm_base/install/arm_urdf/share/arm_urdf//meshes/Component2.stl
-- Up-to-date: /home/jerome/arm_base/install/arm_urdf/share/arm_urdf//meshes/AX_12A_01_1.stl
-- Up-to-date: /home/jerome/arm_base/install/arm_urdf/share/arm_urdf//meshes/Soft_finger_1.stl
-- Up-to-date: /home/jerome/arm_base/install/arm_urdf/share/arm_urdf//meshes/AX_12A_03_3.stl
-- Up-to-date: /home/jerome/arm_base/install/arm_urdf/share/arm_urdf//meshes/AX_12A_02_2.stl
-- Up-to-date: /home/jerome/arm_base/install/arm_urdf/share/arm_urdf//meshes/Component6.stl
-- Up-to-date: /home/jerome/arm_base/install/arm_urdf/share/arm_urdf//meshes/AX_12A_03_4.stl
-- Up-to-date: /home/jerome/arm_base/install/arm_urdf/share/arm_urdf//meshes/gcomp1.stl
-- Up-to-date: /home/jerome/arm_base/install/arm_urdf/share/arm_urdf//meshes/Wheel_motor_1.stl
-- Up-to-date: /home/jerome/arm_base/install/arm_urdf/share/arm_urdf//meshes/AX_12A_01_4.stl
-- Up-to-date: /home/jerome/arm_base/install/arm_urdf/share/arm_urdf//meshes/AX_12A_02_1.stl
-- Up-to-date: /home/jerome/arm_base/install/arm_urdf/share/arm_urdf//meshes/Wheel_motor_2.stl
-- Up-to-date: /home/jerome/arm_base/install/arm_urdf/share/arm_urdf//meshes/AX_12A_02_4.stl
-- Up-to-date: /home/jerome/arm_base/install/arm_urdf/share/arm_urdf//meshes/firstDOF_final.stl
-- Up-to-date: /home/jerome/arm_base/install/arm_urdf/share/arm_urdf//meshes/ZED2i-v1.stl
-- Up-to-date: /home/jerome/arm_base/install/arm_urdf/share/arm_urdf//meshes/Nema34_bracket.stl
-- Up-to-date: /home/jerome/arm_base/install/arm_urdf/share/arm_urdf//meshes/base_final-v3.stl
-- Up-to-date: /home/jerome/arm_base/install/arm_urdf/share/arm_urdf//meshes/Spur_Gear_motor.stl
-- Up-to-date: /home/jerome/arm_base/install/arm_urdf/share/arm_urdf//meshes/AX_12A_04_4.stl
-- Up-to-date: /home/jerome/arm_base/install/arm_urdf/share/arm_urdf//meshes/Spur_Gear_driven.stl
-- Up-to-date: /home/jerome/arm_base/install/arm_urdf/share/arm_urdf//meshes/AX_12A_04_2.stl
-- Up-to-date: /home/jerome/arm_base/install/arm_urdf/share/arm_urdf//meshes/soft_finger_2.stl
-- Up-to-date: /home/jerome/arm_base/install/arm_urdf/share/arm_urdf//meshes/Component54.stl
-- Up-to-date: /home/jerome/arm_base/install/arm_urdf/share/arm_urdf//urdf
-- Up-to-date: /home/jerome/arm_base/install/arm_urdf/share/arm_urdf//urdf/ArmPlate.xacro
-- Up-to-date: /home/jerome/arm_base/install/arm_urdf/share/ament_index/resource_index/package_run_dependencies/arm_urdf
-- Up-to-date: /home/jerome/arm_base/install/arm_urdf/share/ament_index/resource_index/parent_prefix_path/arm_urdf
-- Up-to-date: /home/jerome/arm_base/install/arm_urdf/share/arm_urdf/environment/ament_prefix_path.sh
-- Up-to-date: /home/jerome/arm_base/install/arm_urdf/share/arm_urdf/environment/ament_prefix_path.dsv
-- Up-to-date: /home/jerome/arm_base/install/arm_urdf/share/arm_urdf/environment/path.sh
-- Up-to-date: /home/jerome/arm_base/install/arm_urdf/share/arm_urdf/environment/path.dsv
-- Up-to-date: /home/jerome/arm_base/install/arm_urdf/share/arm_urdf/local_setup.bash
-- Up-to-date: /home/jerome/arm_base/install/arm_urdf/share/arm_urdf/local_setup.sh
-- Up-to-date: /home/jerome/arm_base/install/arm_urdf/share/arm_urdf/local_setup.zsh
-- Up-to-date: /home/jerome/arm_base/install/arm_urdf/share/arm_urdf/local_setup.dsv
-- Installing: /home/jerome/arm_base/install/arm_urdf/share/arm_urdf/package.dsv
-- Up-to-date: /home/jerome/arm_base/install/arm_urdf/share/ament_index/resource_index/packages/arm_urdf
-- Up-to-date: /home/jerome/arm_base/install/arm_urdf/share/arm_urdf/cmake/arm_urdfConfig.cmake
-- Up-to-date: /home/jerome/arm_base/install/arm_urdf/share/arm_urdf/cmake/arm_urdfConfig-version.cmake
-- Up-to-date: /home/jerome/arm_base/install/arm_urdf/share/arm_urdf/package.xml
