[0.009s] Invoking command in '/home/jerome/arm_base/build/pick_and_place': CMAKE_PREFIX_PATH=${CMAKE_PREFIX_PATH}:/home/jerome/ws_moveit2/install/moveit_configs_utils:/home/jerome/ws_moveit2/install/launch_param_builder:/opt/ros/humble /usr/bin/cmake --build /home/jerome/arm_base/build/pick_and_place -- -j16 -l16
[0.066s] [35m[1mConsolidate compiler generated dependencies of target mtc_tutorial[0m
[0.081s] [ 50%] Built target pick_and_place
[0.092s] [ 75%] [32mBuilding CXX object CMakeFiles/mtc_tutorial.dir/src/mtc.cpp.o[0m
[3.289s] [01m[K/home/jerome/arm_base/src/pick_and_place/src/mtc.cpp:[m[K In member function ‘[01m[Kmoveit::task_constructor::Task MTCTaskNode::createTask()[m[K’:
[3.289s] [01m[K/home/jerome/arm_base/src/pick_and_place/src/mtc.cpp:247:52:[m[K [01;31m[Kerror: [m[K‘[01m[KDeepGraspPose[m[K’ is not a member of ‘[01m[Kmoveit::task_constructor::stages[m[K’
[3.289s]   247 |         auto stage = std::make_unique<mtc::stages::[01;31m[KDeepGraspPose[m[K<moveit_task_constructor_msgs::SampleGraspPosesAction>>(
[3.289s]       |                                                    [01;31m[K^~~~~~~~~~~~~[m[K
[3.289s] [01m[K/home/jerome/arm_base/src/pick_and_place/src/mtc.cpp:247:96:[m[K [01;31m[Kerror: [m[K‘[01m[KSampleGraspPosesAction[m[K’ is not a member of ‘[01m[Kmoveit_task_constructor_msgs[m[K’
[3.289s]   247 |         auto stage = std::make_unique<mtc::stages::DeepGraspPose<moveit_task_constructor_msgs::[01;31m[KSampleGraspPosesAction[m[K>>(
[3.289s]       |                                                                                                [01;31m[K^~~~~~~~~~~~~~~~~~~~~~[m[K
[3.297s] [01m[K/home/jerome/arm_base/src/pick_and_place/src/mtc.cpp:248:13:[m[K [01;31m[Kerror: [m[K‘[01m[Kaction_name_[m[K’ was not declared in this scope
[3.297s]   248 |             [01;31m[Kaction_name_[m[K, "generate grasp pose");
[3.297s]       |             [01;31m[K^~~~~~~~~~~~[m[K
[3.297s] [01m[K/home/jerome/arm_base/src/pick_and_place/src/mtc.cpp:249:47:[m[K [01;31m[Kerror: [m[K‘[01m[KStage[m[K’ has not been declared
[3.297s]   249 |         stage->properties().configureInitFrom([01;31m[KStage[m[K::PARENT);
[3.297s]       |                                               [01;31m[K^~~~~[m[K
[3.300s] [01m[K/home/jerome/arm_base/src/pick_and_place/src/mtc.cpp:251:32:[m[K [01;31m[Kerror: [m[K‘[01m[Kopen[m[K’ was not declared in this scope; did you mean ‘[01m[Kpopen[m[K’?
[3.300s]   251 |         stage->setPreGraspPose([01;31m[Kopen[m[K);
[3.300s]       |                                [01;31m[K^~~~[m[K
[3.300s]       |                                [32m[Kpopen[m[K
[3.304s] [01m[K/home/jerome/arm_base/src/pick_and_place/src/mtc.cpp:252:26:[m[K [01;31m[Kerror: [m[K‘[01m[Kobject[m[K’ was not declared in this scope
[3.304s]   252 |         stage->setObject([01;31m[Kobject[m[K);
[3.304s]       |                          [01;31m[K^~~~~~[m[K
[3.305s] [01m[K/home/jerome/arm_base/src/pick_and_place/src/mtc.cpp:256:41:[m[K [01;31m[Kerror: [m[K‘[01m[Kstages[m[K’ was not declared in this scope; did you mean ‘[01m[Kmoveit::task_constructor::stages[m[K’?
[3.305s]   256 |         auto wrapper = std::make_unique<[01;31m[Kstages[m[K::ComputeIK>("grasp pose IK", std::move(stage));
[3.305s]       |                                         [01;31m[K^~~~~~[m[K
[3.305s]       |                                         [32m[Kmoveit::task_constructor::stages[m[K
[3.305s] In file included from [01m[K/home/jerome/ws_moveit2/install/moveit_task_constructor_core/include/moveit/task_constructor/stages.h:41[m[K,
[3.305s]                  from [01m[K/home/jerome/arm_base/src/pick_and_place/src/mtc.cpp:7[m[K:
[3.305s] [01m[K/home/jerome/ws_moveit2/install/moveit_task_constructor_core/include/moveit/task_constructor/stages/compute_ik.h:53:11:[m[K [01;36m[Knote: [m[K‘[01m[Kmoveit::task_constructor::stages[m[K’ declared here
[3.305s]    53 | namespace [01;36m[Kstages[m[K {
[3.305s]       |           [01;36m[K^~~~~~[m[K
[3.305s] [01m[K/home/jerome/arm_base/src/pick_and_place/src/mtc.cpp:256:29:[m[K [01;31m[Kerror: [m[Kparse error in template argument list
[3.305s]   256 |         auto wrapper = std::[01;31m[Kmake_unique<stages::ComputeIK>[m[K("grasp pose IK", std::move(stage));
[3.305s]       |                             [01;31m[K^~~~~~~~~~~~~~~~~~~~~~~~~~~~~~[m[K
[3.318s] [01m[K/home/jerome/arm_base/src/pick_and_place/src/mtc.cpp:259:29:[m[K [01;31m[Kerror: [m[K‘[01m[Kgrasp_frame_transform_[m[K’ was not declared in this scope
[3.318s]   259 |         wrapper->setIKFrame([01;31m[Kgrasp_frame_transform_[m[K, hand_frame);
[3.318s]       |                             [01;31m[K^~~~~~~~~~~~~~~~~~~~~~[m[K
[3.318s] [01m[K/home/jerome/arm_base/src/pick_and_place/src/mtc.cpp:260:49:[m[K [01;31m[Kerror: [m[K‘[01m[KStage[m[K’ has not been declared
[3.318s]   260 |         wrapper->properties().configureInitFrom([01;31m[KStage[m[K::PARENT, { "eef", "group" });
[3.318s]       |                                                 [01;31m[K^~~~~[m[K
[3.318s] [01m[K/home/jerome/arm_base/src/pick_and_place/src/mtc.cpp:261:49:[m[K [01;31m[Kerror: [m[K‘[01m[KStage[m[K’ has not been declared
[3.318s]   261 |         wrapper->properties().configureInitFrom([01;31m[KStage[m[K::INTERFACE, { "target_pose" });
[3.318s]       |                                                 [01;31m[K^~~~~[m[K
[5.761s] gmake[2]: *** [CMakeFiles/mtc_tutorial.dir/build.make:76: CMakeFiles/mtc_tutorial.dir/src/mtc.cpp.o] Error 1
[5.761s] gmake[1]: *** [CMakeFiles/Makefile2:165: CMakeFiles/mtc_tutorial.dir/all] Error 2
[5.761s] gmake: *** [Makefile:146: all] Error 2
[5.763s] Invoked command in '/home/jerome/arm_base/build/pick_and_place' returned '2': CMAKE_PREFIX_PATH=${CMAKE_PREFIX_PATH}:/home/jerome/ws_moveit2/install/moveit_configs_utils:/home/jerome/ws_moveit2/install/launch_param_builder:/opt/ros/humble /usr/bin/cmake --build /home/jerome/arm_base/build/pick_and_place -- -j16 -l16
