[35m[1mConsolidate compiler generated dependencies of target pick_and_place[0m
[35m[1mConsolidate compiler generated dependencies of target mtc_tutorial[0m
[ 50%] Built target pick_and_place
[ 75%] [32mBuilding CXX object CMakeFiles/mtc_tutorial.dir/src/mtc.cpp.o[0m
[100%] [32m[1mLinking CXX executable mtc_tutorial[0m
[100%] Built target mtc_tutorial
-- Install configuration: ""
-- Installing: /home/jerome/arm_base/install/pick_and_place/share/pick_and_place//launch
-- Installing: /home/jerome/arm_base/install/pick_and_place/share/pick_and_place//launch/pick_new.launch.py
-- Installing: /home/jerome/arm_base/install/pick_and_place/share/pick_and_place//launch/pick_and_place.launch.py
-- Installing: /home/jerome/arm_base/install/pick_and_place/lib/pick_and_place/pick_and_place
-- Set runtime path of "/home/jerome/arm_base/install/pick_and_place/lib/pick_and_place/pick_and_place" to ""
-- Installing: /home/jerome/arm_base/install/pick_and_place/share/ament_index/resource_index/package_run_dependencies/pick_and_place
-- Installing: /home/jerome/arm_base/install/pick_and_place/share/ament_index/resource_index/parent_prefix_path/pick_and_place
-- Installing: /home/jerome/arm_base/install/pick_and_place/share/pick_and_place/environment/ament_prefix_path.sh
-- Installing: /home/jerome/arm_base/install/pick_and_place/share/pick_and_place/environment/ament_prefix_path.dsv
-- Installing: /home/jerome/arm_base/install/pick_and_place/share/pick_and_place/environment/path.sh
-- Installing: /home/jerome/arm_base/install/pick_and_place/share/pick_and_place/environment/path.dsv
-- Installing: /home/jerome/arm_base/install/pick_and_place/share/pick_and_place/local_setup.bash
-- Installing: /home/jerome/arm_base/install/pick_and_place/share/pick_and_place/local_setup.sh
-- Installing: /home/jerome/arm_base/install/pick_and_place/share/pick_and_place/local_setup.zsh
-- Installing: /home/jerome/arm_base/install/pick_and_place/share/pick_and_place/local_setup.dsv
-- Installing: /home/jerome/arm_base/install/pick_and_place/share/pick_and_place/package.dsv
-- Installing: /home/jerome/arm_base/install/pick_and_place/share/ament_index/resource_index/packages/pick_and_place
-- Installing: /home/jerome/arm_base/install/pick_and_place/share/pick_and_place/cmake/pick_and_placeConfig.cmake
-- Installing: /home/jerome/arm_base/install/pick_and_place/share/pick_and_place/cmake/pick_and_placeConfig-version.cmake
-- Installing: /home/jerome/arm_base/install/pick_and_place/share/pick_and_place/package.xml
