[0.010s] Invoking command in '/home/jerome/arm_base/build/pick_and_place': CMAKE_PREFIX_PATH=${CMAKE_PREFIX_PATH}:/home/jerome/ws_moveit2/install/moveit_configs_utils:/home/jerome/ws_moveit2/install/launch_param_builder:/opt/ros/humble /usr/bin/cmake --build /home/jerome/arm_base/build/pick_and_place -- -j16 -l16
[0.038s] -- Found ament_cmake: 1.3.12 (/opt/ros/humble/share/ament_cmake/cmake)
[0.129s] -- Found moveit_ros_planning_interface: 2.5.9 (/home/jerome/ws_moveit2/install/moveit_ros_planning_interface/share/moveit_ros_planning_interface/cmake)
[0.149s] -- Found Boost: /usr/lib/x86_64-linux-gnu/cmake/Boost-1.74.0/BoostConfig.cmake (found version "1.74.0") found components: date_time filesystem program_options system thread 
[0.178s] -- Found rosidl_generator_c: 3.1.7 (/opt/ros/humble/share/rosidl_generator_c/cmake)
[0.180s] -- Found rosidl_adapter: 3.1.7 (/opt/ros/humble/share/rosidl_adapter/cmake)
[0.186s] -- Found rosidl_generator_cpp: 3.1.7 (/opt/ros/humble/share/rosidl_generator_cpp/cmake)
[0.196s] -- Using all available rosidl_typesupport_c: rosidl_typesupport_fastrtps_c;rosidl_typesupport_introspection_c
[0.208s] -- Using all available rosidl_typesupport_cpp: rosidl_typesupport_fastrtps_cpp;rosidl_typesupport_introspection_cpp
[0.364s] -- Found Boost: /usr/lib/x86_64-linux-gnu/cmake/Boost-1.74.0/BoostConfig.cmake (found version "1.74.0") found components: chrono date_time filesystem iostreams program_options regex serialization system thread 
[0.393s] -- Found parameter_traits: 0.5.0 (/opt/ros/humble/share/parameter_traits/cmake)
[0.425s] -- Found rmw_implementation_cmake: 6.1.2 (/opt/ros/humble/share/rmw_implementation_cmake/cmake)
[0.428s] -- Found rmw_cyclonedds_cpp: 1.3.4 (/opt/ros/humble/share/rmw_cyclonedds_cpp/cmake)
[0.451s] -- Using RMW implementation 'rmw_cyclonedds_cpp' as default
[0.493s] -- Found rclcpp_lifecycle: 16.0.15 (/opt/ros/humble/share/rclcpp_lifecycle/cmake)
[0.510s] -- Found Boost: /usr/lib/x86_64-linux-gnu/cmake/Boost-1.74.0/BoostConfig.cmake (found version "1.74.0") found components: filesystem 
[0.546s] -- library: /usr/lib/x86_64-linux-gnu/libcurl.so
[0.566s] -- Ensuring Eigen3 include directory is part of orocos-kdl CMake target
[0.650s] -- Found Boost: /usr/lib/x86_64-linux-gnu/cmake/Boost-1.74.0/BoostConfig.cmake (found version "1.74.0") found components: system filesystem date_time program_options thread chrono 
[0.674s] -- Found Boost: /usr/lib/x86_64-linux-gnu/cmake/Boost-1.74.0/BoostConfig.cmake (found version "1.74.0") found components: thread system filesystem regex date_time program_options 
[0.694s] -- Found Boost: /usr/lib/x86_64-linux-gnu/cmake/Boost-1.74.0/BoostConfig.cmake (found version "1.74.0") found components: system filesystem date_time program_options thread 
[0.715s] -- Found moveit_task_constructor_core: 0.1.3 (/home/jerome/ws_moveit2/install/moveit_task_constructor_core/share/moveit_task_constructor_core/cmake)
[0.749s] -- Found ament_lint_auto: 0.12.14 (/opt/ros/humble/share/ament_lint_auto/cmake)
[0.807s] -- Added test 'cppcheck' to perform static code analysis on C / C++ code
[0.807s] -- Configured cppcheck include dirs: $<BUILD_INTERFACE:/home/jerome/arm_base/src/pick_and_place/include>
[0.807s] -- Configured cppcheck exclude dirs and/or files: 
[0.807s] -- Added test 'flake8' to check Python code syntax and style conventions
[0.808s] -- Added test 'lint_cmake' to check CMake code style
[0.808s] -- Added test 'pep257' to check Python code against some of the docstring style conventions in PEP 257
[0.808s] -- Added test 'uncrustify' to check C / C++ code style
[0.808s] -- Configured uncrustify additional arguments: 
[0.808s] -- Added test 'xmllint' to check XML markup files
[0.809s] -- Configuring done
[0.845s] -- Generating done
[0.852s] -- Build files have been written to: /home/jerome/arm_base/build/pick_and_place
[0.885s] [35m[1mConsolidate compiler generated dependencies of target mtc_tutorial[0m
[0.888s] [35m[1mConsolidate compiler generated dependencies of target pick_and_place[0m
[0.908s] [ 50%] Built target pick_and_place
[0.908s] [100%] Built target mtc_tutorial
[0.919s] Invoked command in '/home/jerome/arm_base/build/pick_and_place' returned '0': CMAKE_PREFIX_PATH=${CMAKE_PREFIX_PATH}:/home/jerome/ws_moveit2/install/moveit_configs_utils:/home/jerome/ws_moveit2/install/launch_param_builder:/opt/ros/humble /usr/bin/cmake --build /home/jerome/arm_base/build/pick_and_place -- -j16 -l16
[0.920s] Invoking command in '/home/jerome/arm_base/build/pick_and_place': CMAKE_PREFIX_PATH=${CMAKE_PREFIX_PATH}:/home/jerome/ws_moveit2/install/moveit_configs_utils:/home/jerome/ws_moveit2/install/launch_param_builder:/opt/ros/humble /usr/bin/cmake --install /home/jerome/arm_base/build/pick_and_place
[0.930s] -- Install configuration: ""
[0.930s] -- Up-to-date: /home/jerome/arm_base/install/pick_and_place/lib/pick_and_place/mtc_tutorial
[0.930s] -- Up-to-date: /home/jerome/arm_base/install/pick_and_place/share/pick_and_place//launch
[0.930s] -- Installing: /home/jerome/arm_base/install/pick_and_place/share/pick_and_place//launch/pick_new.launch.py
[0.930s] -- Installing: /home/jerome/arm_base/install/pick_and_place/share/pick_and_place//launch/pick_and_place.launch.py
[0.930s] -- Up-to-date: /home/jerome/arm_base/install/pick_and_place/lib/pick_and_place/pick_and_place
[0.931s] -- Up-to-date: /home/jerome/arm_base/install/pick_and_place/share/ament_index/resource_index/package_run_dependencies/pick_and_place
[0.931s] -- Up-to-date: /home/jerome/arm_base/install/pick_and_place/share/ament_index/resource_index/parent_prefix_path/pick_and_place
[0.931s] -- Installing: /home/jerome/arm_base/install/pick_and_place/share/pick_and_place/environment/ament_prefix_path.sh
[0.931s] -- Installing: /home/jerome/arm_base/install/pick_and_place/share/pick_and_place/environment/ament_prefix_path.dsv
[0.931s] -- Installing: /home/jerome/arm_base/install/pick_and_place/share/pick_and_place/environment/path.sh
[0.931s] -- Installing: /home/jerome/arm_base/install/pick_and_place/share/pick_and_place/environment/path.dsv
[0.931s] -- Up-to-date: /home/jerome/arm_base/install/pick_and_place/share/pick_and_place/local_setup.bash
[0.931s] -- Up-to-date: /home/jerome/arm_base/install/pick_and_place/share/pick_and_place/local_setup.sh
[0.931s] -- Up-to-date: /home/jerome/arm_base/install/pick_and_place/share/pick_and_place/local_setup.zsh
[0.931s] -- Installing: /home/jerome/arm_base/install/pick_and_place/share/pick_and_place/local_setup.dsv
[0.931s] -- Installing: /home/jerome/arm_base/install/pick_and_place/share/pick_and_place/package.dsv
[0.931s] -- Up-to-date: /home/jerome/arm_base/install/pick_and_place/share/ament_index/resource_index/packages/pick_and_place
[0.931s] -- Up-to-date: /home/jerome/arm_base/install/pick_and_place/share/pick_and_place/cmake/pick_and_placeConfig.cmake
[0.931s] -- Up-to-date: /home/jerome/arm_base/install/pick_and_place/share/pick_and_place/cmake/pick_and_placeConfig-version.cmake
[0.931s] -- Installing: /home/jerome/arm_base/install/pick_and_place/share/pick_and_place/package.xml
[0.933s] Invoked command in '/home/jerome/arm_base/build/pick_and_place' returned '0': CMAKE_PREFIX_PATH=${CMAKE_PREFIX_PATH}:/home/jerome/ws_moveit2/install/moveit_configs_utils:/home/jerome/ws_moveit2/install/launch_param_builder:/opt/ros/humble /usr/bin/cmake --install /home/jerome/arm_base/build/pick_and_place
