[0.118s] DEBUG:colcon:Command line arguments: ['/usr/bin/colcon', 'build']
[0.118s] DEBUG:colcon:Parsed command line arguments: Namespace(log_base=None, log_level=None, verb_name='build', build_base='build', install_base='install', merge_install=False, symlink_install=False, test_result_base=None, continue_on_error=False, executor='parallel', parallel_workers=16, event_handlers=None, ignore_user_meta=False, metas=['./colcon.meta'], base_paths=['.'], packages_ignore=None, packages_ignore_regex=None, paths=None, packages_up_to=None, packages_up_to_regex=None, packages_above=None, packages_above_and_dependencies=None, packages_above_depth=None, packages_select_by_dep=None, packages_skip_by_dep=None, packages_skip_up_to=None, packages_select_build_failed=False, packages_skip_build_finished=False, packages_select_test_failures=False, packages_skip_test_passed=False, packages_select=None, packages_skip=None, packages_select_regex=None, packages_skip_regex=None, packages_start=None, packages_end=None, allow_overriding=[], cmake_args=None, cmake_target=None, cmake_target_skip_unavailable=False, cmake_clean_cache=False, cmake_clean_first=False, cmake_force_configure=False, ament_cmake_args=None, catkin_cmake_args=None, catkin_skip_building_tests=False, mixin_files=None, mixin=None, verb_parser=<colcon_mixin.mixin.mixin_argument.MixinArgumentDecorator object at 0x79f9b3bff5b0>, verb_extension=<colcon_core.verb.build.BuildVerb object at 0x79f9b3da0100>, main=<bound method BuildVerb.main of <colcon_core.verb.build.BuildVerb object at 0x79f9b3da0100>>, mixin_verb=('build',))
[0.301s] Level 1:colcon.colcon_core.package_discovery:discover_packages(colcon_meta) check parameters
[0.301s] Level 1:colcon.colcon_core.package_discovery:discover_packages(recursive) check parameters
[0.301s] Level 1:colcon.colcon_core.package_discovery:discover_packages(ignore) check parameters
[0.301s] Level 1:colcon.colcon_core.package_discovery:discover_packages(path) check parameters
[0.301s] Level 1:colcon.colcon_core.package_discovery:discover_packages(colcon_meta) discover
[0.301s] Level 1:colcon.colcon_core.package_discovery:discover_packages(recursive) discover
[0.301s] INFO:colcon.colcon_core.package_discovery:Crawling recursively for packages in '/home/jerome/arm_base'
[0.301s] Level 1:colcon.colcon_core.package_identification:_identify(.) by extensions ['ignore', 'ignore_ament_install']
[0.302s] Level 1:colcon.colcon_core.package_identification:_identify(.) by extension 'ignore'
[0.302s] Level 1:colcon.colcon_core.package_identification:_identify(.) by extension 'ignore_ament_install'
[0.302s] Level 1:colcon.colcon_core.package_identification:_identify(.) by extensions ['colcon_pkg']
[0.302s] Level 1:colcon.colcon_core.package_identification:_identify(.) by extension 'colcon_pkg'
[0.302s] Level 1:colcon.colcon_core.package_identification:_identify(.) by extensions ['colcon_meta']
[0.302s] Level 1:colcon.colcon_core.package_identification:_identify(.) by extension 'colcon_meta'
[0.302s] Level 1:colcon.colcon_core.package_identification:_identify(.) by extensions ['ros']
[0.302s] Level 1:colcon.colcon_core.package_identification:_identify(.) by extension 'ros'
[0.315s] Level 1:colcon.colcon_core.package_identification:_identify(.) by extensions ['cmake', 'python']
[0.315s] Level 1:colcon.colcon_core.package_identification:_identify(.) by extension 'cmake'
[0.315s] Level 1:colcon.colcon_core.package_identification:_identify(.) by extension 'python'
[0.315s] Level 1:colcon.colcon_core.package_identification:_identify(.) by extensions ['python_setup_py']
[0.315s] Level 1:colcon.colcon_core.package_identification:_identify(.) by extension 'python_setup_py'
[0.315s] Level 1:colcon.colcon_core.package_identification:_identify(build) by extensions ['ignore', 'ignore_ament_install']
[0.315s] Level 1:colcon.colcon_core.package_identification:_identify(build) by extension 'ignore'
[0.315s] Level 1:colcon.colcon_core.package_identification:_identify(build) ignored
[0.315s] Level 1:colcon.colcon_core.package_identification:_identify(install) by extensions ['ignore', 'ignore_ament_install']
[0.315s] Level 1:colcon.colcon_core.package_identification:_identify(install) by extension 'ignore'
[0.315s] Level 1:colcon.colcon_core.package_identification:_identify(install) ignored
[0.316s] Level 1:colcon.colcon_core.package_identification:_identify(log) by extensions ['ignore', 'ignore_ament_install']
[0.316s] Level 1:colcon.colcon_core.package_identification:_identify(log) by extension 'ignore'
[0.316s] Level 1:colcon.colcon_core.package_identification:_identify(log) ignored
[0.316s] Level 1:colcon.colcon_core.package_identification:_identify(src) by extensions ['ignore', 'ignore_ament_install']
[0.316s] Level 1:colcon.colcon_core.package_identification:_identify(src) by extension 'ignore'
[0.316s] Level 1:colcon.colcon_core.package_identification:_identify(src) by extension 'ignore_ament_install'
[0.316s] Level 1:colcon.colcon_core.package_identification:_identify(src) by extensions ['colcon_pkg']
[0.316s] Level 1:colcon.colcon_core.package_identification:_identify(src) by extension 'colcon_pkg'
[0.316s] Level 1:colcon.colcon_core.package_identification:_identify(src) by extensions ['colcon_meta']
[0.316s] Level 1:colcon.colcon_core.package_identification:_identify(src) by extension 'colcon_meta'
[0.316s] Level 1:colcon.colcon_core.package_identification:_identify(src) by extensions ['ros']
[0.316s] Level 1:colcon.colcon_core.package_identification:_identify(src) by extension 'ros'
[0.316s] Level 1:colcon.colcon_core.package_identification:_identify(src) by extensions ['cmake', 'python']
[0.316s] Level 1:colcon.colcon_core.package_identification:_identify(src) by extension 'cmake'
[0.316s] Level 1:colcon.colcon_core.package_identification:_identify(src) by extension 'python'
[0.316s] Level 1:colcon.colcon_core.package_identification:_identify(src) by extensions ['python_setup_py']
[0.316s] Level 1:colcon.colcon_core.package_identification:_identify(src) by extension 'python_setup_py'
[0.316s] Level 1:colcon.colcon_core.package_identification:_identify(src/arm_urdf) by extensions ['ignore', 'ignore_ament_install']
[0.316s] Level 1:colcon.colcon_core.package_identification:_identify(src/arm_urdf) by extension 'ignore'
[0.316s] Level 1:colcon.colcon_core.package_identification:_identify(src/arm_urdf) by extension 'ignore_ament_install'
[0.316s] Level 1:colcon.colcon_core.package_identification:_identify(src/arm_urdf) by extensions ['colcon_pkg']
[0.316s] Level 1:colcon.colcon_core.package_identification:_identify(src/arm_urdf) by extension 'colcon_pkg'
[0.316s] Level 1:colcon.colcon_core.package_identification:_identify(src/arm_urdf) by extensions ['colcon_meta']
[0.316s] Level 1:colcon.colcon_core.package_identification:_identify(src/arm_urdf) by extension 'colcon_meta'
[0.316s] Level 1:colcon.colcon_core.package_identification:_identify(src/arm_urdf) by extensions ['ros']
[0.316s] Level 1:colcon.colcon_core.package_identification:_identify(src/arm_urdf) by extension 'ros'
[0.319s] DEBUG:colcon.colcon_core.package_identification:Package 'src/arm_urdf' with type 'ros.ament_cmake' and name 'arm_urdf'
[0.319s] Level 1:colcon.colcon_core.package_identification:_identify(src/arm_urdf_moveit_config) by extensions ['ignore', 'ignore_ament_install']
[0.319s] Level 1:colcon.colcon_core.package_identification:_identify(src/arm_urdf_moveit_config) by extension 'ignore'
[0.319s] Level 1:colcon.colcon_core.package_identification:_identify(src/arm_urdf_moveit_config) by extension 'ignore_ament_install'
[0.319s] Level 1:colcon.colcon_core.package_identification:_identify(src/arm_urdf_moveit_config) by extensions ['colcon_pkg']
[0.319s] Level 1:colcon.colcon_core.package_identification:_identify(src/arm_urdf_moveit_config) by extension 'colcon_pkg'
[0.319s] Level 1:colcon.colcon_core.package_identification:_identify(src/arm_urdf_moveit_config) by extensions ['colcon_meta']
[0.319s] Level 1:colcon.colcon_core.package_identification:_identify(src/arm_urdf_moveit_config) by extension 'colcon_meta'
[0.319s] Level 1:colcon.colcon_core.package_identification:_identify(src/arm_urdf_moveit_config) by extensions ['ros']
[0.319s] Level 1:colcon.colcon_core.package_identification:_identify(src/arm_urdf_moveit_config) by extension 'ros'
[0.320s] DEBUG:colcon.colcon_core.package_identification:Package 'src/arm_urdf_moveit_config' with type 'ros.ament_cmake' and name 'arm_urdf_moveit_config'
[0.320s] Level 1:colcon.colcon_core.package_identification:_identify(src/pick_and_place) by extensions ['ignore', 'ignore_ament_install']
[0.320s] Level 1:colcon.colcon_core.package_identification:_identify(src/pick_and_place) by extension 'ignore'
[0.320s] Level 1:colcon.colcon_core.package_identification:_identify(src/pick_and_place) by extension 'ignore_ament_install'
[0.320s] Level 1:colcon.colcon_core.package_identification:_identify(src/pick_and_place) by extensions ['colcon_pkg']
[0.320s] Level 1:colcon.colcon_core.package_identification:_identify(src/pick_and_place) by extension 'colcon_pkg'
[0.320s] Level 1:colcon.colcon_core.package_identification:_identify(src/pick_and_place) by extensions ['colcon_meta']
[0.320s] Level 1:colcon.colcon_core.package_identification:_identify(src/pick_and_place) by extension 'colcon_meta'
[0.320s] Level 1:colcon.colcon_core.package_identification:_identify(src/pick_and_place) by extensions ['ros']
[0.320s] Level 1:colcon.colcon_core.package_identification:_identify(src/pick_and_place) by extension 'ros'
[0.321s] DEBUG:colcon.colcon_core.package_identification:Package 'src/pick_and_place' with type 'ros.ament_cmake' and name 'pick_and_place'
[0.321s] Level 1:colcon.colcon_core.package_discovery:discover_packages(recursive) using defaults
[0.321s] Level 1:colcon.colcon_core.package_discovery:discover_packages(ignore) discover
[0.321s] Level 1:colcon.colcon_core.package_discovery:discover_packages(ignore) using defaults
[0.321s] Level 1:colcon.colcon_core.package_discovery:discover_packages(path) discover
[0.321s] Level 1:colcon.colcon_core.package_discovery:discover_packages(path) using defaults
[0.338s] Level 1:colcon.colcon_core.package_discovery:discover_packages(prefix_path) check parameters
[0.338s] Level 1:colcon.colcon_core.package_discovery:discover_packages(prefix_path) discover
[0.341s] DEBUG:colcon.colcon_installed_package_information.package_discovery:Found 59 installed packages in /home/jerome/ws_moveit2/install
[0.342s] DEBUG:colcon.colcon_installed_package_information.package_discovery:Found 382 installed packages in /opt/ros/humble
[0.344s] Level 1:colcon.colcon_core.package_discovery:discover_packages(prefix_path) using defaults
[0.405s] Level 5:colcon.colcon_core.verb:set package 'arm_urdf' build argument 'cmake_args' from command line to 'None'
[0.405s] Level 5:colcon.colcon_core.verb:set package 'arm_urdf' build argument 'cmake_target' from command line to 'None'
[0.405s] Level 5:colcon.colcon_core.verb:set package 'arm_urdf' build argument 'cmake_target_skip_unavailable' from command line to 'False'
[0.405s] Level 5:colcon.colcon_core.verb:set package 'arm_urdf' build argument 'cmake_clean_cache' from command line to 'False'
[0.405s] Level 5:colcon.colcon_core.verb:set package 'arm_urdf' build argument 'cmake_clean_first' from command line to 'False'
[0.405s] Level 5:colcon.colcon_core.verb:set package 'arm_urdf' build argument 'cmake_force_configure' from command line to 'False'
[0.406s] Level 5:colcon.colcon_core.verb:set package 'arm_urdf' build argument 'ament_cmake_args' from command line to 'None'
[0.406s] Level 5:colcon.colcon_core.verb:set package 'arm_urdf' build argument 'catkin_cmake_args' from command line to 'None'
[0.406s] Level 5:colcon.colcon_core.verb:set package 'arm_urdf' build argument 'catkin_skip_building_tests' from command line to 'False'
[0.406s] DEBUG:colcon.colcon_core.verb:Building package 'arm_urdf' with the following arguments: {'ament_cmake_args': None, 'build_base': '/home/jerome/arm_base/build/arm_urdf', 'catkin_cmake_args': None, 'catkin_skip_building_tests': False, 'cmake_args': None, 'cmake_clean_cache': False, 'cmake_clean_first': False, 'cmake_force_configure': False, 'cmake_target': None, 'cmake_target_skip_unavailable': False, 'install_base': '/home/jerome/arm_base/install/arm_urdf', 'merge_install': False, 'path': '/home/jerome/arm_base/src/arm_urdf', 'symlink_install': False, 'test_result_base': None}
[0.406s] Level 5:colcon.colcon_core.verb:set package 'pick_and_place' build argument 'cmake_args' from command line to 'None'
[0.406s] Level 5:colcon.colcon_core.verb:set package 'pick_and_place' build argument 'cmake_target' from command line to 'None'
[0.406s] Level 5:colcon.colcon_core.verb:set package 'pick_and_place' build argument 'cmake_target_skip_unavailable' from command line to 'False'
[0.406s] Level 5:colcon.colcon_core.verb:set package 'pick_and_place' build argument 'cmake_clean_cache' from command line to 'False'
[0.406s] Level 5:colcon.colcon_core.verb:set package 'pick_and_place' build argument 'cmake_clean_first' from command line to 'False'
[0.406s] Level 5:colcon.colcon_core.verb:set package 'pick_and_place' build argument 'cmake_force_configure' from command line to 'False'
[0.406s] Level 5:colcon.colcon_core.verb:set package 'pick_and_place' build argument 'ament_cmake_args' from command line to 'None'
[0.406s] Level 5:colcon.colcon_core.verb:set package 'pick_and_place' build argument 'catkin_cmake_args' from command line to 'None'
[0.406s] Level 5:colcon.colcon_core.verb:set package 'pick_and_place' build argument 'catkin_skip_building_tests' from command line to 'False'
[0.406s] DEBUG:colcon.colcon_core.verb:Building package 'pick_and_place' with the following arguments: {'ament_cmake_args': None, 'build_base': '/home/jerome/arm_base/build/pick_and_place', 'catkin_cmake_args': None, 'catkin_skip_building_tests': False, 'cmake_args': None, 'cmake_clean_cache': False, 'cmake_clean_first': False, 'cmake_force_configure': False, 'cmake_target': None, 'cmake_target_skip_unavailable': False, 'install_base': '/home/jerome/arm_base/install/pick_and_place', 'merge_install': False, 'path': '/home/jerome/arm_base/src/pick_and_place', 'symlink_install': False, 'test_result_base': None}
[0.406s] Level 5:colcon.colcon_core.verb:set package 'arm_urdf_moveit_config' build argument 'cmake_args' from command line to 'None'
[0.406s] Level 5:colcon.colcon_core.verb:set package 'arm_urdf_moveit_config' build argument 'cmake_target' from command line to 'None'
[0.406s] Level 5:colcon.colcon_core.verb:set package 'arm_urdf_moveit_config' build argument 'cmake_target_skip_unavailable' from command line to 'False'
[0.406s] Level 5:colcon.colcon_core.verb:set package 'arm_urdf_moveit_config' build argument 'cmake_clean_cache' from command line to 'False'
[0.406s] Level 5:colcon.colcon_core.verb:set package 'arm_urdf_moveit_config' build argument 'cmake_clean_first' from command line to 'False'
[0.406s] Level 5:colcon.colcon_core.verb:set package 'arm_urdf_moveit_config' build argument 'cmake_force_configure' from command line to 'False'
[0.406s] Level 5:colcon.colcon_core.verb:set package 'arm_urdf_moveit_config' build argument 'ament_cmake_args' from command line to 'None'
[0.406s] Level 5:colcon.colcon_core.verb:set package 'arm_urdf_moveit_config' build argument 'catkin_cmake_args' from command line to 'None'
[0.406s] Level 5:colcon.colcon_core.verb:set package 'arm_urdf_moveit_config' build argument 'catkin_skip_building_tests' from command line to 'False'
[0.406s] DEBUG:colcon.colcon_core.verb:Building package 'arm_urdf_moveit_config' with the following arguments: {'ament_cmake_args': None, 'build_base': '/home/jerome/arm_base/build/arm_urdf_moveit_config', 'catkin_cmake_args': None, 'catkin_skip_building_tests': False, 'cmake_args': None, 'cmake_clean_cache': False, 'cmake_clean_first': False, 'cmake_force_configure': False, 'cmake_target': None, 'cmake_target_skip_unavailable': False, 'install_base': '/home/jerome/arm_base/install/arm_urdf_moveit_config', 'merge_install': False, 'path': '/home/jerome/arm_base/src/arm_urdf_moveit_config', 'symlink_install': False, 'test_result_base': None}
[0.406s] INFO:colcon.colcon_core.executor:Executing jobs using 'parallel' executor
[0.407s] DEBUG:colcon.colcon_parallel_executor.executor.parallel:run_until_complete
[0.407s] INFO:colcon.colcon_ros.task.ament_cmake.build:Building ROS package in '/home/jerome/arm_base/src/arm_urdf' with build type 'ament_cmake'
[0.407s] INFO:colcon.colcon_cmake.task.cmake.build:Building CMake package in '/home/jerome/arm_base/src/arm_urdf'
[0.410s] INFO:colcon.colcon_core.plugin_system:Skipping extension 'colcon_core.shell.bat': Not used on non-Windows systems
[0.410s] INFO:colcon.colcon_core.shell:Skip shell extension 'powershell' for command environment: Not usable outside of PowerShell
[0.410s] DEBUG:colcon.colcon_core.shell:Skip shell extension 'dsv' for command environment
[0.414s] INFO:colcon.colcon_ros.task.ament_cmake.build:Building ROS package in '/home/jerome/arm_base/src/pick_and_place' with build type 'ament_cmake'
[0.414s] INFO:colcon.colcon_cmake.task.cmake.build:Building CMake package in '/home/jerome/arm_base/src/pick_and_place'
[0.414s] INFO:colcon.colcon_core.shell:Skip shell extension 'powershell' for command environment: Not usable outside of PowerShell
[0.414s] DEBUG:colcon.colcon_core.shell:Skip shell extension 'dsv' for command environment
[0.421s] DEBUG:colcon.colcon_core.event_handler.log_command:Invoking command in '/home/jerome/arm_base/build/arm_urdf': CMAKE_PREFIX_PATH=${CMAKE_PREFIX_PATH}:/home/jerome/ws_moveit2/install/moveit_configs_utils:/home/jerome/ws_moveit2/install/launch_param_builder:/opt/ros/humble /usr/bin/cmake --build /home/jerome/arm_base/build/arm_urdf -- -j16 -l16
[0.428s] DEBUG:colcon.colcon_core.event_handler.log_command:Invoking command in '/home/jerome/arm_base/build/pick_and_place': CMAKE_PREFIX_PATH=${CMAKE_PREFIX_PATH}:/home/jerome/ws_moveit2/install/moveit_configs_utils:/home/jerome/ws_moveit2/install/launch_param_builder:/opt/ros/humble /usr/bin/cmake --build /home/jerome/arm_base/build/pick_and_place -- -j16 -l16
[0.487s] DEBUG:colcon.colcon_core.event_handler.log_command:Invoked command in '/home/jerome/arm_base/build/arm_urdf' returned '0': CMAKE_PREFIX_PATH=${CMAKE_PREFIX_PATH}:/home/jerome/ws_moveit2/install/moveit_configs_utils:/home/jerome/ws_moveit2/install/launch_param_builder:/opt/ros/humble /usr/bin/cmake --build /home/jerome/arm_base/build/arm_urdf -- -j16 -l16
[0.503s] DEBUG:colcon.colcon_core.event_handler.log_command:Invoking command in '/home/jerome/arm_base/build/arm_urdf': CMAKE_PREFIX_PATH=${CMAKE_PREFIX_PATH}:/home/jerome/ws_moveit2/install/moveit_configs_utils:/home/jerome/ws_moveit2/install/launch_param_builder:/opt/ros/humble /usr/bin/cmake --install /home/jerome/arm_base/build/arm_urdf
[0.520s] Level 1:colcon.colcon_core.environment:create_environment_scripts_only(arm_urdf)
[0.520s] DEBUG:colcon.colcon_core.event_handler.log_command:Invoked command in '/home/jerome/arm_base/build/arm_urdf' returned '0': CMAKE_PREFIX_PATH=${CMAKE_PREFIX_PATH}:/home/jerome/ws_moveit2/install/moveit_configs_utils:/home/jerome/ws_moveit2/install/launch_param_builder:/opt/ros/humble /usr/bin/cmake --install /home/jerome/arm_base/build/arm_urdf
[0.525s] Level 1:colcon.colcon_core.environment:checking '/home/jerome/arm_base/install/arm_urdf' for CMake module files
[0.525s] Level 1:colcon.colcon_core.environment:checking '/home/jerome/arm_base/install/arm_urdf' for CMake config files
[0.525s] Level 1:colcon.colcon_core.shell:create_environment_hook('arm_urdf', 'cmake_prefix_path')
[0.525s] INFO:colcon.colcon_core.shell:Creating environment hook '/home/jerome/arm_base/install/arm_urdf/share/arm_urdf/hook/cmake_prefix_path.ps1'
[0.526s] INFO:colcon.colcon_core.shell:Creating environment descriptor '/home/jerome/arm_base/install/arm_urdf/share/arm_urdf/hook/cmake_prefix_path.dsv'
[0.527s] INFO:colcon.colcon_core.shell:Creating environment hook '/home/jerome/arm_base/install/arm_urdf/share/arm_urdf/hook/cmake_prefix_path.sh'
[0.529s] Level 1:colcon.colcon_core.environment:checking '/home/jerome/arm_base/install/arm_urdf/bin'
[0.529s] Level 1:colcon.colcon_core.environment:checking '/home/jerome/arm_base/install/arm_urdf/lib/pkgconfig/arm_urdf.pc'
[0.530s] Level 1:colcon.colcon_core.environment:checking '/home/jerome/arm_base/install/arm_urdf/lib/python3.10/site-packages'
[0.530s] Level 1:colcon.colcon_core.environment:checking '/home/jerome/arm_base/install/arm_urdf/bin'
[0.530s] INFO:colcon.colcon_core.shell:Creating package script '/home/jerome/arm_base/install/arm_urdf/share/arm_urdf/package.ps1'
[0.531s] INFO:colcon.colcon_core.shell:Creating package descriptor '/home/jerome/arm_base/install/arm_urdf/share/arm_urdf/package.dsv'
[0.532s] INFO:colcon.colcon_core.shell:Creating package script '/home/jerome/arm_base/install/arm_urdf/share/arm_urdf/package.sh'
[0.533s] INFO:colcon.colcon_core.shell:Creating package script '/home/jerome/arm_base/install/arm_urdf/share/arm_urdf/package.bash'
[0.534s] INFO:colcon.colcon_core.shell:Creating package script '/home/jerome/arm_base/install/arm_urdf/share/arm_urdf/package.zsh'
[0.535s] Level 1:colcon.colcon_core.environment:create_file_with_runtime_dependencies(/home/jerome/arm_base/install/arm_urdf/share/colcon-core/packages/arm_urdf)
[0.535s] Level 1:colcon.colcon_core.environment:create_environment_scripts_only(arm_urdf)
[0.535s] Level 1:colcon.colcon_core.environment:checking '/home/jerome/arm_base/install/arm_urdf' for CMake module files
[0.536s] Level 1:colcon.colcon_core.environment:checking '/home/jerome/arm_base/install/arm_urdf' for CMake config files
[0.536s] Level 1:colcon.colcon_core.shell:create_environment_hook('arm_urdf', 'cmake_prefix_path')
[0.536s] INFO:colcon.colcon_core.shell:Creating environment hook '/home/jerome/arm_base/install/arm_urdf/share/arm_urdf/hook/cmake_prefix_path.ps1'
[0.536s] INFO:colcon.colcon_core.shell:Creating environment descriptor '/home/jerome/arm_base/install/arm_urdf/share/arm_urdf/hook/cmake_prefix_path.dsv'
[0.536s] INFO:colcon.colcon_core.shell:Creating environment hook '/home/jerome/arm_base/install/arm_urdf/share/arm_urdf/hook/cmake_prefix_path.sh'
[0.536s] Level 1:colcon.colcon_core.environment:checking '/home/jerome/arm_base/install/arm_urdf/bin'
[0.537s] Level 1:colcon.colcon_core.environment:checking '/home/jerome/arm_base/install/arm_urdf/lib/pkgconfig/arm_urdf.pc'
[0.537s] Level 1:colcon.colcon_core.environment:checking '/home/jerome/arm_base/install/arm_urdf/lib/python3.10/site-packages'
[0.537s] Level 1:colcon.colcon_core.environment:checking '/home/jerome/arm_base/install/arm_urdf/bin'
[0.537s] INFO:colcon.colcon_core.shell:Creating package script '/home/jerome/arm_base/install/arm_urdf/share/arm_urdf/package.ps1'
[0.537s] INFO:colcon.colcon_core.shell:Creating package descriptor '/home/jerome/arm_base/install/arm_urdf/share/arm_urdf/package.dsv'
[0.537s] INFO:colcon.colcon_core.shell:Creating package script '/home/jerome/arm_base/install/arm_urdf/share/arm_urdf/package.sh'
[0.538s] INFO:colcon.colcon_core.shell:Creating package script '/home/jerome/arm_base/install/arm_urdf/share/arm_urdf/package.bash'
[0.538s] INFO:colcon.colcon_core.shell:Creating package script '/home/jerome/arm_base/install/arm_urdf/share/arm_urdf/package.zsh'
[0.538s] Level 1:colcon.colcon_core.environment:create_file_with_runtime_dependencies(/home/jerome/arm_base/install/arm_urdf/share/colcon-core/packages/arm_urdf)
[0.538s] INFO:colcon.colcon_ros.task.ament_cmake.build:Building ROS package in '/home/jerome/arm_base/src/arm_urdf_moveit_config' with build type 'ament_cmake'
[0.538s] INFO:colcon.colcon_cmake.task.cmake.build:Building CMake package in '/home/jerome/arm_base/src/arm_urdf_moveit_config'
[0.538s] INFO:colcon.colcon_core.shell:Skip shell extension 'powershell' for command environment: Not usable outside of PowerShell
[0.538s] DEBUG:colcon.colcon_core.shell:Skip shell extension 'dsv' for command environment
[0.550s] DEBUG:colcon.colcon_core.event_handler.log_command:Invoking command in '/home/jerome/arm_base/build/arm_urdf_moveit_config': AMENT_PREFIX_PATH=/home/jerome/arm_base/install/arm_urdf:${AMENT_PREFIX_PATH} CMAKE_PREFIX_PATH=/home/jerome/arm_base/install/arm_urdf:/home/jerome/ws_moveit2/install/trac_ik:/home/jerome/ws_moveit2/install/trac_ik_kinematics:/home/jerome/ws_moveit2/install/trac_ik_examples:/home/jerome/ws_moveit2/install/trac_ik_lib:/home/jerome/ws_moveit2/install/pilz_industrial_motion_planner_testutils:/home/jerome/ws_moveit2/install/moveit_runtime:/home/jerome/ws_moveit2/install/moveit2_tutorials:/home/jerome/ws_moveit2/install/moveit:/home/jerome/ws_moveit2/install/moveit_planners:/home/jerome/ws_moveit2/install/pilz_industrial_motion_planner:/home/jerome/ws_moveit2/install/moveit_visual_tools:/home/jerome/ws_moveit2/install/moveit_task_constructor_visualization:/home/jerome/ws_moveit2/install/moveit_task_constructor_demo:/home/jerome/ws_moveit2/install/moveit_task_constructor_capabilities:/home/jerome/ws_moveit2/install/moveit_task_constructor_core:/home/jerome/ws_moveit2/install/moveit_ros_control_interface:/home/jerome/ws_moveit2/install/moveit_plugins:/home/jerome/ws_moveit2/install/moveit_simple_controller_manager:/home/jerome/ws_moveit2/install/moveit_setup_assistant:/home/jerome/ws_moveit2/install/moveit_setup_srdf_plugins:/home/jerome/ws_moveit2/install/moveit_setup_core_plugins:/home/jerome/ws_moveit2/install/moveit_setup_controllers:/home/jerome/ws_moveit2/install/moveit_setup_app_plugins:/home/jerome/ws_moveit2/install/moveit_setup_framework:/home/jerome/ws_moveit2/install/moveit_servo:/home/jerome/ws_moveit2/install/moveit_ros:/home/jerome/ws_moveit2/install/moveit_ros_visualization:/home/jerome/ws_moveit2/install/moveit_hybrid_planning:/home/jerome/ws_moveit2/install/moveit_ros_planning_interface:/home/jerome/ws_moveit2/install/moveit_ros_benchmarks:/home/jerome/ws_moveit2/install/moveit_ros_warehouse:/home/jerome/ws_moveit2/install/moveit_ros_robot_interaction:/home/jerome/ws_moveit2/install/moveit_ros_perception:/home/jerome/ws_moveit2/install/moveit_resources_prbt_pg70_support:/home/jerome/ws_moveit2/install/moveit_resources_prbt_moveit_config:/home/jerome/ws_moveit2/install/moveit_ros_move_group:/home/jerome/ws_moveit2/install/moveit_planners_ompl:/home/jerome/ws_moveit2/install/moveit_ros_planning:/home/jerome/ws_moveit2/install/moveit_ros_occupancy_map_monitor:/home/jerome/ws_moveit2/install/moveit_resources_prbt_ikfast_manipulator_plugin:/home/jerome/ws_moveit2/install/moveit_planners_chomp:/home/jerome/ws_moveit2/install/moveit_kinematics:/home/jerome/ws_moveit2/install/moveit_chomp_optimizer_adapter:/home/jerome/ws_moveit2/install/chomp_motion_planner:/home/jerome/ws_moveit2/install/moveit_core:/home/jerome/ws_moveit2/install/srdfdom:/home/jerome/ws_moveit2/install/rviz_marker_tools:/home/jerome/ws_moveit2/install/rosparam_shortcuts:/home/jerome/ws_moveit2/install/moveit_task_constructor_msgs:/home/jerome/ws_moveit2/install/moveit_resources_prbt_support:/home/jerome/ws_moveit2/install/moveit_resources:/home/jerome/ws_moveit2/install/moveit_resources_pr2_description:/home/jerome/ws_moveit2/install/moveit_resources_panda_moveit_config:/home/jerome/ws_moveit2/install/moveit_resources_panda_description:/home/jerome/ws_moveit2/install/moveit_resources_fanuc_moveit_config:/home/jerome/ws_moveit2/install/moveit_resources_fanuc_description:/home/jerome/ws_moveit2/install/moveit_common:/home/jerome/ws_moveit2/install/moveit_configs_utils:/home/jerome/ws_moveit2/install/launch_param_builder:/opt/ros/humble /usr/bin/cmake --build /home/jerome/arm_base/build/arm_urdf_moveit_config -- -j16 -l16
[0.600s] DEBUG:colcon.colcon_core.event_handler.log_command:Invoked command in '/home/jerome/arm_base/build/arm_urdf_moveit_config' returned '0': AMENT_PREFIX_PATH=/home/jerome/arm_base/install/arm_urdf:${AMENT_PREFIX_PATH} CMAKE_PREFIX_PATH=/home/jerome/arm_base/install/arm_urdf:/home/jerome/ws_moveit2/install/trac_ik:/home/jerome/ws_moveit2/install/trac_ik_kinematics:/home/jerome/ws_moveit2/install/trac_ik_examples:/home/jerome/ws_moveit2/install/trac_ik_lib:/home/jerome/ws_moveit2/install/pilz_industrial_motion_planner_testutils:/home/jerome/ws_moveit2/install/moveit_runtime:/home/jerome/ws_moveit2/install/moveit2_tutorials:/home/jerome/ws_moveit2/install/moveit:/home/jerome/ws_moveit2/install/moveit_planners:/home/jerome/ws_moveit2/install/pilz_industrial_motion_planner:/home/jerome/ws_moveit2/install/moveit_visual_tools:/home/jerome/ws_moveit2/install/moveit_task_constructor_visualization:/home/jerome/ws_moveit2/install/moveit_task_constructor_demo:/home/jerome/ws_moveit2/install/moveit_task_constructor_capabilities:/home/jerome/ws_moveit2/install/moveit_task_constructor_core:/home/jerome/ws_moveit2/install/moveit_ros_control_interface:/home/jerome/ws_moveit2/install/moveit_plugins:/home/jerome/ws_moveit2/install/moveit_simple_controller_manager:/home/jerome/ws_moveit2/install/moveit_setup_assistant:/home/jerome/ws_moveit2/install/moveit_setup_srdf_plugins:/home/jerome/ws_moveit2/install/moveit_setup_core_plugins:/home/jerome/ws_moveit2/install/moveit_setup_controllers:/home/jerome/ws_moveit2/install/moveit_setup_app_plugins:/home/jerome/ws_moveit2/install/moveit_setup_framework:/home/jerome/ws_moveit2/install/moveit_servo:/home/jerome/ws_moveit2/install/moveit_ros:/home/jerome/ws_moveit2/install/moveit_ros_visualization:/home/jerome/ws_moveit2/install/moveit_hybrid_planning:/home/jerome/ws_moveit2/install/moveit_ros_planning_interface:/home/jerome/ws_moveit2/install/moveit_ros_benchmarks:/home/jerome/ws_moveit2/install/moveit_ros_warehouse:/home/jerome/ws_moveit2/install/moveit_ros_robot_interaction:/home/jerome/ws_moveit2/install/moveit_ros_perception:/home/jerome/ws_moveit2/install/moveit_resources_prbt_pg70_support:/home/jerome/ws_moveit2/install/moveit_resources_prbt_moveit_config:/home/jerome/ws_moveit2/install/moveit_ros_move_group:/home/jerome/ws_moveit2/install/moveit_planners_ompl:/home/jerome/ws_moveit2/install/moveit_ros_planning:/home/jerome/ws_moveit2/install/moveit_ros_occupancy_map_monitor:/home/jerome/ws_moveit2/install/moveit_resources_prbt_ikfast_manipulator_plugin:/home/jerome/ws_moveit2/install/moveit_planners_chomp:/home/jerome/ws_moveit2/install/moveit_kinematics:/home/jerome/ws_moveit2/install/moveit_chomp_optimizer_adapter:/home/jerome/ws_moveit2/install/chomp_motion_planner:/home/jerome/ws_moveit2/install/moveit_core:/home/jerome/ws_moveit2/install/srdfdom:/home/jerome/ws_moveit2/install/rviz_marker_tools:/home/jerome/ws_moveit2/install/rosparam_shortcuts:/home/jerome/ws_moveit2/install/moveit_task_constructor_msgs:/home/jerome/ws_moveit2/install/moveit_resources_prbt_support:/home/jerome/ws_moveit2/install/moveit_resources:/home/jerome/ws_moveit2/install/moveit_resources_pr2_description:/home/jerome/ws_moveit2/install/moveit_resources_panda_moveit_config:/home/jerome/ws_moveit2/install/moveit_resources_panda_description:/home/jerome/ws_moveit2/install/moveit_resources_fanuc_moveit_config:/home/jerome/ws_moveit2/install/moveit_resources_fanuc_description:/home/jerome/ws_moveit2/install/moveit_common:/home/jerome/ws_moveit2/install/moveit_configs_utils:/home/jerome/ws_moveit2/install/launch_param_builder:/opt/ros/humble /usr/bin/cmake --build /home/jerome/arm_base/build/arm_urdf_moveit_config -- -j16 -l16
[0.601s] DEBUG:colcon.colcon_core.event_handler.log_command:Invoking command in '/home/jerome/arm_base/build/arm_urdf_moveit_config': AMENT_PREFIX_PATH=/home/jerome/arm_base/install/arm_urdf:${AMENT_PREFIX_PATH} CMAKE_PREFIX_PATH=/home/jerome/arm_base/install/arm_urdf:/home/jerome/ws_moveit2/install/trac_ik:/home/jerome/ws_moveit2/install/trac_ik_kinematics:/home/jerome/ws_moveit2/install/trac_ik_examples:/home/jerome/ws_moveit2/install/trac_ik_lib:/home/jerome/ws_moveit2/install/pilz_industrial_motion_planner_testutils:/home/jerome/ws_moveit2/install/moveit_runtime:/home/jerome/ws_moveit2/install/moveit2_tutorials:/home/jerome/ws_moveit2/install/moveit:/home/jerome/ws_moveit2/install/moveit_planners:/home/jerome/ws_moveit2/install/pilz_industrial_motion_planner:/home/jerome/ws_moveit2/install/moveit_visual_tools:/home/jerome/ws_moveit2/install/moveit_task_constructor_visualization:/home/jerome/ws_moveit2/install/moveit_task_constructor_demo:/home/jerome/ws_moveit2/install/moveit_task_constructor_capabilities:/home/jerome/ws_moveit2/install/moveit_task_constructor_core:/home/jerome/ws_moveit2/install/moveit_ros_control_interface:/home/jerome/ws_moveit2/install/moveit_plugins:/home/jerome/ws_moveit2/install/moveit_simple_controller_manager:/home/jerome/ws_moveit2/install/moveit_setup_assistant:/home/jerome/ws_moveit2/install/moveit_setup_srdf_plugins:/home/jerome/ws_moveit2/install/moveit_setup_core_plugins:/home/jerome/ws_moveit2/install/moveit_setup_controllers:/home/jerome/ws_moveit2/install/moveit_setup_app_plugins:/home/jerome/ws_moveit2/install/moveit_setup_framework:/home/jerome/ws_moveit2/install/moveit_servo:/home/jerome/ws_moveit2/install/moveit_ros:/home/jerome/ws_moveit2/install/moveit_ros_visualization:/home/jerome/ws_moveit2/install/moveit_hybrid_planning:/home/jerome/ws_moveit2/install/moveit_ros_planning_interface:/home/jerome/ws_moveit2/install/moveit_ros_benchmarks:/home/jerome/ws_moveit2/install/moveit_ros_warehouse:/home/jerome/ws_moveit2/install/moveit_ros_robot_interaction:/home/jerome/ws_moveit2/install/moveit_ros_perception:/home/jerome/ws_moveit2/install/moveit_resources_prbt_pg70_support:/home/jerome/ws_moveit2/install/moveit_resources_prbt_moveit_config:/home/jerome/ws_moveit2/install/moveit_ros_move_group:/home/jerome/ws_moveit2/install/moveit_planners_ompl:/home/jerome/ws_moveit2/install/moveit_ros_planning:/home/jerome/ws_moveit2/install/moveit_ros_occupancy_map_monitor:/home/jerome/ws_moveit2/install/moveit_resources_prbt_ikfast_manipulator_plugin:/home/jerome/ws_moveit2/install/moveit_planners_chomp:/home/jerome/ws_moveit2/install/moveit_kinematics:/home/jerome/ws_moveit2/install/moveit_chomp_optimizer_adapter:/home/jerome/ws_moveit2/install/chomp_motion_planner:/home/jerome/ws_moveit2/install/moveit_core:/home/jerome/ws_moveit2/install/srdfdom:/home/jerome/ws_moveit2/install/rviz_marker_tools:/home/jerome/ws_moveit2/install/rosparam_shortcuts:/home/jerome/ws_moveit2/install/moveit_task_constructor_msgs:/home/jerome/ws_moveit2/install/moveit_resources_prbt_support:/home/jerome/ws_moveit2/install/moveit_resources:/home/jerome/ws_moveit2/install/moveit_resources_pr2_description:/home/jerome/ws_moveit2/install/moveit_resources_panda_moveit_config:/home/jerome/ws_moveit2/install/moveit_resources_panda_description:/home/jerome/ws_moveit2/install/moveit_resources_fanuc_moveit_config:/home/jerome/ws_moveit2/install/moveit_resources_fanuc_description:/home/jerome/ws_moveit2/install/moveit_common:/home/jerome/ws_moveit2/install/moveit_configs_utils:/home/jerome/ws_moveit2/install/launch_param_builder:/opt/ros/humble /usr/bin/cmake --install /home/jerome/arm_base/build/arm_urdf_moveit_config
[0.602s] DEBUG:colcon.colcon_core.event_handler.log_command:Invoked command in '/home/jerome/arm_base/build/pick_and_place' returned '0': CMAKE_PREFIX_PATH=${CMAKE_PREFIX_PATH}:/home/jerome/ws_moveit2/install/moveit_configs_utils:/home/jerome/ws_moveit2/install/launch_param_builder:/opt/ros/humble /usr/bin/cmake --build /home/jerome/arm_base/build/pick_and_place -- -j16 -l16
[0.603s] DEBUG:colcon.colcon_core.event_handler.log_command:Invoking command in '/home/jerome/arm_base/build/pick_and_place': CMAKE_PREFIX_PATH=${CMAKE_PREFIX_PATH}:/home/jerome/ws_moveit2/install/moveit_configs_utils:/home/jerome/ws_moveit2/install/launch_param_builder:/opt/ros/humble /usr/bin/cmake --install /home/jerome/arm_base/build/pick_and_place
[0.612s] Level 1:colcon.colcon_core.environment:create_environment_scripts_only(arm_urdf_moveit_config)
[0.613s] Level 1:colcon.colcon_core.environment:checking '/home/jerome/arm_base/install/arm_urdf_moveit_config' for CMake module files
[0.613s] DEBUG:colcon.colcon_core.event_handler.log_command:Invoked command in '/home/jerome/arm_base/build/arm_urdf_moveit_config' returned '0': AMENT_PREFIX_PATH=/home/jerome/arm_base/install/arm_urdf:${AMENT_PREFIX_PATH} CMAKE_PREFIX_PATH=/home/jerome/arm_base/install/arm_urdf:/home/jerome/ws_moveit2/install/trac_ik:/home/jerome/ws_moveit2/install/trac_ik_kinematics:/home/jerome/ws_moveit2/install/trac_ik_examples:/home/jerome/ws_moveit2/install/trac_ik_lib:/home/jerome/ws_moveit2/install/pilz_industrial_motion_planner_testutils:/home/jerome/ws_moveit2/install/moveit_runtime:/home/jerome/ws_moveit2/install/moveit2_tutorials:/home/jerome/ws_moveit2/install/moveit:/home/jerome/ws_moveit2/install/moveit_planners:/home/jerome/ws_moveit2/install/pilz_industrial_motion_planner:/home/jerome/ws_moveit2/install/moveit_visual_tools:/home/jerome/ws_moveit2/install/moveit_task_constructor_visualization:/home/jerome/ws_moveit2/install/moveit_task_constructor_demo:/home/jerome/ws_moveit2/install/moveit_task_constructor_capabilities:/home/jerome/ws_moveit2/install/moveit_task_constructor_core:/home/jerome/ws_moveit2/install/moveit_ros_control_interface:/home/jerome/ws_moveit2/install/moveit_plugins:/home/jerome/ws_moveit2/install/moveit_simple_controller_manager:/home/jerome/ws_moveit2/install/moveit_setup_assistant:/home/jerome/ws_moveit2/install/moveit_setup_srdf_plugins:/home/jerome/ws_moveit2/install/moveit_setup_core_plugins:/home/jerome/ws_moveit2/install/moveit_setup_controllers:/home/jerome/ws_moveit2/install/moveit_setup_app_plugins:/home/jerome/ws_moveit2/install/moveit_setup_framework:/home/jerome/ws_moveit2/install/moveit_servo:/home/jerome/ws_moveit2/install/moveit_ros:/home/jerome/ws_moveit2/install/moveit_ros_visualization:/home/jerome/ws_moveit2/install/moveit_hybrid_planning:/home/jerome/ws_moveit2/install/moveit_ros_planning_interface:/home/jerome/ws_moveit2/install/moveit_ros_benchmarks:/home/jerome/ws_moveit2/install/moveit_ros_warehouse:/home/jerome/ws_moveit2/install/moveit_ros_robot_interaction:/home/jerome/ws_moveit2/install/moveit_ros_perception:/home/jerome/ws_moveit2/install/moveit_resources_prbt_pg70_support:/home/jerome/ws_moveit2/install/moveit_resources_prbt_moveit_config:/home/jerome/ws_moveit2/install/moveit_ros_move_group:/home/jerome/ws_moveit2/install/moveit_planners_ompl:/home/jerome/ws_moveit2/install/moveit_ros_planning:/home/jerome/ws_moveit2/install/moveit_ros_occupancy_map_monitor:/home/jerome/ws_moveit2/install/moveit_resources_prbt_ikfast_manipulator_plugin:/home/jerome/ws_moveit2/install/moveit_planners_chomp:/home/jerome/ws_moveit2/install/moveit_kinematics:/home/jerome/ws_moveit2/install/moveit_chomp_optimizer_adapter:/home/jerome/ws_moveit2/install/chomp_motion_planner:/home/jerome/ws_moveit2/install/moveit_core:/home/jerome/ws_moveit2/install/srdfdom:/home/jerome/ws_moveit2/install/rviz_marker_tools:/home/jerome/ws_moveit2/install/rosparam_shortcuts:/home/jerome/ws_moveit2/install/moveit_task_constructor_msgs:/home/jerome/ws_moveit2/install/moveit_resources_prbt_support:/home/jerome/ws_moveit2/install/moveit_resources:/home/jerome/ws_moveit2/install/moveit_resources_pr2_description:/home/jerome/ws_moveit2/install/moveit_resources_panda_moveit_config:/home/jerome/ws_moveit2/install/moveit_resources_panda_description:/home/jerome/ws_moveit2/install/moveit_resources_fanuc_moveit_config:/home/jerome/ws_moveit2/install/moveit_resources_fanuc_description:/home/jerome/ws_moveit2/install/moveit_common:/home/jerome/ws_moveit2/install/moveit_configs_utils:/home/jerome/ws_moveit2/install/launch_param_builder:/opt/ros/humble /usr/bin/cmake --install /home/jerome/arm_base/build/arm_urdf_moveit_config
[0.614s] Level 1:colcon.colcon_core.environment:checking '/home/jerome/arm_base/install/arm_urdf_moveit_config' for CMake config files
[0.614s] Level 1:colcon.colcon_core.shell:create_environment_hook('arm_urdf_moveit_config', 'cmake_prefix_path')
[0.614s] INFO:colcon.colcon_core.shell:Creating environment hook '/home/jerome/arm_base/install/arm_urdf_moveit_config/share/arm_urdf_moveit_config/hook/cmake_prefix_path.ps1'
[0.614s] INFO:colcon.colcon_core.shell:Creating environment descriptor '/home/jerome/arm_base/install/arm_urdf_moveit_config/share/arm_urdf_moveit_config/hook/cmake_prefix_path.dsv'
[0.615s] INFO:colcon.colcon_core.shell:Creating environment hook '/home/jerome/arm_base/install/arm_urdf_moveit_config/share/arm_urdf_moveit_config/hook/cmake_prefix_path.sh'
[0.615s] Level 1:colcon.colcon_core.environment:checking '/home/jerome/arm_base/install/arm_urdf_moveit_config/bin'
[0.615s] Level 1:colcon.colcon_core.environment:checking '/home/jerome/arm_base/install/arm_urdf_moveit_config/lib/pkgconfig/arm_urdf_moveit_config.pc'
[0.615s] Level 1:colcon.colcon_core.environment:checking '/home/jerome/arm_base/install/arm_urdf_moveit_config/lib/python3.10/site-packages'
[0.615s] Level 1:colcon.colcon_core.environment:checking '/home/jerome/arm_base/install/arm_urdf_moveit_config/bin'
[0.616s] INFO:colcon.colcon_core.shell:Creating package script '/home/jerome/arm_base/install/arm_urdf_moveit_config/share/arm_urdf_moveit_config/package.ps1'
[0.616s] INFO:colcon.colcon_core.shell:Creating package descriptor '/home/jerome/arm_base/install/arm_urdf_moveit_config/share/arm_urdf_moveit_config/package.dsv'
[0.616s] INFO:colcon.colcon_core.shell:Creating package script '/home/jerome/arm_base/install/arm_urdf_moveit_config/share/arm_urdf_moveit_config/package.sh'
[0.617s] INFO:colcon.colcon_core.shell:Creating package script '/home/jerome/arm_base/install/arm_urdf_moveit_config/share/arm_urdf_moveit_config/package.bash'
[0.617s] INFO:colcon.colcon_core.shell:Creating package script '/home/jerome/arm_base/install/arm_urdf_moveit_config/share/arm_urdf_moveit_config/package.zsh'
[0.617s] Level 1:colcon.colcon_core.environment:create_file_with_runtime_dependencies(/home/jerome/arm_base/install/arm_urdf_moveit_config/share/colcon-core/packages/arm_urdf_moveit_config)
[0.618s] Level 1:colcon.colcon_core.environment:create_environment_scripts_only(arm_urdf_moveit_config)
[0.618s] Level 1:colcon.colcon_core.environment:checking '/home/jerome/arm_base/install/arm_urdf_moveit_config' for CMake module files
[0.618s] Level 1:colcon.colcon_core.environment:checking '/home/jerome/arm_base/install/arm_urdf_moveit_config' for CMake config files
[0.618s] Level 1:colcon.colcon_core.shell:create_environment_hook('arm_urdf_moveit_config', 'cmake_prefix_path')
[0.618s] INFO:colcon.colcon_core.shell:Creating environment hook '/home/jerome/arm_base/install/arm_urdf_moveit_config/share/arm_urdf_moveit_config/hook/cmake_prefix_path.ps1'
[0.619s] INFO:colcon.colcon_core.shell:Creating environment descriptor '/home/jerome/arm_base/install/arm_urdf_moveit_config/share/arm_urdf_moveit_config/hook/cmake_prefix_path.dsv'
[0.619s] INFO:colcon.colcon_core.shell:Creating environment hook '/home/jerome/arm_base/install/arm_urdf_moveit_config/share/arm_urdf_moveit_config/hook/cmake_prefix_path.sh'
[0.619s] Level 1:colcon.colcon_core.environment:checking '/home/jerome/arm_base/install/arm_urdf_moveit_config/bin'
[0.619s] Level 1:colcon.colcon_core.environment:checking '/home/jerome/arm_base/install/arm_urdf_moveit_config/lib/pkgconfig/arm_urdf_moveit_config.pc'
[0.619s] Level 1:colcon.colcon_core.environment:checking '/home/jerome/arm_base/install/arm_urdf_moveit_config/lib/python3.10/site-packages'
[0.619s] Level 1:colcon.colcon_core.environment:checking '/home/jerome/arm_base/install/arm_urdf_moveit_config/bin'
[0.620s] INFO:colcon.colcon_core.shell:Creating package script '/home/jerome/arm_base/install/arm_urdf_moveit_config/share/arm_urdf_moveit_config/package.ps1'
[0.620s] INFO:colcon.colcon_core.shell:Creating package descriptor '/home/jerome/arm_base/install/arm_urdf_moveit_config/share/arm_urdf_moveit_config/package.dsv'
[0.620s] INFO:colcon.colcon_core.shell:Creating package script '/home/jerome/arm_base/install/arm_urdf_moveit_config/share/arm_urdf_moveit_config/package.sh'
[0.621s] INFO:colcon.colcon_core.shell:Creating package script '/home/jerome/arm_base/install/arm_urdf_moveit_config/share/arm_urdf_moveit_config/package.bash'
[0.621s] INFO:colcon.colcon_core.shell:Creating package script '/home/jerome/arm_base/install/arm_urdf_moveit_config/share/arm_urdf_moveit_config/package.zsh'
[0.621s] Level 1:colcon.colcon_core.environment:create_file_with_runtime_dependencies(/home/jerome/arm_base/install/arm_urdf_moveit_config/share/colcon-core/packages/arm_urdf_moveit_config)
[0.622s] Level 1:colcon.colcon_core.environment:create_environment_scripts_only(pick_and_place)
[0.622s] Level 1:colcon.colcon_core.environment:checking '/home/jerome/arm_base/install/pick_and_place' for CMake module files
[0.622s] DEBUG:colcon.colcon_core.event_handler.log_command:Invoked command in '/home/jerome/arm_base/build/pick_and_place' returned '0': CMAKE_PREFIX_PATH=${CMAKE_PREFIX_PATH}:/home/jerome/ws_moveit2/install/moveit_configs_utils:/home/jerome/ws_moveit2/install/launch_param_builder:/opt/ros/humble /usr/bin/cmake --install /home/jerome/arm_base/build/pick_and_place
[0.622s] Level 1:colcon.colcon_core.environment:checking '/home/jerome/arm_base/install/pick_and_place' for CMake config files
[0.623s] Level 1:colcon.colcon_core.shell:create_environment_hook('pick_and_place', 'cmake_prefix_path')
[0.623s] INFO:colcon.colcon_core.shell:Creating environment hook '/home/jerome/arm_base/install/pick_and_place/share/pick_and_place/hook/cmake_prefix_path.ps1'
[0.623s] INFO:colcon.colcon_core.shell:Creating environment descriptor '/home/jerome/arm_base/install/pick_and_place/share/pick_and_place/hook/cmake_prefix_path.dsv'
[0.623s] INFO:colcon.colcon_core.shell:Creating environment hook '/home/jerome/arm_base/install/pick_and_place/share/pick_and_place/hook/cmake_prefix_path.sh'
[0.624s] Level 1:colcon.colcon_core.environment:checking '/home/jerome/arm_base/install/pick_and_place/lib'
[0.624s] Level 1:colcon.colcon_core.environment:checking '/home/jerome/arm_base/install/pick_and_place/bin'
[0.624s] Level 1:colcon.colcon_core.environment:checking '/home/jerome/arm_base/install/pick_and_place/lib/pkgconfig/pick_and_place.pc'
[0.624s] Level 1:colcon.colcon_core.environment:checking '/home/jerome/arm_base/install/pick_and_place/lib/python3.10/site-packages'
[0.624s] Level 1:colcon.colcon_core.environment:checking '/home/jerome/arm_base/install/pick_and_place/bin'
[0.624s] INFO:colcon.colcon_core.shell:Creating package script '/home/jerome/arm_base/install/pick_and_place/share/pick_and_place/package.ps1'
[0.624s] INFO:colcon.colcon_core.shell:Creating package descriptor '/home/jerome/arm_base/install/pick_and_place/share/pick_and_place/package.dsv'
[0.625s] INFO:colcon.colcon_core.shell:Creating package script '/home/jerome/arm_base/install/pick_and_place/share/pick_and_place/package.sh'
[0.625s] INFO:colcon.colcon_core.shell:Creating package script '/home/jerome/arm_base/install/pick_and_place/share/pick_and_place/package.bash'
[0.625s] INFO:colcon.colcon_core.shell:Creating package script '/home/jerome/arm_base/install/pick_and_place/share/pick_and_place/package.zsh'
[0.625s] Level 1:colcon.colcon_core.environment:create_file_with_runtime_dependencies(/home/jerome/arm_base/install/pick_and_place/share/colcon-core/packages/pick_and_place)
[0.625s] Level 1:colcon.colcon_core.environment:create_environment_scripts_only(pick_and_place)
[0.626s] Level 1:colcon.colcon_core.environment:checking '/home/jerome/arm_base/install/pick_and_place' for CMake module files
[0.626s] Level 1:colcon.colcon_core.environment:checking '/home/jerome/arm_base/install/pick_and_place' for CMake config files
[0.626s] Level 1:colcon.colcon_core.shell:create_environment_hook('pick_and_place', 'cmake_prefix_path')
[0.626s] INFO:colcon.colcon_core.shell:Creating environment hook '/home/jerome/arm_base/install/pick_and_place/share/pick_and_place/hook/cmake_prefix_path.ps1'
[0.626s] INFO:colcon.colcon_core.shell:Creating environment descriptor '/home/jerome/arm_base/install/pick_and_place/share/pick_and_place/hook/cmake_prefix_path.dsv'
[0.626s] INFO:colcon.colcon_core.shell:Creating environment hook '/home/jerome/arm_base/install/pick_and_place/share/pick_and_place/hook/cmake_prefix_path.sh'
[0.627s] Level 1:colcon.colcon_core.environment:checking '/home/jerome/arm_base/install/pick_and_place/lib'
[0.627s] Level 1:colcon.colcon_core.environment:checking '/home/jerome/arm_base/install/pick_and_place/bin'
[0.627s] Level 1:colcon.colcon_core.environment:checking '/home/jerome/arm_base/install/pick_and_place/lib/pkgconfig/pick_and_place.pc'
[0.627s] Level 1:colcon.colcon_core.environment:checking '/home/jerome/arm_base/install/pick_and_place/lib/python3.10/site-packages'
[0.627s] Level 1:colcon.colcon_core.environment:checking '/home/jerome/arm_base/install/pick_and_place/bin'
[0.627s] INFO:colcon.colcon_core.shell:Creating package script '/home/jerome/arm_base/install/pick_and_place/share/pick_and_place/package.ps1'
[0.628s] INFO:colcon.colcon_core.shell:Creating package descriptor '/home/jerome/arm_base/install/pick_and_place/share/pick_and_place/package.dsv'
[0.628s] INFO:colcon.colcon_core.shell:Creating package script '/home/jerome/arm_base/install/pick_and_place/share/pick_and_place/package.sh'
[0.628s] INFO:colcon.colcon_core.shell:Creating package script '/home/jerome/arm_base/install/pick_and_place/share/pick_and_place/package.bash'
[0.628s] INFO:colcon.colcon_core.shell:Creating package script '/home/jerome/arm_base/install/pick_and_place/share/pick_and_place/package.zsh'
[0.628s] Level 1:colcon.colcon_core.environment:create_file_with_runtime_dependencies(/home/jerome/arm_base/install/pick_and_place/share/colcon-core/packages/pick_and_place)
[0.629s] DEBUG:colcon.colcon_parallel_executor.executor.parallel:closing loop
[0.629s] DEBUG:colcon.colcon_parallel_executor.executor.parallel:loop closed
[0.629s] DEBUG:colcon.colcon_parallel_executor.executor.parallel:run_until_complete finished with '0'
[0.629s] DEBUG:colcon.colcon_core.event_reactor:joining thread
[0.634s] INFO:colcon.colcon_core.plugin_system:Skipping extension 'colcon_notification.desktop_notification.terminal_notifier': Not used on non-Darwin systems
[0.634s] INFO:colcon.colcon_core.plugin_system:Skipping extension 'colcon_notification.desktop_notification.win32': Not used on non-Windows systems
[0.634s] INFO:colcon.colcon_notification.desktop_notification:Sending desktop notification using 'notify2'
[0.644s] DEBUG:colcon.colcon_core.event_reactor:joined thread
[0.644s] INFO:colcon.colcon_core.shell:Creating prefix script '/home/jerome/arm_base/install/local_setup.ps1'
[0.645s] INFO:colcon.colcon_core.shell:Creating prefix util module '/home/jerome/arm_base/install/_local_setup_util_ps1.py'
[0.647s] INFO:colcon.colcon_core.shell:Creating prefix chain script '/home/jerome/arm_base/install/setup.ps1'
[0.649s] INFO:colcon.colcon_core.shell:Creating prefix script '/home/jerome/arm_base/install/local_setup.sh'
[0.650s] INFO:colcon.colcon_core.shell:Creating prefix util module '/home/jerome/arm_base/install/_local_setup_util_sh.py'
[0.651s] INFO:colcon.colcon_core.shell:Creating prefix chain script '/home/jerome/arm_base/install/setup.sh'
[0.653s] INFO:colcon.colcon_core.shell:Creating prefix script '/home/jerome/arm_base/install/local_setup.bash'
[0.654s] INFO:colcon.colcon_core.shell:Creating prefix chain script '/home/jerome/arm_base/install/setup.bash'
[0.655s] INFO:colcon.colcon_core.shell:Creating prefix script '/home/jerome/arm_base/install/local_setup.zsh'
[0.656s] INFO:colcon.colcon_core.shell:Creating prefix chain script '/home/jerome/arm_base/install/setup.zsh'
