[0.010s] Invoking command in '/home/jerome/arm_base/build/pick_and_place': CMAKE_PREFIX_PATH=${CMAKE_PREFIX_PATH}:/home/jerome/ws_moveit2/install/moveit_configs_utils:/home/jerome/ws_moveit2/install/launch_param_builder:/opt/ros/humble /usr/bin/cmake /home/jerome/arm_base/src/pick_and_place -DCMAKE_INSTALL_PREFIX=/home/jerome/arm_base/install/pick_and_place
[0.021s] -- Found ament_cmake: 1.3.12 (/opt/ros/humble/share/ament_cmake/cmake)
[0.113s] -- Found moveit_ros_planning_interface: 2.5.9 (/home/jerome/ws_moveit2/install/moveit_ros_planning_interface/share/moveit_ros_planning_interface/cmake)
[0.122s] -- Found Boost: /usr/lib/x86_64-linux-gnu/cmake/Boost-1.74.0/BoostConfig.cmake (found version "1.74.0") found components: date_time filesystem program_options system thread 
[0.140s] -- Found rosidl_generator_c: 3.1.7 (/opt/ros/humble/share/rosidl_generator_c/cmake)
[0.141s] -- Found rosidl_adapter: 3.1.7 (/opt/ros/humble/share/rosidl_adapter/cmake)
[0.145s] -- Found rosidl_generator_cpp: 3.1.7 (/opt/ros/humble/share/rosidl_generator_cpp/cmake)
[0.152s] -- Using all available rosidl_typesupport_c: rosidl_typesupport_fastrtps_c;rosidl_typesupport_introspection_c
[0.162s] -- Using all available rosidl_typesupport_cpp: rosidl_typesupport_fastrtps_cpp;rosidl_typesupport_introspection_cpp
[0.279s] -- Found Boost: /usr/lib/x86_64-linux-gnu/cmake/Boost-1.74.0/BoostConfig.cmake (found version "1.74.0") found components: chrono date_time filesystem iostreams program_options regex serialization system thread 
[0.299s] -- Found parameter_traits: 0.5.0 (/opt/ros/humble/share/parameter_traits/cmake)
[0.317s] -- Found rmw_implementation_cmake: 6.1.2 (/opt/ros/humble/share/rmw_implementation_cmake/cmake)
[0.319s] -- Found rmw_cyclonedds_cpp: 1.3.4 (/opt/ros/humble/share/rmw_cyclonedds_cpp/cmake)
[0.331s] -- Using RMW implementation 'rmw_cyclonedds_cpp' as default
[0.359s] -- Found rclcpp_lifecycle: 16.0.15 (/opt/ros/humble/share/rclcpp_lifecycle/cmake)
[0.373s] -- Found Boost: /usr/lib/x86_64-linux-gnu/cmake/Boost-1.74.0/BoostConfig.cmake (found version "1.74.0") found components: filesystem 
[0.400s] -- library: /usr/lib/x86_64-linux-gnu/libcurl.so
[0.418s] -- Ensuring Eigen3 include directory is part of orocos-kdl CMake target
[0.491s] -- Found Boost: /usr/lib/x86_64-linux-gnu/cmake/Boost-1.74.0/BoostConfig.cmake (found version "1.74.0") found components: system filesystem date_time program_options thread chrono 
[0.511s] -- Found Boost: /usr/lib/x86_64-linux-gnu/cmake/Boost-1.74.0/BoostConfig.cmake (found version "1.74.0") found components: thread system filesystem regex date_time program_options 
[0.533s] -- Found Boost: /usr/lib/x86_64-linux-gnu/cmake/Boost-1.74.0/BoostConfig.cmake (found version "1.74.0") found components: system filesystem date_time program_options thread 
[0.553s] -- Found moveit_task_constructor_core: 0.1.3 (/home/jerome/ws_moveit2/install/moveit_task_constructor_core/share/moveit_task_constructor_core/cmake)
[0.583s] -- Found ament_lint_auto: 0.12.14 (/opt/ros/humble/share/ament_lint_auto/cmake)
[0.640s] -- Added test 'cppcheck' to perform static code analysis on C / C++ code
[0.640s] -- Configured cppcheck include dirs: $<BUILD_INTERFACE:/home/jerome/arm_base/src/pick_and_place/include>
[0.640s] -- Configured cppcheck exclude dirs and/or files: 
[0.640s] -- Added test 'flake8' to check Python code syntax and style conventions
[0.641s] -- Added test 'lint_cmake' to check CMake code style
[0.641s] -- Added test 'pep257' to check Python code against some of the docstring style conventions in PEP 257
[0.641s] -- Added test 'uncrustify' to check C / C++ code style
[0.641s] -- Configured uncrustify additional arguments: 
[0.641s] -- Added test 'xmllint' to check XML markup files
[0.642s] -- Configuring done
[0.672s] -- Generating done
[0.680s] -- Build files have been written to: /home/jerome/arm_base/build/pick_and_place
[0.687s] Invoked command in '/home/jerome/arm_base/build/pick_and_place' returned '0': CMAKE_PREFIX_PATH=${CMAKE_PREFIX_PATH}:/home/jerome/ws_moveit2/install/moveit_configs_utils:/home/jerome/ws_moveit2/install/launch_param_builder:/opt/ros/humble /usr/bin/cmake /home/jerome/arm_base/src/pick_and_place -DCMAKE_INSTALL_PREFIX=/home/jerome/arm_base/install/pick_and_place
[0.688s] Invoking command in '/home/jerome/arm_base/build/pick_and_place': CMAKE_PREFIX_PATH=${CMAKE_PREFIX_PATH}:/home/jerome/ws_moveit2/install/moveit_configs_utils:/home/jerome/ws_moveit2/install/launch_param_builder:/opt/ros/humble /usr/bin/cmake --build /home/jerome/arm_base/build/pick_and_place -- -j16 -l16
[0.758s] [ 25%] [32mBuilding CXX object CMakeFiles/pick_and_place.dir/src/pick_and_place.cpp.o[0m
[0.758s] [ 50%] [32mBuilding CXX object CMakeFiles/mtc_tutorial.dir/src/mtc.cpp.o[0m
[4.155s] [01m[K/home/jerome/arm_base/src/pick_and_place/src/mtc.cpp:[m[K In member function ‘[01m[Kvoid MTCTaskNode::setupPlanningScene()[m[K’:
[4.155s] [01m[K/home/jerome/arm_base/src/pick_and_place/src/mtc.cpp:71:1:[m[K [01;31m[Kerror: [m[K‘[01m[Kobject_pose[m[K’ was not declared in this scope
[4.155s]    71 | [01;31m[Kobject_pose[m[K.position.x = 0.7;
[4.155s]       | [01;31m[K^~~~~~~~~~~[m[K
[4.160s] [01m[K/home/jerome/arm_base/src/pick_and_place/src/mtc.cpp:112:1:[m[K [01;31m[Kerror: [m[K‘[01m[Kcene_msg[m[K’ was not declared in this scope; did you mean ‘[01m[Kscene_msg[m[K’?
[4.160s]   112 | [01;31m[Kcene_msg[m[K.world.collision_objects.push_back(object);
[4.160s]       | [01;31m[K^~~~~~~~[m[K
[4.160s]       | [32m[Kscene_msg[m[K
[6.788s] gmake[2]: *** [CMakeFiles/mtc_tutorial.dir/build.make:76: CMakeFiles/mtc_tutorial.dir/src/mtc.cpp.o] Error 1
[6.788s] gmake[1]: *** [CMakeFiles/Makefile2:165: CMakeFiles/mtc_tutorial.dir/all] Error 2
[6.788s] gmake[1]: *** Waiting for unfinished jobs....
[8.651s] [ 75%] [32m[1mLinking CXX executable pick_and_place[0m
[9.196s] [ 75%] Built target pick_and_place
[9.197s] gmake: *** [Makefile:146: all] Error 2
[9.200s] Invoked command in '/home/jerome/arm_base/build/pick_and_place' returned '2': CMAKE_PREFIX_PATH=${CMAKE_PREFIX_PATH}:/home/jerome/ws_moveit2/install/moveit_configs_utils:/home/jerome/ws_moveit2/install/launch_param_builder:/opt/ros/humble /usr/bin/cmake --build /home/jerome/arm_base/build/pick_and_place -- -j16 -l16
