[0.011s] Invoking command in '/home/jerome/arm_base/build/pick_and_place': CMAKE_PREFIX_PATH=${CMAKE_PREFIX_PATH}:/home/jerome/ws_moveit2/install/moveit_configs_utils:/home/jerome/ws_moveit2/install/launch_param_builder:/opt/ros/humble /usr/bin/cmake --build /home/jerome/arm_base/build/pick_and_place -- -j16 -l16
[0.099s] [35m[1mConsolidate compiler generated dependencies of target mtc_tutorial[0m
[0.152s] [ 25%] [32mBuilding CXX object CMakeFiles/mtc_tutorial.dir/src/mtc.cpp.o[0m
[0.152s] [ 75%] Built target pick_and_place
[3.897s] [01m[K/home/jerome/arm_base/src/pick_and_place/src/mtc.cpp:[m[K In member function ‘[01m[Kmoveit::task_constructor::Task MTCTaskNode::createTask()[m[K’:
[3.897s] [01m[K/home/jerome/arm_base/src/pick_and_place/src/mtc.cpp:246:37:[m[K [01;31m[Kerror: [m[K‘[01m[Kstages[m[K’ was not declared in this scope; did you mean ‘[01m[Kmoveit::task_constructor::stages[m[K’?
[3.897s]   246 |       auto stage = std::make_unique<[01;31m[Kstages[m[K::DeepGraspPose<moveit_task_constructor_msgs::SampleGraspPosesAction>>(
[3.897s]       |                                     [01;31m[K^~~~~~[m[K
[3.897s]       |                                     [32m[Kmoveit::task_constructor::stages[m[K
[3.897s] In file included from [01m[K/home/jerome/ws_moveit2/install/moveit_task_constructor_core/include/moveit/task_constructor/stages.h:41[m[K,
[3.897s]                  from [01m[K/home/jerome/arm_base/src/pick_and_place/src/mtc.cpp:7[m[K:
[3.897s] [01m[K/home/jerome/ws_moveit2/install/moveit_task_constructor_core/include/moveit/task_constructor/stages/compute_ik.h:53:11:[m[K [01;36m[Knote: [m[K‘[01m[Kmoveit::task_constructor::stages[m[K’ declared here
[3.897s]    53 | namespace [01;36m[Kstages[m[K {
[3.897s]       |           [01;36m[K^~~~~~[m[K
[3.897s] [01m[K/home/jerome/arm_base/src/pick_and_place/src/mtc.cpp:246:25:[m[K [01;31m[Kerror: [m[Kparse error in template argument list
[3.897s]   246 |       auto stage = std::[01;31m[Kmake_unique<stages::DeepGraspPose<moveit_task_constructor_msgs::SampleGraspPosesAction>>[m[K(
[3.898s]       |                         [01;31m[K^~~~~~~~~~~~~~~~~~~~~~~~~~~~~~~~~~~~~~~~~~~~~~~~~~~~~~~~~~~~~~~~~~~~~~~~~~~~~~~~~~~~~~~~[m[K
[3.904s] [01m[K/home/jerome/arm_base/src/pick_and_place/src/mtc.cpp:247:11:[m[K [01;31m[Kerror: [m[K‘[01m[Kaction_name_[m[K’ was not declared in this scope
[3.905s]   247 |           [01;31m[Kaction_name_[m[K, "generate grasp pose");
[3.905s]       |           [01;31m[K^~~~~~~~~~~~[m[K
[3.905s] [01m[K/home/jerome/arm_base/src/pick_and_place/src/mtc.cpp:248:45:[m[K [01;31m[Kerror: [m[K‘[01m[KStage[m[K’ has not been declared
[3.905s]   248 |       stage->properties().configureInitFrom([01;31m[KStage[m[K::PARENT);
[3.905s]       |                                             [01;31m[K^~~~~[m[K
[3.905s] [01m[K/home/jerome/arm_base/src/pick_and_place/src/mtc.cpp:255:27:[m[K [01;31m[Kerror: [m[Kparse error in template argument list
[3.905s]   255 |       auto wrapper = std::[01;31m[Kmake_unique<stages::ComputeIK>[m[K("grasp pose IK", std::move(stage));
[3.905s]       |                           [01;31m[K^~~~~~~~~~~~~~~~~~~~~~~~~~~~~~[m[K
[3.918s] [01m[K/home/jerome/arm_base/src/pick_and_place/src/mtc.cpp:258:27:[m[K [01;31m[Kerror: [m[K‘[01m[Kgrasp_frame_transform_[m[K’ was not declared in this scope
[3.918s]   258 |       wrapper->setIKFrame([01;31m[Kgrasp_frame_transform_[m[K, hand_frame_);
[3.918s]       |                           [01;31m[K^~~~~~~~~~~~~~~~~~~~~~[m[K
[3.923s] [01m[K/home/jerome/arm_base/src/pick_and_place/src/mtc.cpp:258:51:[m[K [01;31m[Kerror: [m[K‘[01m[Khand_frame_[m[K’ was not declared in this scope; did you mean ‘[01m[Khand_frame[m[K’?
[3.923s]   258 |       wrapper->setIKFrame(grasp_frame_transform_, [01;31m[Khand_frame_[m[K);
[3.923s]       |                                                   [01;31m[K^~~~~~~~~~~[m[K
[3.924s]       |                                                   [32m[Khand_frame[m[K
[3.924s] [01m[K/home/jerome/arm_base/src/pick_and_place/src/mtc.cpp:259:47:[m[K [01;31m[Kerror: [m[K‘[01m[KStage[m[K’ has not been declared
[3.924s]   259 |       wrapper->properties().configureInitFrom([01;31m[KStage[m[K::PARENT, { "eef", "group" });
[3.924s]       |                                               [01;31m[K^~~~~[m[K
[3.924s] [01m[K/home/jerome/arm_base/src/pick_and_place/src/mtc.cpp:260:47:[m[K [01;31m[Kerror: [m[K‘[01m[KStage[m[K’ has not been declared
[3.924s]   260 |       wrapper->properties().configureInitFrom([01;31m[KStage[m[K::INTERFACE, { "target_pose" });
[3.924s]       |                                               [01;31m[K^~~~~[m[K
[6.416s] gmake[2]: *** [CMakeFiles/mtc_tutorial.dir/build.make:76: CMakeFiles/mtc_tutorial.dir/src/mtc.cpp.o] Error 1
[6.416s] gmake[1]: *** [CMakeFiles/Makefile2:165: CMakeFiles/mtc_tutorial.dir/all] Error 2
[6.417s] gmake: *** [Makefile:146: all] Error 2
[6.419s] Invoked command in '/home/jerome/arm_base/build/pick_and_place' returned '2': CMAKE_PREFIX_PATH=${CMAKE_PREFIX_PATH}:/home/jerome/ws_moveit2/install/moveit_configs_utils:/home/jerome/ws_moveit2/install/launch_param_builder:/opt/ros/humble /usr/bin/cmake --build /home/jerome/arm_base/build/pick_and_place -- -j16 -l16
