[0.009s] Invoking command in '/home/jerome/arm_base/build/pick_and_place': CMAKE_PREFIX_PATH=${CMAKE_PREFIX_PATH}:/home/jerome/ws_moveit2/install/moveit_configs_utils:/home/jerome/ws_moveit2/install/launch_param_builder:/opt/ros/humble /usr/bin/cmake --build /home/jerome/arm_base/build/pick_and_place -- -j16 -l16
[0.055s] [35m[1mConsolidate compiler generated dependencies of target mtc_tutorial[0m
[0.069s] [ 50%] Built target pick_and_place
[0.076s] [ 75%] [32mBuilding CXX object CMakeFiles/mtc_tutorial.dir/src/mtc.cpp.o[0m
[7.206s] [100%] [32m[1mLinking CXX executable mtc_tutorial[0m
[7.582s] [100%] Built target mtc_tutorial
[7.597s] Invoked command in '/home/jerome/arm_base/build/pick_and_place' returned '0': CMAKE_PREFIX_PATH=${CMAKE_PREFIX_PATH}:/home/jerome/ws_moveit2/install/moveit_configs_utils:/home/jerome/ws_moveit2/install/launch_param_builder:/opt/ros/humble /usr/bin/cmake --build /home/jerome/arm_base/build/pick_and_place -- -j16 -l16
[7.599s] Invoking command in '/home/jerome/arm_base/build/pick_and_place': CMAKE_PREFIX_PATH=${CMAKE_PREFIX_PATH}:/home/jerome/ws_moveit2/install/moveit_configs_utils:/home/jerome/ws_moveit2/install/launch_param_builder:/opt/ros/humble /usr/bin/cmake --install /home/jerome/arm_base/build/pick_and_place
[7.614s] -- Install configuration: ""
[7.614s] -- Installing: /home/jerome/arm_base/install/pick_and_place/lib/pick_and_place/mtc_tutorial
[7.617s] -- Set runtime path of "/home/jerome/arm_base/install/pick_and_place/lib/pick_and_place/mtc_tutorial" to ""
[7.617s] -- Up-to-date: /home/jerome/arm_base/install/pick_and_place/share/pick_and_place//launch
[7.617s] -- Up-to-date: /home/jerome/arm_base/install/pick_and_place/share/pick_and_place//launch/pick_new.launch.py
[7.617s] -- Up-to-date: /home/jerome/arm_base/install/pick_and_place/share/pick_and_place//launch/pick_and_place.launch.py
[7.617s] -- Up-to-date: /home/jerome/arm_base/install/pick_and_place/lib/pick_and_place/pick_and_place
[7.617s] -- Up-to-date: /home/jerome/arm_base/install/pick_and_place/share/ament_index/resource_index/package_run_dependencies/pick_and_place
[7.617s] -- Up-to-date: /home/jerome/arm_base/install/pick_and_place/share/ament_index/resource_index/parent_prefix_path/pick_and_place
[7.617s] -- Up-to-date: /home/jerome/arm_base/install/pick_and_place/share/pick_and_place/environment/ament_prefix_path.sh
[7.617s] -- Up-to-date: /home/jerome/arm_base/install/pick_and_place/share/pick_and_place/environment/ament_prefix_path.dsv
[7.618s] -- Up-to-date: /home/jerome/arm_base/install/pick_and_place/share/pick_and_place/environment/path.sh
[7.618s] -- Up-to-date: /home/jerome/arm_base/install/pick_and_place/share/pick_and_place/environment/path.dsv
[7.618s] -- Up-to-date: /home/jerome/arm_base/install/pick_and_place/share/pick_and_place/local_setup.bash
[7.618s] -- Up-to-date: /home/jerome/arm_base/install/pick_and_place/share/pick_and_place/local_setup.sh
[7.618s] -- Up-to-date: /home/jerome/arm_base/install/pick_and_place/share/pick_and_place/local_setup.zsh
[7.618s] -- Up-to-date: /home/jerome/arm_base/install/pick_and_place/share/pick_and_place/local_setup.dsv
[7.618s] -- Installing: /home/jerome/arm_base/install/pick_and_place/share/pick_and_place/package.dsv
[7.618s] -- Up-to-date: /home/jerome/arm_base/install/pick_and_place/share/ament_index/resource_index/packages/pick_and_place
[7.618s] -- Up-to-date: /home/jerome/arm_base/install/pick_and_place/share/pick_and_place/cmake/pick_and_placeConfig.cmake
[7.618s] -- Up-to-date: /home/jerome/arm_base/install/pick_and_place/share/pick_and_place/cmake/pick_and_placeConfig-version.cmake
[7.618s] -- Up-to-date: /home/jerome/arm_base/install/pick_and_place/share/pick_and_place/package.xml
[7.620s] Invoked command in '/home/jerome/arm_base/build/pick_and_place' returned '0': CMAKE_PREFIX_PATH=${CMAKE_PREFIX_PATH}:/home/jerome/ws_moveit2/install/moveit_configs_utils:/home/jerome/ws_moveit2/install/launch_param_builder:/opt/ros/humble /usr/bin/cmake --install /home/jerome/arm_base/build/pick_and_place
