[0.014s] Invoking command in '/home/jerome/arm_base/build/arm_urdf': CMAKE_PREFIX_PATH=${CMAKE_PREFIX_PATH}:/home/jerome/ws_moveit2/install/moveit_configs_utils:/home/jerome/ws_moveit2/install/launch_param_builder:/opt/ros/humble /usr/bin/cmake --build /home/jerome/arm_base/build/arm_urdf -- -j16 -l16
[0.052s] Invoked command in '/home/jerome/arm_base/build/arm_urdf' returned '0': CMAKE_PREFIX_PATH=${CMAKE_PREFIX_PATH}:/home/jerome/ws_moveit2/install/moveit_configs_utils:/home/jerome/ws_moveit2/install/launch_param_builder:/opt/ros/humble /usr/bin/cmake --build /home/jerome/arm_base/build/arm_urdf -- -j16 -l16
[0.065s] Invoking command in '/home/jerome/arm_base/build/arm_urdf': CMAKE_PREFIX_PATH=${CMAKE_PREFIX_PATH}:/home/jerome/ws_moveit2/install/moveit_configs_utils:/home/jerome/ws_moveit2/install/launch_param_builder:/opt/ros/humble /usr/bin/cmake --install /home/jerome/arm_base/build/arm_urdf
[0.074s] -- Install configuration: ""
[0.074s] -- Up-to-date: /home/jerome/arm_base/install/arm_urdf/share/arm_urdf//launch
[0.075s] -- Up-to-date: /home/jerome/arm_base/install/arm_urdf/share/arm_urdf//launch/display.launch.py
[0.075s] -- Up-to-date: /home/jerome/arm_base/install/arm_urdf/share/arm_urdf//launch/pnp_rviz.launch.py
[0.075s] -- Up-to-date: /home/jerome/arm_base/install/arm_urdf/share/arm_urdf//config
[0.075s] -- Up-to-date: /home/jerome/arm_base/install/arm_urdf/share/arm_urdf//config/display.rviz
[0.075s] -- Up-to-date: /home/jerome/arm_base/install/arm_urdf/share/arm_urdf//config/mtc.rviz
[0.075s] -- Up-to-date: /home/jerome/arm_base/install/arm_urdf/share/arm_urdf//config/display_new.rviz
[0.075s] -- Up-to-date: /home/jerome/arm_base/install/arm_urdf/share/arm_urdf//meshes
[0.075s] -- Up-to-date: /home/jerome/arm_base/install/arm_urdf/share/arm_urdf//meshes/AX_12A_01_3.stl
[0.075s] -- Up-to-date: /home/jerome/arm_base/install/arm_urdf/share/arm_urdf//meshes/link24.stl
[0.075s] -- Up-to-date: /home/jerome/arm_base/install/arm_urdf/share/arm_urdf//meshes/Component5.stl
[0.075s] -- Up-to-date: /home/jerome/arm_base/install/arm_urdf/share/arm_urdf//meshes/AX_12A_04_1.stl
[0.075s] -- Up-to-date: /home/jerome/arm_base/install/arm_urdf/share/arm_urdf//meshes/AX_12A_03_1.stl
[0.076s] -- Up-to-date: /home/jerome/arm_base/install/arm_urdf/share/arm_urdf//meshes/Component53.stl
[0.076s] -- Up-to-date: /home/jerome/arm_base/install/arm_urdf/share/arm_urdf//meshes/Component55.stl
[0.076s] -- Up-to-date: /home/jerome/arm_base/install/arm_urdf/share/arm_urdf//meshes/AX_12A_03_2.stl
[0.076s] -- Up-to-date: /home/jerome/arm_base/install/arm_urdf/share/arm_urdf//meshes/AX_12A_01_2.stl
[0.076s] -- Up-to-date: /home/jerome/arm_base/install/arm_urdf/share/arm_urdf//meshes/Wheel_motor_3.stl
[0.076s] -- Up-to-date: /home/jerome/arm_base/install/arm_urdf/share/arm_urdf//meshes/Component20.stl
[0.076s] -- Up-to-date: /home/jerome/arm_base/install/arm_urdf/share/arm_urdf//meshes/Component1_1.stl
[0.077s] -- Up-to-date: /home/jerome/arm_base/install/arm_urdf/share/arm_urdf//meshes/Component7.stl
[0.077s] -- Up-to-date: /home/jerome/arm_base/install/arm_urdf/share/arm_urdf//meshes/Component56.stl
[0.077s] -- Up-to-date: /home/jerome/arm_base/install/arm_urdf/share/arm_urdf//meshes/Base_link.stl
[0.077s] -- Up-to-date: /home/jerome/arm_base/install/arm_urdf/share/arm_urdf//meshes/Component12.stl
[0.077s] -- Up-to-date: /home/jerome/arm_base/install/arm_urdf/share/arm_urdf//meshes/link23.stl
[0.077s] -- Up-to-date: /home/jerome/arm_base/install/arm_urdf/share/arm_urdf//meshes/Universal_hub.stl
[0.077s] -- Up-to-date: /home/jerome/arm_base/install/arm_urdf/share/arm_urdf//meshes/Coupler_meccanum_V2.stl
[0.078s] -- Up-to-date: /home/jerome/arm_base/install/arm_urdf/share/arm_urdf//meshes/Wheel_motor_4.stl
[0.078s] -- Up-to-date: /home/jerome/arm_base/install/arm_urdf/share/arm_urdf//meshes/Nema_34_v3.stl
[0.078s] -- Up-to-date: /home/jerome/arm_base/install/arm_urdf/share/arm_urdf//meshes/AX_12A_04_3.stl
[0.078s] -- Up-to-date: /home/jerome/arm_base/install/arm_urdf/share/arm_urdf//meshes/AX_12A_02_3.stl
[0.078s] -- Up-to-date: /home/jerome/arm_base/install/arm_urdf/share/arm_urdf//meshes/STEPPER_MOTOR.stl
[0.078s] -- Up-to-date: /home/jerome/arm_base/install/arm_urdf/share/arm_urdf//meshes/Component2.stl
[0.078s] -- Up-to-date: /home/jerome/arm_base/install/arm_urdf/share/arm_urdf//meshes/AX_12A_01_1.stl
[0.078s] -- Up-to-date: /home/jerome/arm_base/install/arm_urdf/share/arm_urdf//meshes/Soft_finger_1.stl
[0.079s] -- Up-to-date: /home/jerome/arm_base/install/arm_urdf/share/arm_urdf//meshes/AX_12A_03_3.stl
[0.079s] -- Up-to-date: /home/jerome/arm_base/install/arm_urdf/share/arm_urdf//meshes/AX_12A_02_2.stl
[0.079s] -- Up-to-date: /home/jerome/arm_base/install/arm_urdf/share/arm_urdf//meshes/Component6.stl
[0.079s] -- Up-to-date: /home/jerome/arm_base/install/arm_urdf/share/arm_urdf//meshes/AX_12A_03_4.stl
[0.079s] -- Up-to-date: /home/jerome/arm_base/install/arm_urdf/share/arm_urdf//meshes/gcomp1.stl
[0.079s] -- Up-to-date: /home/jerome/arm_base/install/arm_urdf/share/arm_urdf//meshes/Wheel_motor_1.stl
[0.079s] -- Up-to-date: /home/jerome/arm_base/install/arm_urdf/share/arm_urdf//meshes/AX_12A_01_4.stl
[0.079s] -- Up-to-date: /home/jerome/arm_base/install/arm_urdf/share/arm_urdf//meshes/AX_12A_02_1.stl
[0.079s] -- Up-to-date: /home/jerome/arm_base/install/arm_urdf/share/arm_urdf//meshes/Wheel_motor_2.stl
[0.079s] -- Up-to-date: /home/jerome/arm_base/install/arm_urdf/share/arm_urdf//meshes/AX_12A_02_4.stl
[0.079s] -- Up-to-date: /home/jerome/arm_base/install/arm_urdf/share/arm_urdf//meshes/firstDOF_final.stl
[0.080s] -- Up-to-date: /home/jerome/arm_base/install/arm_urdf/share/arm_urdf//meshes/ZED2i-v1.stl
[0.080s] -- Up-to-date: /home/jerome/arm_base/install/arm_urdf/share/arm_urdf//meshes/Nema34_bracket.stl
[0.080s] -- Up-to-date: /home/jerome/arm_base/install/arm_urdf/share/arm_urdf//meshes/base_final-v3.stl
[0.080s] -- Up-to-date: /home/jerome/arm_base/install/arm_urdf/share/arm_urdf//meshes/Spur_Gear_motor.stl
[0.080s] -- Up-to-date: /home/jerome/arm_base/install/arm_urdf/share/arm_urdf//meshes/AX_12A_04_4.stl
[0.080s] -- Up-to-date: /home/jerome/arm_base/install/arm_urdf/share/arm_urdf//meshes/Spur_Gear_driven.stl
[0.080s] -- Up-to-date: /home/jerome/arm_base/install/arm_urdf/share/arm_urdf//meshes/AX_12A_04_2.stl
[0.080s] -- Up-to-date: /home/jerome/arm_base/install/arm_urdf/share/arm_urdf//meshes/soft_finger_2.stl
[0.080s] -- Up-to-date: /home/jerome/arm_base/install/arm_urdf/share/arm_urdf//meshes/Component54.stl
[0.080s] -- Up-to-date: /home/jerome/arm_base/install/arm_urdf/share/arm_urdf//urdf
[0.081s] -- Up-to-date: /home/jerome/arm_base/install/arm_urdf/share/arm_urdf//urdf/ArmPlate.xacro
[0.081s] -- Up-to-date: /home/jerome/arm_base/install/arm_urdf/share/ament_index/resource_index/package_run_dependencies/arm_urdf
[0.081s] -- Up-to-date: /home/jerome/arm_base/install/arm_urdf/share/ament_index/resource_index/parent_prefix_path/arm_urdf
[0.081s] -- Up-to-date: /home/jerome/arm_base/install/arm_urdf/share/arm_urdf/environment/ament_prefix_path.sh
[0.081s] -- Up-to-date: /home/jerome/arm_base/install/arm_urdf/share/arm_urdf/environment/ament_prefix_path.dsv
[0.081s] -- Up-to-date: /home/jerome/arm_base/install/arm_urdf/share/arm_urdf/environment/path.sh
[0.081s] -- Up-to-date: /home/jerome/arm_base/install/arm_urdf/share/arm_urdf/environment/path.dsv
[0.081s] -- Up-to-date: /home/jerome/arm_base/install/arm_urdf/share/arm_urdf/local_setup.bash
[0.081s] -- Up-to-date: /home/jerome/arm_base/install/arm_urdf/share/arm_urdf/local_setup.sh
[0.081s] -- Up-to-date: /home/jerome/arm_base/install/arm_urdf/share/arm_urdf/local_setup.zsh
[0.082s] -- Up-to-date: /home/jerome/arm_base/install/arm_urdf/share/arm_urdf/local_setup.dsv
[0.082s] -- Installing: /home/jerome/arm_base/install/arm_urdf/share/arm_urdf/package.dsv
[0.082s] -- Up-to-date: /home/jerome/arm_base/install/arm_urdf/share/ament_index/resource_index/packages/arm_urdf
[0.082s] -- Up-to-date: /home/jerome/arm_base/install/arm_urdf/share/arm_urdf/cmake/arm_urdfConfig.cmake
[0.082s] -- Up-to-date: /home/jerome/arm_base/install/arm_urdf/share/arm_urdf/cmake/arm_urdfConfig-version.cmake
[0.082s] -- Up-to-date: /home/jerome/arm_base/install/arm_urdf/share/arm_urdf/package.xml
[0.082s] Invoked command in '/home/jerome/arm_base/build/arm_urdf' returned '0': CMAKE_PREFIX_PATH=${CMAKE_PREFIX_PATH}:/home/jerome/ws_moveit2/install/moveit_configs_utils:/home/jerome/ws_moveit2/install/launch_param_builder:/opt/ros/humble /usr/bin/cmake --install /home/jerome/arm_base/build/arm_urdf
