[0.075s] DEBUG:colcon:Command line arguments: ['/usr/bin/colcon', 'build']
[0.075s] DEBUG:colcon:Parsed command line arguments: Namespace(log_base=None, log_level=None, verb_name='build', build_base='build', install_base='install', merge_install=False, symlink_install=False, test_result_base=None, continue_on_error=False, executor='parallel', parallel_workers=16, event_handlers=None, ignore_user_meta=False, metas=['./colcon.meta'], base_paths=['.'], packages_ignore=None, packages_ignore_regex=None, paths=None, packages_up_to=None, packages_up_to_regex=None, packages_above=None, packages_above_and_dependencies=None, packages_above_depth=None, packages_select_by_dep=None, packages_skip_by_dep=None, packages_skip_up_to=None, packages_select_build_failed=False, packages_skip_build_finished=False, packages_select_test_failures=False, packages_skip_test_passed=False, packages_select=None, packages_skip=None, packages_select_regex=None, packages_skip_regex=None, packages_start=None, packages_end=None, allow_overriding=[], cmake_args=None, cmake_target=None, cmake_target_skip_unavailable=False, cmake_clean_cache=False, cmake_clean_first=False, cmake_force_configure=False, ament_cmake_args=None, catkin_cmake_args=None, catkin_skip_building_tests=False, mixin_files=None, mixin=None, verb_parser=<colcon_mixin.mixin.mixin_argument.MixinArgumentDecorator object at 0x7857e5e075b0>, verb_extension=<colcon_core.verb.build.BuildVerb object at 0x7857e5fac100>, main=<bound method BuildVerb.main of <colcon_core.verb.build.BuildVerb object at 0x7857e5fac100>>, mixin_verb=('build',))
[0.180s] Level 1:colcon.colcon_core.package_discovery:discover_packages(colcon_meta) check parameters
[0.180s] Level 1:colcon.colcon_core.package_discovery:discover_packages(recursive) check parameters
[0.180s] Level 1:colcon.colcon_core.package_discovery:discover_packages(ignore) check parameters
[0.180s] Level 1:colcon.colcon_core.package_discovery:discover_packages(path) check parameters
[0.180s] Level 1:colcon.colcon_core.package_discovery:discover_packages(colcon_meta) discover
[0.180s] Level 1:colcon.colcon_core.package_discovery:discover_packages(recursive) discover
[0.180s] INFO:colcon.colcon_core.package_discovery:Crawling recursively for packages in '/home/jerome/arm_base'
[0.180s] Level 1:colcon.colcon_core.package_identification:_identify(.) by extensions ['ignore', 'ignore_ament_install']
[0.180s] Level 1:colcon.colcon_core.package_identification:_identify(.) by extension 'ignore'
[0.180s] Level 1:colcon.colcon_core.package_identification:_identify(.) by extension 'ignore_ament_install'
[0.180s] Level 1:colcon.colcon_core.package_identification:_identify(.) by extensions ['colcon_pkg']
[0.180s] Level 1:colcon.colcon_core.package_identification:_identify(.) by extension 'colcon_pkg'
[0.180s] Level 1:colcon.colcon_core.package_identification:_identify(.) by extensions ['colcon_meta']
[0.180s] Level 1:colcon.colcon_core.package_identification:_identify(.) by extension 'colcon_meta'
[0.180s] Level 1:colcon.colcon_core.package_identification:_identify(.) by extensions ['ros']
[0.180s] Level 1:colcon.colcon_core.package_identification:_identify(.) by extension 'ros'
[0.192s] Level 1:colcon.colcon_core.package_identification:_identify(.) by extensions ['cmake', 'python']
[0.192s] Level 1:colcon.colcon_core.package_identification:_identify(.) by extension 'cmake'
[0.192s] Level 1:colcon.colcon_core.package_identification:_identify(.) by extension 'python'
[0.192s] Level 1:colcon.colcon_core.package_identification:_identify(.) by extensions ['python_setup_py']
[0.192s] Level 1:colcon.colcon_core.package_identification:_identify(.) by extension 'python_setup_py'
[0.192s] Level 1:colcon.colcon_core.package_identification:_identify(build) by extensions ['ignore', 'ignore_ament_install']
[0.193s] Level 1:colcon.colcon_core.package_identification:_identify(build) by extension 'ignore'
[0.193s] Level 1:colcon.colcon_core.package_identification:_identify(build) ignored
[0.193s] Level 1:colcon.colcon_core.package_identification:_identify(install) by extensions ['ignore', 'ignore_ament_install']
[0.193s] Level 1:colcon.colcon_core.package_identification:_identify(install) by extension 'ignore'
[0.193s] Level 1:colcon.colcon_core.package_identification:_identify(install) ignored
[0.193s] Level 1:colcon.colcon_core.package_identification:_identify(log) by extensions ['ignore', 'ignore_ament_install']
[0.193s] Level 1:colcon.colcon_core.package_identification:_identify(log) by extension 'ignore'
[0.193s] Level 1:colcon.colcon_core.package_identification:_identify(log) ignored
[0.193s] Level 1:colcon.colcon_core.package_identification:_identify(src) by extensions ['ignore', 'ignore_ament_install']
[0.193s] Level 1:colcon.colcon_core.package_identification:_identify(src) by extension 'ignore'
[0.193s] Level 1:colcon.colcon_core.package_identification:_identify(src) by extension 'ignore_ament_install'
[0.193s] Level 1:colcon.colcon_core.package_identification:_identify(src) by extensions ['colcon_pkg']
[0.193s] Level 1:colcon.colcon_core.package_identification:_identify(src) by extension 'colcon_pkg'
[0.193s] Level 1:colcon.colcon_core.package_identification:_identify(src) by extensions ['colcon_meta']
[0.193s] Level 1:colcon.colcon_core.package_identification:_identify(src) by extension 'colcon_meta'
[0.193s] Level 1:colcon.colcon_core.package_identification:_identify(src) by extensions ['ros']
[0.193s] Level 1:colcon.colcon_core.package_identification:_identify(src) by extension 'ros'
[0.193s] Level 1:colcon.colcon_core.package_identification:_identify(src) by extensions ['cmake', 'python']
[0.193s] Level 1:colcon.colcon_core.package_identification:_identify(src) by extension 'cmake'
[0.193s] Level 1:colcon.colcon_core.package_identification:_identify(src) by extension 'python'
[0.193s] Level 1:colcon.colcon_core.package_identification:_identify(src) by extensions ['python_setup_py']
[0.193s] Level 1:colcon.colcon_core.package_identification:_identify(src) by extension 'python_setup_py'
[0.193s] Level 1:colcon.colcon_core.package_identification:_identify(src/arm_urdf) by extensions ['ignore', 'ignore_ament_install']
[0.193s] Level 1:colcon.colcon_core.package_identification:_identify(src/arm_urdf) by extension 'ignore'
[0.193s] Level 1:colcon.colcon_core.package_identification:_identify(src/arm_urdf) by extension 'ignore_ament_install'
[0.193s] Level 1:colcon.colcon_core.package_identification:_identify(src/arm_urdf) by extensions ['colcon_pkg']
[0.193s] Level 1:colcon.colcon_core.package_identification:_identify(src/arm_urdf) by extension 'colcon_pkg'
[0.193s] Level 1:colcon.colcon_core.package_identification:_identify(src/arm_urdf) by extensions ['colcon_meta']
[0.193s] Level 1:colcon.colcon_core.package_identification:_identify(src/arm_urdf) by extension 'colcon_meta'
[0.193s] Level 1:colcon.colcon_core.package_identification:_identify(src/arm_urdf) by extensions ['ros']
[0.193s] Level 1:colcon.colcon_core.package_identification:_identify(src/arm_urdf) by extension 'ros'
[0.195s] DEBUG:colcon.colcon_core.package_identification:Package 'src/arm_urdf' with type 'ros.ament_cmake' and name 'arm_urdf'
[0.195s] Level 1:colcon.colcon_core.package_identification:_identify(src/arm_urdf_moveit_config) by extensions ['ignore', 'ignore_ament_install']
[0.195s] Level 1:colcon.colcon_core.package_identification:_identify(src/arm_urdf_moveit_config) by extension 'ignore'
[0.195s] Level 1:colcon.colcon_core.package_identification:_identify(src/arm_urdf_moveit_config) by extension 'ignore_ament_install'
[0.195s] Level 1:colcon.colcon_core.package_identification:_identify(src/arm_urdf_moveit_config) by extensions ['colcon_pkg']
[0.195s] Level 1:colcon.colcon_core.package_identification:_identify(src/arm_urdf_moveit_config) by extension 'colcon_pkg'
[0.195s] Level 1:colcon.colcon_core.package_identification:_identify(src/arm_urdf_moveit_config) by extensions ['colcon_meta']
[0.195s] Level 1:colcon.colcon_core.package_identification:_identify(src/arm_urdf_moveit_config) by extension 'colcon_meta'
[0.195s] Level 1:colcon.colcon_core.package_identification:_identify(src/arm_urdf_moveit_config) by extensions ['ros']
[0.195s] Level 1:colcon.colcon_core.package_identification:_identify(src/arm_urdf_moveit_config) by extension 'ros'
[0.196s] DEBUG:colcon.colcon_core.package_identification:Package 'src/arm_urdf_moveit_config' with type 'ros.ament_cmake' and name 'arm_urdf_moveit_config'
[0.196s] Level 1:colcon.colcon_core.package_discovery:discover_packages(recursive) using defaults
[0.196s] Level 1:colcon.colcon_core.package_discovery:discover_packages(ignore) discover
[0.196s] Level 1:colcon.colcon_core.package_discovery:discover_packages(ignore) using defaults
[0.196s] Level 1:colcon.colcon_core.package_discovery:discover_packages(path) discover
[0.196s] Level 1:colcon.colcon_core.package_discovery:discover_packages(path) using defaults
[0.209s] Level 1:colcon.colcon_core.package_discovery:discover_packages(prefix_path) check parameters
[0.209s] Level 1:colcon.colcon_core.package_discovery:discover_packages(prefix_path) discover
[0.210s] DEBUG:colcon.colcon_installed_package_information.package_discovery:Found 2 installed packages in /home/jerome/arm_base/install
[0.211s] DEBUG:colcon.colcon_installed_package_information.package_discovery:Found 59 installed packages in /home/jerome/ws_moveit2/install
[0.212s] DEBUG:colcon.colcon_installed_package_information.package_discovery:Found 382 installed packages in /opt/ros/humble
[0.215s] Level 1:colcon.colcon_core.package_discovery:discover_packages(prefix_path) using defaults
[0.244s] Level 5:colcon.colcon_core.verb:set package 'arm_urdf' build argument 'cmake_args' from command line to 'None'
[0.244s] Level 5:colcon.colcon_core.verb:set package 'arm_urdf' build argument 'cmake_target' from command line to 'None'
[0.244s] Level 5:colcon.colcon_core.verb:set package 'arm_urdf' build argument 'cmake_target_skip_unavailable' from command line to 'False'
[0.244s] Level 5:colcon.colcon_core.verb:set package 'arm_urdf' build argument 'cmake_clean_cache' from command line to 'False'
[0.244s] Level 5:colcon.colcon_core.verb:set package 'arm_urdf' build argument 'cmake_clean_first' from command line to 'False'
[0.244s] Level 5:colcon.colcon_core.verb:set package 'arm_urdf' build argument 'cmake_force_configure' from command line to 'False'
[0.244s] Level 5:colcon.colcon_core.verb:set package 'arm_urdf' build argument 'ament_cmake_args' from command line to 'None'
[0.244s] Level 5:colcon.colcon_core.verb:set package 'arm_urdf' build argument 'catkin_cmake_args' from command line to 'None'
[0.244s] Level 5:colcon.colcon_core.verb:set package 'arm_urdf' build argument 'catkin_skip_building_tests' from command line to 'False'
[0.244s] DEBUG:colcon.colcon_core.verb:Building package 'arm_urdf' with the following arguments: {'ament_cmake_args': None, 'build_base': '/home/jerome/arm_base/build/arm_urdf', 'catkin_cmake_args': None, 'catkin_skip_building_tests': False, 'cmake_args': None, 'cmake_clean_cache': False, 'cmake_clean_first': False, 'cmake_force_configure': False, 'cmake_target': None, 'cmake_target_skip_unavailable': False, 'install_base': '/home/jerome/arm_base/install/arm_urdf', 'merge_install': False, 'path': '/home/jerome/arm_base/src/arm_urdf', 'symlink_install': False, 'test_result_base': None}
[0.244s] Level 5:colcon.colcon_core.verb:set package 'arm_urdf_moveit_config' build argument 'cmake_args' from command line to 'None'
[0.244s] Level 5:colcon.colcon_core.verb:set package 'arm_urdf_moveit_config' build argument 'cmake_target' from command line to 'None'
[0.244s] Level 5:colcon.colcon_core.verb:set package 'arm_urdf_moveit_config' build argument 'cmake_target_skip_unavailable' from command line to 'False'
[0.244s] Level 5:colcon.colcon_core.verb:set package 'arm_urdf_moveit_config' build argument 'cmake_clean_cache' from command line to 'False'
[0.244s] Level 5:colcon.colcon_core.verb:set package 'arm_urdf_moveit_config' build argument 'cmake_clean_first' from command line to 'False'
[0.244s] Level 5:colcon.colcon_core.verb:set package 'arm_urdf_moveit_config' build argument 'cmake_force_configure' from command line to 'False'
[0.244s] Level 5:colcon.colcon_core.verb:set package 'arm_urdf_moveit_config' build argument 'ament_cmake_args' from command line to 'None'
[0.244s] Level 5:colcon.colcon_core.verb:set package 'arm_urdf_moveit_config' build argument 'catkin_cmake_args' from command line to 'None'
[0.244s] Level 5:colcon.colcon_core.verb:set package 'arm_urdf_moveit_config' build argument 'catkin_skip_building_tests' from command line to 'False'
[0.244s] DEBUG:colcon.colcon_core.verb:Building package 'arm_urdf_moveit_config' with the following arguments: {'ament_cmake_args': None, 'build_base': '/home/jerome/arm_base/build/arm_urdf_moveit_config', 'catkin_cmake_args': None, 'catkin_skip_building_tests': False, 'cmake_args': None, 'cmake_clean_cache': False, 'cmake_clean_first': False, 'cmake_force_configure': False, 'cmake_target': None, 'cmake_target_skip_unavailable': False, 'install_base': '/home/jerome/arm_base/install/arm_urdf_moveit_config', 'merge_install': False, 'path': '/home/jerome/arm_base/src/arm_urdf_moveit_config', 'symlink_install': False, 'test_result_base': None}
[0.244s] INFO:colcon.colcon_core.executor:Executing jobs using 'parallel' executor
[0.245s] DEBUG:colcon.colcon_parallel_executor.executor.parallel:run_until_complete
[0.245s] INFO:colcon.colcon_ros.task.ament_cmake.build:Building ROS package in '/home/jerome/arm_base/src/arm_urdf' with build type 'ament_cmake'
[0.245s] INFO:colcon.colcon_cmake.task.cmake.build:Building CMake package in '/home/jerome/arm_base/src/arm_urdf'
[0.247s] INFO:colcon.colcon_core.plugin_system:Skipping extension 'colcon_core.shell.bat': Not used on non-Windows systems
[0.247s] INFO:colcon.colcon_core.shell:Skip shell extension 'powershell' for command environment: Not usable outside of PowerShell
[0.247s] DEBUG:colcon.colcon_core.shell:Skip shell extension 'dsv' for command environment
[0.258s] DEBUG:colcon.colcon_core.event_handler.log_command:Invoking command in '/home/jerome/arm_base/build/arm_urdf': CMAKE_PREFIX_PATH=${CMAKE_PREFIX_PATH}:/home/jerome/ws_moveit2/install/moveit_configs_utils:/home/jerome/ws_moveit2/install/launch_param_builder:/opt/ros/humble /usr/bin/cmake --build /home/jerome/arm_base/build/arm_urdf -- -j16 -l16
[0.303s] DEBUG:colcon.colcon_core.event_handler.log_command:Invoked command in '/home/jerome/arm_base/build/arm_urdf' returned '0': CMAKE_PREFIX_PATH=${CMAKE_PREFIX_PATH}:/home/jerome/ws_moveit2/install/moveit_configs_utils:/home/jerome/ws_moveit2/install/launch_param_builder:/opt/ros/humble /usr/bin/cmake --build /home/jerome/arm_base/build/arm_urdf -- -j16 -l16
[0.318s] DEBUG:colcon.colcon_core.event_handler.log_command:Invoking command in '/home/jerome/arm_base/build/arm_urdf': CMAKE_PREFIX_PATH=${CMAKE_PREFIX_PATH}:/home/jerome/ws_moveit2/install/moveit_configs_utils:/home/jerome/ws_moveit2/install/launch_param_builder:/opt/ros/humble /usr/bin/cmake --install /home/jerome/arm_base/build/arm_urdf
[0.332s] Level 1:colcon.colcon_core.environment:create_environment_scripts_only(arm_urdf)
[0.332s] DEBUG:colcon.colcon_core.event_handler.log_command:Invoked command in '/home/jerome/arm_base/build/arm_urdf' returned '0': CMAKE_PREFIX_PATH=${CMAKE_PREFIX_PATH}:/home/jerome/ws_moveit2/install/moveit_configs_utils:/home/jerome/ws_moveit2/install/launch_param_builder:/opt/ros/humble /usr/bin/cmake --install /home/jerome/arm_base/build/arm_urdf
[0.334s] Level 1:colcon.colcon_core.environment:checking '/home/jerome/arm_base/install/arm_urdf' for CMake module files
[0.334s] Level 1:colcon.colcon_core.environment:checking '/home/jerome/arm_base/install/arm_urdf' for CMake config files
[0.334s] Level 1:colcon.colcon_core.shell:create_environment_hook('arm_urdf', 'cmake_prefix_path')
[0.335s] INFO:colcon.colcon_core.shell:Creating environment hook '/home/jerome/arm_base/install/arm_urdf/share/arm_urdf/hook/cmake_prefix_path.ps1'
[0.335s] INFO:colcon.colcon_core.shell:Creating environment descriptor '/home/jerome/arm_base/install/arm_urdf/share/arm_urdf/hook/cmake_prefix_path.dsv'
[0.336s] INFO:colcon.colcon_core.shell:Creating environment hook '/home/jerome/arm_base/install/arm_urdf/share/arm_urdf/hook/cmake_prefix_path.sh'
[0.336s] Level 1:colcon.colcon_core.environment:checking '/home/jerome/arm_base/install/arm_urdf/bin'
[0.337s] Level 1:colcon.colcon_core.environment:checking '/home/jerome/arm_base/install/arm_urdf/lib/pkgconfig/arm_urdf.pc'
[0.337s] Level 1:colcon.colcon_core.environment:checking '/home/jerome/arm_base/install/arm_urdf/lib/python3.10/site-packages'
[0.337s] Level 1:colcon.colcon_core.environment:checking '/home/jerome/arm_base/install/arm_urdf/bin'
[0.337s] INFO:colcon.colcon_core.shell:Creating package script '/home/jerome/arm_base/install/arm_urdf/share/arm_urdf/package.ps1'
[0.338s] INFO:colcon.colcon_core.shell:Creating package descriptor '/home/jerome/arm_base/install/arm_urdf/share/arm_urdf/package.dsv'
[0.339s] INFO:colcon.colcon_core.shell:Creating package script '/home/jerome/arm_base/install/arm_urdf/share/arm_urdf/package.sh'
[0.340s] INFO:colcon.colcon_core.shell:Creating package script '/home/jerome/arm_base/install/arm_urdf/share/arm_urdf/package.bash'
[0.340s] INFO:colcon.colcon_core.shell:Creating package script '/home/jerome/arm_base/install/arm_urdf/share/arm_urdf/package.zsh'
[0.341s] Level 1:colcon.colcon_core.environment:create_file_with_runtime_dependencies(/home/jerome/arm_base/install/arm_urdf/share/colcon-core/packages/arm_urdf)
[0.342s] Level 1:colcon.colcon_core.environment:create_environment_scripts_only(arm_urdf)
[0.342s] Level 1:colcon.colcon_core.environment:checking '/home/jerome/arm_base/install/arm_urdf' for CMake module files
[0.342s] Level 1:colcon.colcon_core.environment:checking '/home/jerome/arm_base/install/arm_urdf' for CMake config files
[0.342s] Level 1:colcon.colcon_core.shell:create_environment_hook('arm_urdf', 'cmake_prefix_path')
[0.343s] INFO:colcon.colcon_core.shell:Creating environment hook '/home/jerome/arm_base/install/arm_urdf/share/arm_urdf/hook/cmake_prefix_path.ps1'
[0.343s] INFO:colcon.colcon_core.shell:Creating environment descriptor '/home/jerome/arm_base/install/arm_urdf/share/arm_urdf/hook/cmake_prefix_path.dsv'
[0.343s] INFO:colcon.colcon_core.shell:Creating environment hook '/home/jerome/arm_base/install/arm_urdf/share/arm_urdf/hook/cmake_prefix_path.sh'
[0.344s] Level 1:colcon.colcon_core.environment:checking '/home/jerome/arm_base/install/arm_urdf/bin'
[0.344s] Level 1:colcon.colcon_core.environment:checking '/home/jerome/arm_base/install/arm_urdf/lib/pkgconfig/arm_urdf.pc'
[0.344s] Level 1:colcon.colcon_core.environment:checking '/home/jerome/arm_base/install/arm_urdf/lib/python3.10/site-packages'
[0.344s] Level 1:colcon.colcon_core.environment:checking '/home/jerome/arm_base/install/arm_urdf/bin'
[0.345s] INFO:colcon.colcon_core.shell:Creating package script '/home/jerome/arm_base/install/arm_urdf/share/arm_urdf/package.ps1'
[0.345s] INFO:colcon.colcon_core.shell:Creating package descriptor '/home/jerome/arm_base/install/arm_urdf/share/arm_urdf/package.dsv'
[0.345s] INFO:colcon.colcon_core.shell:Creating package script '/home/jerome/arm_base/install/arm_urdf/share/arm_urdf/package.sh'
[0.346s] INFO:colcon.colcon_core.shell:Creating package script '/home/jerome/arm_base/install/arm_urdf/share/arm_urdf/package.bash'
[0.346s] INFO:colcon.colcon_core.shell:Creating package script '/home/jerome/arm_base/install/arm_urdf/share/arm_urdf/package.zsh'
[0.346s] Level 1:colcon.colcon_core.environment:create_file_with_runtime_dependencies(/home/jerome/arm_base/install/arm_urdf/share/colcon-core/packages/arm_urdf)
[0.347s] INFO:colcon.colcon_ros.task.ament_cmake.build:Building ROS package in '/home/jerome/arm_base/src/arm_urdf_moveit_config' with build type 'ament_cmake'
[0.347s] INFO:colcon.colcon_cmake.task.cmake.build:Building CMake package in '/home/jerome/arm_base/src/arm_urdf_moveit_config'
[0.347s] INFO:colcon.colcon_core.shell:Skip shell extension 'powershell' for command environment: Not usable outside of PowerShell
[0.347s] DEBUG:colcon.colcon_core.shell:Skip shell extension 'dsv' for command environment
[0.359s] DEBUG:colcon.colcon_core.event_handler.log_command:Invoking command in '/home/jerome/arm_base/build/arm_urdf_moveit_config': CMAKE_PREFIX_PATH=/home/jerome/arm_base/install/arm_urdf:/home/jerome/arm_base/install/arm_urdf_moveit_config:/home/jerome/ws_moveit2/install/trac_ik:/home/jerome/ws_moveit2/install/trac_ik_kinematics:/home/jerome/ws_moveit2/install/trac_ik_examples:/home/jerome/ws_moveit2/install/trac_ik_lib:/home/jerome/ws_moveit2/install/pilz_industrial_motion_planner_testutils:/home/jerome/ws_moveit2/install/moveit_runtime:/home/jerome/ws_moveit2/install/moveit2_tutorials:/home/jerome/ws_moveit2/install/moveit:/home/jerome/ws_moveit2/install/moveit_planners:/home/jerome/ws_moveit2/install/pilz_industrial_motion_planner:/home/jerome/ws_moveit2/install/moveit_visual_tools:/home/jerome/ws_moveit2/install/moveit_task_constructor_visualization:/home/jerome/ws_moveit2/install/moveit_task_constructor_demo:/home/jerome/ws_moveit2/install/moveit_task_constructor_capabilities:/home/jerome/ws_moveit2/install/moveit_task_constructor_core:/home/jerome/ws_moveit2/install/moveit_ros_control_interface:/home/jerome/ws_moveit2/install/moveit_plugins:/home/jerome/ws_moveit2/install/moveit_simple_controller_manager:/home/jerome/ws_moveit2/install/moveit_setup_assistant:/home/jerome/ws_moveit2/install/moveit_setup_srdf_plugins:/home/jerome/ws_moveit2/install/moveit_setup_core_plugins:/home/jerome/ws_moveit2/install/moveit_setup_controllers:/home/jerome/ws_moveit2/install/moveit_setup_app_plugins:/home/jerome/ws_moveit2/install/moveit_setup_framework:/home/jerome/ws_moveit2/install/moveit_servo:/home/jerome/ws_moveit2/install/moveit_ros:/home/jerome/ws_moveit2/install/moveit_ros_visualization:/home/jerome/ws_moveit2/install/moveit_hybrid_planning:/home/jerome/ws_moveit2/install/moveit_ros_planning_interface:/home/jerome/ws_moveit2/install/moveit_ros_benchmarks:/home/jerome/ws_moveit2/install/moveit_ros_warehouse:/home/jerome/ws_moveit2/install/moveit_ros_robot_interaction:/home/jerome/ws_moveit2/install/moveit_ros_perception:/home/jerome/ws_moveit2/install/moveit_resources_prbt_pg70_support:/home/jerome/ws_moveit2/install/moveit_resources_prbt_moveit_config:/home/jerome/ws_moveit2/install/moveit_ros_move_group:/home/jerome/ws_moveit2/install/moveit_planners_ompl:/home/jerome/ws_moveit2/install/moveit_ros_planning:/home/jerome/ws_moveit2/install/moveit_ros_occupancy_map_monitor:/home/jerome/ws_moveit2/install/moveit_resources_prbt_ikfast_manipulator_plugin:/home/jerome/ws_moveit2/install/moveit_planners_chomp:/home/jerome/ws_moveit2/install/moveit_kinematics:/home/jerome/ws_moveit2/install/moveit_chomp_optimizer_adapter:/home/jerome/ws_moveit2/install/chomp_motion_planner:/home/jerome/ws_moveit2/install/moveit_core:/home/jerome/ws_moveit2/install/srdfdom:/home/jerome/ws_moveit2/install/rviz_marker_tools:/home/jerome/ws_moveit2/install/rosparam_shortcuts:/home/jerome/ws_moveit2/install/moveit_task_constructor_msgs:/home/jerome/ws_moveit2/install/moveit_resources_prbt_support:/home/jerome/ws_moveit2/install/moveit_resources:/home/jerome/ws_moveit2/install/moveit_resources_pr2_description:/home/jerome/ws_moveit2/install/moveit_resources_panda_moveit_config:/home/jerome/ws_moveit2/install/moveit_resources_panda_description:/home/jerome/ws_moveit2/install/moveit_resources_fanuc_moveit_config:/home/jerome/ws_moveit2/install/moveit_resources_fanuc_description:/home/jerome/ws_moveit2/install/moveit_common:/home/jerome/ws_moveit2/install/moveit_configs_utils:/home/jerome/ws_moveit2/install/launch_param_builder:/opt/ros/humble /usr/bin/cmake --build /home/jerome/arm_base/build/arm_urdf_moveit_config -- -j16 -l16
[0.413s] DEBUG:colcon.colcon_core.event_handler.log_command:Invoked command in '/home/jerome/arm_base/build/arm_urdf_moveit_config' returned '0': CMAKE_PREFIX_PATH=/home/jerome/arm_base/install/arm_urdf:/home/jerome/arm_base/install/arm_urdf_moveit_config:/home/jerome/ws_moveit2/install/trac_ik:/home/jerome/ws_moveit2/install/trac_ik_kinematics:/home/jerome/ws_moveit2/install/trac_ik_examples:/home/jerome/ws_moveit2/install/trac_ik_lib:/home/jerome/ws_moveit2/install/pilz_industrial_motion_planner_testutils:/home/jerome/ws_moveit2/install/moveit_runtime:/home/jerome/ws_moveit2/install/moveit2_tutorials:/home/jerome/ws_moveit2/install/moveit:/home/jerome/ws_moveit2/install/moveit_planners:/home/jerome/ws_moveit2/install/pilz_industrial_motion_planner:/home/jerome/ws_moveit2/install/moveit_visual_tools:/home/jerome/ws_moveit2/install/moveit_task_constructor_visualization:/home/jerome/ws_moveit2/install/moveit_task_constructor_demo:/home/jerome/ws_moveit2/install/moveit_task_constructor_capabilities:/home/jerome/ws_moveit2/install/moveit_task_constructor_core:/home/jerome/ws_moveit2/install/moveit_ros_control_interface:/home/jerome/ws_moveit2/install/moveit_plugins:/home/jerome/ws_moveit2/install/moveit_simple_controller_manager:/home/jerome/ws_moveit2/install/moveit_setup_assistant:/home/jerome/ws_moveit2/install/moveit_setup_srdf_plugins:/home/jerome/ws_moveit2/install/moveit_setup_core_plugins:/home/jerome/ws_moveit2/install/moveit_setup_controllers:/home/jerome/ws_moveit2/install/moveit_setup_app_plugins:/home/jerome/ws_moveit2/install/moveit_setup_framework:/home/jerome/ws_moveit2/install/moveit_servo:/home/jerome/ws_moveit2/install/moveit_ros:/home/jerome/ws_moveit2/install/moveit_ros_visualization:/home/jerome/ws_moveit2/install/moveit_hybrid_planning:/home/jerome/ws_moveit2/install/moveit_ros_planning_interface:/home/jerome/ws_moveit2/install/moveit_ros_benchmarks:/home/jerome/ws_moveit2/install/moveit_ros_warehouse:/home/jerome/ws_moveit2/install/moveit_ros_robot_interaction:/home/jerome/ws_moveit2/install/moveit_ros_perception:/home/jerome/ws_moveit2/install/moveit_resources_prbt_pg70_support:/home/jerome/ws_moveit2/install/moveit_resources_prbt_moveit_config:/home/jerome/ws_moveit2/install/moveit_ros_move_group:/home/jerome/ws_moveit2/install/moveit_planners_ompl:/home/jerome/ws_moveit2/install/moveit_ros_planning:/home/jerome/ws_moveit2/install/moveit_ros_occupancy_map_monitor:/home/jerome/ws_moveit2/install/moveit_resources_prbt_ikfast_manipulator_plugin:/home/jerome/ws_moveit2/install/moveit_planners_chomp:/home/jerome/ws_moveit2/install/moveit_kinematics:/home/jerome/ws_moveit2/install/moveit_chomp_optimizer_adapter:/home/jerome/ws_moveit2/install/chomp_motion_planner:/home/jerome/ws_moveit2/install/moveit_core:/home/jerome/ws_moveit2/install/srdfdom:/home/jerome/ws_moveit2/install/rviz_marker_tools:/home/jerome/ws_moveit2/install/rosparam_shortcuts:/home/jerome/ws_moveit2/install/moveit_task_constructor_msgs:/home/jerome/ws_moveit2/install/moveit_resources_prbt_support:/home/jerome/ws_moveit2/install/moveit_resources:/home/jerome/ws_moveit2/install/moveit_resources_pr2_description:/home/jerome/ws_moveit2/install/moveit_resources_panda_moveit_config:/home/jerome/ws_moveit2/install/moveit_resources_panda_description:/home/jerome/ws_moveit2/install/moveit_resources_fanuc_moveit_config:/home/jerome/ws_moveit2/install/moveit_resources_fanuc_description:/home/jerome/ws_moveit2/install/moveit_common:/home/jerome/ws_moveit2/install/moveit_configs_utils:/home/jerome/ws_moveit2/install/launch_param_builder:/opt/ros/humble /usr/bin/cmake --build /home/jerome/arm_base/build/arm_urdf_moveit_config -- -j16 -l16
[0.414s] DEBUG:colcon.colcon_core.event_handler.log_command:Invoking command in '/home/jerome/arm_base/build/arm_urdf_moveit_config': CMAKE_PREFIX_PATH=/home/jerome/arm_base/install/arm_urdf:/home/jerome/arm_base/install/arm_urdf_moveit_config:/home/jerome/ws_moveit2/install/trac_ik:/home/jerome/ws_moveit2/install/trac_ik_kinematics:/home/jerome/ws_moveit2/install/trac_ik_examples:/home/jerome/ws_moveit2/install/trac_ik_lib:/home/jerome/ws_moveit2/install/pilz_industrial_motion_planner_testutils:/home/jerome/ws_moveit2/install/moveit_runtime:/home/jerome/ws_moveit2/install/moveit2_tutorials:/home/jerome/ws_moveit2/install/moveit:/home/jerome/ws_moveit2/install/moveit_planners:/home/jerome/ws_moveit2/install/pilz_industrial_motion_planner:/home/jerome/ws_moveit2/install/moveit_visual_tools:/home/jerome/ws_moveit2/install/moveit_task_constructor_visualization:/home/jerome/ws_moveit2/install/moveit_task_constructor_demo:/home/jerome/ws_moveit2/install/moveit_task_constructor_capabilities:/home/jerome/ws_moveit2/install/moveit_task_constructor_core:/home/jerome/ws_moveit2/install/moveit_ros_control_interface:/home/jerome/ws_moveit2/install/moveit_plugins:/home/jerome/ws_moveit2/install/moveit_simple_controller_manager:/home/jerome/ws_moveit2/install/moveit_setup_assistant:/home/jerome/ws_moveit2/install/moveit_setup_srdf_plugins:/home/jerome/ws_moveit2/install/moveit_setup_core_plugins:/home/jerome/ws_moveit2/install/moveit_setup_controllers:/home/jerome/ws_moveit2/install/moveit_setup_app_plugins:/home/jerome/ws_moveit2/install/moveit_setup_framework:/home/jerome/ws_moveit2/install/moveit_servo:/home/jerome/ws_moveit2/install/moveit_ros:/home/jerome/ws_moveit2/install/moveit_ros_visualization:/home/jerome/ws_moveit2/install/moveit_hybrid_planning:/home/jerome/ws_moveit2/install/moveit_ros_planning_interface:/home/jerome/ws_moveit2/install/moveit_ros_benchmarks:/home/jerome/ws_moveit2/install/moveit_ros_warehouse:/home/jerome/ws_moveit2/install/moveit_ros_robot_interaction:/home/jerome/ws_moveit2/install/moveit_ros_perception:/home/jerome/ws_moveit2/install/moveit_resources_prbt_pg70_support:/home/jerome/ws_moveit2/install/moveit_resources_prbt_moveit_config:/home/jerome/ws_moveit2/install/moveit_ros_move_group:/home/jerome/ws_moveit2/install/moveit_planners_ompl:/home/jerome/ws_moveit2/install/moveit_ros_planning:/home/jerome/ws_moveit2/install/moveit_ros_occupancy_map_monitor:/home/jerome/ws_moveit2/install/moveit_resources_prbt_ikfast_manipulator_plugin:/home/jerome/ws_moveit2/install/moveit_planners_chomp:/home/jerome/ws_moveit2/install/moveit_kinematics:/home/jerome/ws_moveit2/install/moveit_chomp_optimizer_adapter:/home/jerome/ws_moveit2/install/chomp_motion_planner:/home/jerome/ws_moveit2/install/moveit_core:/home/jerome/ws_moveit2/install/srdfdom:/home/jerome/ws_moveit2/install/rviz_marker_tools:/home/jerome/ws_moveit2/install/rosparam_shortcuts:/home/jerome/ws_moveit2/install/moveit_task_constructor_msgs:/home/jerome/ws_moveit2/install/moveit_resources_prbt_support:/home/jerome/ws_moveit2/install/moveit_resources:/home/jerome/ws_moveit2/install/moveit_resources_pr2_description:/home/jerome/ws_moveit2/install/moveit_resources_panda_moveit_config:/home/jerome/ws_moveit2/install/moveit_resources_panda_description:/home/jerome/ws_moveit2/install/moveit_resources_fanuc_moveit_config:/home/jerome/ws_moveit2/install/moveit_resources_fanuc_description:/home/jerome/ws_moveit2/install/moveit_common:/home/jerome/ws_moveit2/install/moveit_configs_utils:/home/jerome/ws_moveit2/install/launch_param_builder:/opt/ros/humble /usr/bin/cmake --install /home/jerome/arm_base/build/arm_urdf_moveit_config
[0.429s] Level 1:colcon.colcon_core.environment:create_environment_scripts_only(arm_urdf_moveit_config)
[0.429s] Level 1:colcon.colcon_core.environment:checking '/home/jerome/arm_base/install/arm_urdf_moveit_config' for CMake module files
[0.430s] DEBUG:colcon.colcon_core.event_handler.log_command:Invoked command in '/home/jerome/arm_base/build/arm_urdf_moveit_config' returned '0': CMAKE_PREFIX_PATH=/home/jerome/arm_base/install/arm_urdf:/home/jerome/arm_base/install/arm_urdf_moveit_config:/home/jerome/ws_moveit2/install/trac_ik:/home/jerome/ws_moveit2/install/trac_ik_kinematics:/home/jerome/ws_moveit2/install/trac_ik_examples:/home/jerome/ws_moveit2/install/trac_ik_lib:/home/jerome/ws_moveit2/install/pilz_industrial_motion_planner_testutils:/home/jerome/ws_moveit2/install/moveit_runtime:/home/jerome/ws_moveit2/install/moveit2_tutorials:/home/jerome/ws_moveit2/install/moveit:/home/jerome/ws_moveit2/install/moveit_planners:/home/jerome/ws_moveit2/install/pilz_industrial_motion_planner:/home/jerome/ws_moveit2/install/moveit_visual_tools:/home/jerome/ws_moveit2/install/moveit_task_constructor_visualization:/home/jerome/ws_moveit2/install/moveit_task_constructor_demo:/home/jerome/ws_moveit2/install/moveit_task_constructor_capabilities:/home/jerome/ws_moveit2/install/moveit_task_constructor_core:/home/jerome/ws_moveit2/install/moveit_ros_control_interface:/home/jerome/ws_moveit2/install/moveit_plugins:/home/jerome/ws_moveit2/install/moveit_simple_controller_manager:/home/jerome/ws_moveit2/install/moveit_setup_assistant:/home/jerome/ws_moveit2/install/moveit_setup_srdf_plugins:/home/jerome/ws_moveit2/install/moveit_setup_core_plugins:/home/jerome/ws_moveit2/install/moveit_setup_controllers:/home/jerome/ws_moveit2/install/moveit_setup_app_plugins:/home/jerome/ws_moveit2/install/moveit_setup_framework:/home/jerome/ws_moveit2/install/moveit_servo:/home/jerome/ws_moveit2/install/moveit_ros:/home/jerome/ws_moveit2/install/moveit_ros_visualization:/home/jerome/ws_moveit2/install/moveit_hybrid_planning:/home/jerome/ws_moveit2/install/moveit_ros_planning_interface:/home/jerome/ws_moveit2/install/moveit_ros_benchmarks:/home/jerome/ws_moveit2/install/moveit_ros_warehouse:/home/jerome/ws_moveit2/install/moveit_ros_robot_interaction:/home/jerome/ws_moveit2/install/moveit_ros_perception:/home/jerome/ws_moveit2/install/moveit_resources_prbt_pg70_support:/home/jerome/ws_moveit2/install/moveit_resources_prbt_moveit_config:/home/jerome/ws_moveit2/install/moveit_ros_move_group:/home/jerome/ws_moveit2/install/moveit_planners_ompl:/home/jerome/ws_moveit2/install/moveit_ros_planning:/home/jerome/ws_moveit2/install/moveit_ros_occupancy_map_monitor:/home/jerome/ws_moveit2/install/moveit_resources_prbt_ikfast_manipulator_plugin:/home/jerome/ws_moveit2/install/moveit_planners_chomp:/home/jerome/ws_moveit2/install/moveit_kinematics:/home/jerome/ws_moveit2/install/moveit_chomp_optimizer_adapter:/home/jerome/ws_moveit2/install/chomp_motion_planner:/home/jerome/ws_moveit2/install/moveit_core:/home/jerome/ws_moveit2/install/srdfdom:/home/jerome/ws_moveit2/install/rviz_marker_tools:/home/jerome/ws_moveit2/install/rosparam_shortcuts:/home/jerome/ws_moveit2/install/moveit_task_constructor_msgs:/home/jerome/ws_moveit2/install/moveit_resources_prbt_support:/home/jerome/ws_moveit2/install/moveit_resources:/home/jerome/ws_moveit2/install/moveit_resources_pr2_description:/home/jerome/ws_moveit2/install/moveit_resources_panda_moveit_config:/home/jerome/ws_moveit2/install/moveit_resources_panda_description:/home/jerome/ws_moveit2/install/moveit_resources_fanuc_moveit_config:/home/jerome/ws_moveit2/install/moveit_resources_fanuc_description:/home/jerome/ws_moveit2/install/moveit_common:/home/jerome/ws_moveit2/install/moveit_configs_utils:/home/jerome/ws_moveit2/install/launch_param_builder:/opt/ros/humble /usr/bin/cmake --install /home/jerome/arm_base/build/arm_urdf_moveit_config
[0.430s] Level 1:colcon.colcon_core.environment:checking '/home/jerome/arm_base/install/arm_urdf_moveit_config' for CMake config files
[0.430s] Level 1:colcon.colcon_core.shell:create_environment_hook('arm_urdf_moveit_config', 'cmake_prefix_path')
[0.430s] INFO:colcon.colcon_core.shell:Creating environment hook '/home/jerome/arm_base/install/arm_urdf_moveit_config/share/arm_urdf_moveit_config/hook/cmake_prefix_path.ps1'
[0.431s] INFO:colcon.colcon_core.shell:Creating environment descriptor '/home/jerome/arm_base/install/arm_urdf_moveit_config/share/arm_urdf_moveit_config/hook/cmake_prefix_path.dsv'
[0.431s] INFO:colcon.colcon_core.shell:Creating environment hook '/home/jerome/arm_base/install/arm_urdf_moveit_config/share/arm_urdf_moveit_config/hook/cmake_prefix_path.sh'
[0.432s] Level 1:colcon.colcon_core.environment:checking '/home/jerome/arm_base/install/arm_urdf_moveit_config/bin'
[0.432s] Level 1:colcon.colcon_core.environment:checking '/home/jerome/arm_base/install/arm_urdf_moveit_config/lib/pkgconfig/arm_urdf_moveit_config.pc'
[0.432s] Level 1:colcon.colcon_core.environment:checking '/home/jerome/arm_base/install/arm_urdf_moveit_config/lib/python3.10/site-packages'
[0.433s] Level 1:colcon.colcon_core.environment:checking '/home/jerome/arm_base/install/arm_urdf_moveit_config/bin'
[0.433s] INFO:colcon.colcon_core.shell:Creating package script '/home/jerome/arm_base/install/arm_urdf_moveit_config/share/arm_urdf_moveit_config/package.ps1'
[0.434s] INFO:colcon.colcon_core.shell:Creating package descriptor '/home/jerome/arm_base/install/arm_urdf_moveit_config/share/arm_urdf_moveit_config/package.dsv'
[0.434s] INFO:colcon.colcon_core.shell:Creating package script '/home/jerome/arm_base/install/arm_urdf_moveit_config/share/arm_urdf_moveit_config/package.sh'
[0.434s] INFO:colcon.colcon_core.shell:Creating package script '/home/jerome/arm_base/install/arm_urdf_moveit_config/share/arm_urdf_moveit_config/package.bash'
[0.435s] INFO:colcon.colcon_core.shell:Creating package script '/home/jerome/arm_base/install/arm_urdf_moveit_config/share/arm_urdf_moveit_config/package.zsh'
[0.435s] Level 1:colcon.colcon_core.environment:create_file_with_runtime_dependencies(/home/jerome/arm_base/install/arm_urdf_moveit_config/share/colcon-core/packages/arm_urdf_moveit_config)
[0.436s] Level 1:colcon.colcon_core.environment:create_environment_scripts_only(arm_urdf_moveit_config)
[0.436s] Level 1:colcon.colcon_core.environment:checking '/home/jerome/arm_base/install/arm_urdf_moveit_config' for CMake module files
[0.436s] Level 1:colcon.colcon_core.environment:checking '/home/jerome/arm_base/install/arm_urdf_moveit_config' for CMake config files
[0.436s] Level 1:colcon.colcon_core.shell:create_environment_hook('arm_urdf_moveit_config', 'cmake_prefix_path')
[0.437s] INFO:colcon.colcon_core.shell:Creating environment hook '/home/jerome/arm_base/install/arm_urdf_moveit_config/share/arm_urdf_moveit_config/hook/cmake_prefix_path.ps1'
[0.437s] INFO:colcon.colcon_core.shell:Creating environment descriptor '/home/jerome/arm_base/install/arm_urdf_moveit_config/share/arm_urdf_moveit_config/hook/cmake_prefix_path.dsv'
[0.437s] INFO:colcon.colcon_core.shell:Creating environment hook '/home/jerome/arm_base/install/arm_urdf_moveit_config/share/arm_urdf_moveit_config/hook/cmake_prefix_path.sh'
[0.438s] Level 1:colcon.colcon_core.environment:checking '/home/jerome/arm_base/install/arm_urdf_moveit_config/bin'
[0.438s] Level 1:colcon.colcon_core.environment:checking '/home/jerome/arm_base/install/arm_urdf_moveit_config/lib/pkgconfig/arm_urdf_moveit_config.pc'
[0.438s] Level 1:colcon.colcon_core.environment:checking '/home/jerome/arm_base/install/arm_urdf_moveit_config/lib/python3.10/site-packages'
[0.439s] Level 1:colcon.colcon_core.environment:checking '/home/jerome/arm_base/install/arm_urdf_moveit_config/bin'
[0.439s] INFO:colcon.colcon_core.shell:Creating package script '/home/jerome/arm_base/install/arm_urdf_moveit_config/share/arm_urdf_moveit_config/package.ps1'
[0.440s] INFO:colcon.colcon_core.shell:Creating package descriptor '/home/jerome/arm_base/install/arm_urdf_moveit_config/share/arm_urdf_moveit_config/package.dsv'
[0.440s] INFO:colcon.colcon_core.shell:Creating package script '/home/jerome/arm_base/install/arm_urdf_moveit_config/share/arm_urdf_moveit_config/package.sh'
[0.440s] INFO:colcon.colcon_core.shell:Creating package script '/home/jerome/arm_base/install/arm_urdf_moveit_config/share/arm_urdf_moveit_config/package.bash'
[0.441s] INFO:colcon.colcon_core.shell:Creating package script '/home/jerome/arm_base/install/arm_urdf_moveit_config/share/arm_urdf_moveit_config/package.zsh'
[0.441s] Level 1:colcon.colcon_core.environment:create_file_with_runtime_dependencies(/home/jerome/arm_base/install/arm_urdf_moveit_config/share/colcon-core/packages/arm_urdf_moveit_config)
[0.441s] DEBUG:colcon.colcon_parallel_executor.executor.parallel:closing loop
[0.442s] DEBUG:colcon.colcon_parallel_executor.executor.parallel:loop closed
[0.442s] DEBUG:colcon.colcon_parallel_executor.executor.parallel:run_until_complete finished with '0'
[0.442s] DEBUG:colcon.colcon_core.event_reactor:joining thread
[0.448s] INFO:colcon.colcon_core.plugin_system:Skipping extension 'colcon_notification.desktop_notification.terminal_notifier': Not used on non-Darwin systems
[0.448s] INFO:colcon.colcon_core.plugin_system:Skipping extension 'colcon_notification.desktop_notification.win32': Not used on non-Windows systems
[0.448s] INFO:colcon.colcon_notification.desktop_notification:Sending desktop notification using 'notify2'
[0.460s] DEBUG:colcon.colcon_core.event_reactor:joined thread
[0.461s] INFO:colcon.colcon_core.shell:Creating prefix script '/home/jerome/arm_base/install/local_setup.ps1'
[0.462s] INFO:colcon.colcon_core.shell:Creating prefix util module '/home/jerome/arm_base/install/_local_setup_util_ps1.py'
[0.464s] INFO:colcon.colcon_core.shell:Creating prefix chain script '/home/jerome/arm_base/install/setup.ps1'
[0.467s] INFO:colcon.colcon_core.shell:Creating prefix script '/home/jerome/arm_base/install/local_setup.sh'
[0.467s] INFO:colcon.colcon_core.shell:Creating prefix util module '/home/jerome/arm_base/install/_local_setup_util_sh.py'
[0.468s] INFO:colcon.colcon_core.shell:Creating prefix chain script '/home/jerome/arm_base/install/setup.sh'
[0.469s] INFO:colcon.colcon_core.shell:Creating prefix script '/home/jerome/arm_base/install/local_setup.bash'
[0.470s] INFO:colcon.colcon_core.shell:Creating prefix chain script '/home/jerome/arm_base/install/setup.bash'
[0.471s] INFO:colcon.colcon_core.shell:Creating prefix script '/home/jerome/arm_base/install/local_setup.zsh'
[0.472s] INFO:colcon.colcon_core.shell:Creating prefix chain script '/home/jerome/arm_base/install/setup.zsh'
